C:/ncs/v2.2.0/modules/hal/nordic/nrfx/hal/nrf_gpio.h:989:24:nrf_gpio_pin_present_check	0	static
C:/ncs/v2.2.0/modules/hal/nordic/nrfx/drivers/src/nrfx_twim.c:143:19:twi_process_error	0	static
C:/ncs/v2.2.0/modules/hal/nordic/nrfx/drivers/src/nrfx_twim.c:165:13:xfer_completeness_check	0	static
C:/ncs/v2.2.0/modules/hal/nordic/nrfx/drivers/src/nrfx_twim.c:409:13:twim_list_enable_handle	0	static
C:/ncs/v2.2.0/modules/hal/nordic/nrfx/hal/nrf_gpio.h:581:35:nrf_gpio_pin_port_decode	16	static
C:/ncs/v2.2.0/modules/hal/nordic/nrfx/hal/nrf_gpio.h:621:24:nrf_gpio_cfg	32	static
C:/ncs/v2.2.0/modules/hal/nordic/nrfx/drivers/src/nrfx_twim.c:220:13:twim_pins_configure	32	static
C:/ncs/v2.2.0/modules/hal/nordic/nrfx/hal/nrf_gpio.h:696:24:nrf_gpio_cfg_default	16	static
C:/ncs/v2.2.0/modules/hal/nordic/nrfx/drivers/src/nrfx_twim.c:429:19:twim_xfer	32	static
C:/ncs/v2.2.0/modules/hal/nordic/nrfx/drivers/src/nrfx_twim.c:706:13:twim_irq_handler	40	static
C:/ncs/v2.2.0/modules/hal/nordic/nrfx/drivers/src/nrfx_twim.c:272:12:nrfx_twim_init	24	static
C:/ncs/v2.2.0/modules/hal/nordic/nrfx/drivers/src/nrfx_twim.c:374:6:nrfx_twim_enable	8	static
C:/ncs/v2.2.0/modules/hal/nordic/nrfx/drivers/src/nrfx_twim.c:385:6:nrfx_twim_disable	8	static
C:/ncs/v2.2.0/modules/hal/nordic/nrfx/drivers/src/nrfx_twim.c:349:6:nrfx_twim_uninit	16	static
C:/ncs/v2.2.0/modules/hal/nordic/nrfx/drivers/src/nrfx_twim.c:402:6:nrfx_twim_is_busy	0	static
C:/ncs/v2.2.0/modules/hal/nordic/nrfx/drivers/src/nrfx_twim.c:661:12:nrfx_twim_xfer	8	static
C:/ncs/v2.2.0/modules/hal/nordic/nrfx/drivers/src/nrfx_twim.c:694:10:nrfx_twim_start_task_get	0	static
C:/ncs/v2.2.0/modules/hal/nordic/nrfx/drivers/src/nrfx_twim.c:701:10:nrfx_twim_stopped_event_get	0	static
C:/ncs/v2.2.0/modules/hal/nordic/nrfx/drivers/src/nrfx_twim.c:879:6:nrfx_twim_1_irq_handler	8	static
