C:/ncs/v2.2.0/modules/hal/nordic/nrfx/mdk/nrf53_erratas.h:326:13:nrf53_errata_4	0	static
C:/ncs/v2.2.0/modules/hal/nordic/nrfx/drivers/src/nrfx_clock.c:238:26:clock_initial_lfclksrc_get	0	static
C:/ncs/v2.2.0/modules/hal/nordic/nrfx/hal/nrf_clock.h:786:24:nrf_clock_is_running	8	static
C:/ncs/v2.2.0/modules/hal/nordic/nrfx/drivers/include/nrfx_power_clock.h:44:22:nrfx_power_clock_irq_init	8	static
C:/ncs/v2.2.0/modules/hal/nordic/nrfx/drivers/src/nrfx_clock.c:187:13:clock_stop	24	static
C:/ncs/v2.2.0/modules/hal/nordic/nrfx/drivers/src/nrfx_clock.c:258:13:clock_lfclksrc_tweak	16	static
C:/ncs/v2.2.0/modules/hal/nordic/nrfx/drivers/src/nrfx_clock.c:275:12:nrfx_clock_init	8	static
C:/ncs/v2.2.0/modules/hal/nordic/nrfx/drivers/src/nrfx_clock.c:300:6:nrfx_clock_enable	8	static
C:/ncs/v2.2.0/modules/hal/nordic/nrfx/drivers/src/nrfx_clock.c:318:6:nrfx_clock_disable	8	static
C:/ncs/v2.2.0/modules/hal/nordic/nrfx/drivers/src/nrfx_clock.c:343:6:nrfx_clock_uninit	8	static
C:/ncs/v2.2.0/modules/hal/nordic/nrfx/drivers/src/nrfx_clock.c:358:6:nrfx_clock_start	16	static
C:/ncs/v2.2.0/modules/hal/nordic/nrfx/drivers/src/nrfx_clock.c:427:6:nrfx_clock_stop	8	static
C:/ncs/v2.2.0/modules/hal/nordic/nrfx/drivers/src/nrfx_clock.c:433:12:nrfx_clock_calibration_start	0	static
C:/ncs/v2.2.0/modules/hal/nordic/nrfx/drivers/src/nrfx_clock.c:476:12:nrfx_clock_is_calibrating	0	static
C:/ncs/v2.2.0/modules/hal/nordic/nrfx/drivers/src/nrfx_clock.c:487:6:nrfx_clock_calibration_timer_start	0	static
C:/ncs/v2.2.0/modules/hal/nordic/nrfx/drivers/src/nrfx_clock.c:500:6:nrfx_clock_calibration_timer_stop	0	static
C:/ncs/v2.2.0/modules/hal/nordic/nrfx/drivers/src/nrfx_clock.c:510:12:nrfx_clock_divider_set	8	static
C:/ncs/v2.2.0/modules/hal/nordic/nrfx/drivers/src/nrfx_clock.c:586:6:nrfx_power_clock_irq_handler	8	static
