C:/ncs/v2.2.0/zephyr/include/zephyr/sys/sflist.h:373:1:sys_sflist_append	0	static
C:/ncs/v2.2.0/zephyr/include/zephyr/sys/sflist.h:391:1:sys_sflist_append_list	4	static
C:/ncs/v2.2.0/zephyr/include/zephyr/sys/sflist.h:420:1:sys_sflist_insert	8	static
C:/ncs/v2.2.0/zephyr/include/zephyr/sys/sflist.h:463:1:sys_sflist_remove	4	static
C:/ncs/v2.2.0/zephyr/include/zephyr/sys/sflist.h:478:1:sys_sflist_find_and_remove	8	static
C:/ncs/v2.2.0/zephyr/kernel/queue.c:81:13:prepare_thread_to_run	8	static
C:/ncs/v2.2.0/zephyr/kernel/queue.c:120:16:queue_insert	40	static
C:/ncs/v2.2.0/zephyr/kernel/queue.c:30:7:z_queue_node_peek	8	static
C:/ncs/v2.2.0/zephyr/kernel/queue.c:58:6:z_impl_k_queue_init	0	static
C:/ncs/v2.2.0/zephyr/kernel/queue.c:94:6:z_impl_k_queue_cancel_wait	16	static
C:/ncs/v2.2.0/zephyr/kernel/queue.c:175:6:k_queue_insert	16	static
C:/ncs/v2.2.0/zephyr/kernel/queue.c:184:6:k_queue_append	16	static
C:/ncs/v2.2.0/zephyr/kernel/queue.c:193:6:k_queue_prepend	16	static
C:/ncs/v2.2.0/zephyr/kernel/queue.c:202:9:z_impl_k_queue_alloc_append	16	static
C:/ncs/v2.2.0/zephyr/kernel/queue.c:223:9:z_impl_k_queue_alloc_prepend	16	static
C:/ncs/v2.2.0/zephyr/kernel/queue.c:244:5:k_queue_append_list	32	static
C:/ncs/v2.2.0/zephyr/kernel/queue.c:279:5:k_queue_merge_slist	8	static
C:/ncs/v2.2.0/zephyr/kernel/queue.c:314:7:z_impl_k_queue_get	40	static
C:/ncs/v2.2.0/zephyr/kernel/queue.c:351:6:k_queue_remove	8	static
C:/ncs/v2.2.0/zephyr/kernel/queue.c:362:6:k_queue_unique_append	8	static
C:/ncs/v2.2.0/zephyr/kernel/queue.c:383:7:z_impl_k_queue_peek_head	8	static
C:/ncs/v2.2.0/zephyr/kernel/queue.c:392:7:z_impl_k_queue_peek_tail	8	static
