C:/ncs/v2.2.0/modules/hal/nordic/nrfx/hal/nrf_gpio.h:989:24:nrf_gpio_pin_present_check	0	static
C:/ncs/v2.2.0/modules/hal/nordic/nrfx/hal/nrf_gpio.h:581:35:nrf_gpio_pin_port_decode	16	static
C:/ncs/v2.2.0/modules/hal/nordic/nrfx/hal/nrf_gpio.h:772:24:nrf_gpio_pin_clear	16	static
C:/ncs/v2.2.0/modules/hal/nordic/nrfx/hal/nrf_gpio.h:764:24:nrf_gpio_pin_set	16	static
C:/ncs/v2.2.0/modules/hal/nordic/nrfx/hal/nrf_gpio.h:790:24:nrf_gpio_pin_write	8	static
C:/ncs/v2.2.0/modules/hal/nordic/nrfx/hal/nrf_gpio.h:621:24:nrf_gpio_cfg	32	static
C:/ncs/v2.2.0/zephyr/drivers/pinctrl/pinctrl_nrf.c:83:5:pinctrl_configure_pins	56	static
