C:/ncs/v2.2.0/zephyr/subsys/logging/log_mgmt.c:56:13:domain_id_cmp	0	static
C:/ncs/v2.2.0/zephyr/subsys/logging/log_mgmt.c:61:13:source_id_cmp	0	static
C:/ncs/v2.2.0/zephyr/subsys/logging/log_mgmt.c:327:18:get_dynamic_filter	0	static
C:/ncs/v2.2.0/zephyr/subsys/logging/log_mgmt.c:369:17:max_filter_get	0	static
C:/ncs/v2.2.0/zephyr/subsys/logging/log_mgmt.c:386:13:set_runtime_filter	24	static
C:/ncs/v2.2.0/zephyr/subsys/logging/log_mgmt.c:82:31:get_link_domain	8	static
C:/ncs/v2.2.0/zephyr/include/zephyr/logging/log_link.h:180:24:log_link_sources_count	8	static
C:/ncs/v2.2.0/zephyr/subsys/logging/log_mgmt.c:107:17:get_source_offset	24	static
C:/ncs/v2.2.0/zephyr/include/zephyr/logging/log_link.h:166:23:log_link_domains_count	8	static
C:/ncs/v2.2.0/zephyr/include/zephyr/logging/log_link.h:261:19:log_link_set_runtime_level	8	static
C:/ncs/v2.2.0/zephyr/include/zephyr/logging/log_backend.h:234:23:log_backend_id_get	8	static
C:/ncs/v2.2.0/zephyr/include/zephyr/logging/log_backend.h:219:20:log_backend_id_set	8	static
C:/ncs/v2.2.0/zephyr/include/zephyr/logging/log_backend.h:276:20:log_backend_activate	8	static
C:/ncs/v2.2.0/zephyr/include/zephyr/logging/log_backend.h:303:20:log_backend_is_active	8	static
C:/ncs/v2.2.0/zephyr/include/zephyr/logging/log_backend.h:289:20:log_backend_deactivate	8	static
C:/ncs/v2.2.0/zephyr/include/zephyr/logging/log_link.h:122:19:log_link_initiate	8	static
C:/ncs/v2.2.0/zephyr/include/zephyr/logging/log_link.h:141:19:log_link_activate	8	static
C:/ncs/v2.2.0/zephyr/subsys/logging/log_mgmt.c:149:13:cache_init	8	static
C:/ncs/v2.2.0/zephyr/subsys/logging/log_mgmt.c:132:12:link_filters_init	48	static
C:/ncs/v2.2.0/zephyr/subsys/logging/log_mgmt.c:119:11:z_log_link_get_dynamic_filter	24	static
C:/ncs/v2.2.0/zephyr/subsys/logging/log_mgmt.c:172:9:z_log_ext_domain_count	16	static
C:/ncs/v2.2.0/zephyr/subsys/logging/log_mgmt.c:193:10:log_src_cnt_get	0	static
C:/ncs/v2.2.0/zephyr/subsys/logging/log_mgmt.c:238:13:log_source_name_get	8	static
C:/ncs/v2.2.0/zephyr/subsys/logging/log_mgmt.c:283:13:log_domain_name_get	0	static
C:/ncs/v2.2.0/zephyr/subsys/logging/log_mgmt.c:304:9:log_compiled_level_get	8	static
C:/ncs/v2.2.0/zephyr/subsys/logging/log_mgmt.c:317:5:z_log_link_set_runtime_level	24	static
C:/ncs/v2.2.0/zephyr/subsys/logging/log_mgmt.c:336:6:z_log_runtime_filters_init	8	static
C:/ncs/v2.2.0/zephyr/subsys/logging/log_mgmt.c:358:5:log_source_id_get	16	static
C:/ncs/v2.2.0/zephyr/subsys/logging/log_mgmt.c:498:27:log_backend_get_by_name	16	static
C:/ncs/v2.2.0/zephyr/subsys/logging/log_mgmt.c:535:10:log_filter_get	24	static
C:/ncs/v2.2.0/zephyr/subsys/logging/log_mgmt.c:409:10:z_impl_log_filter_set	24	static
zephyr/include/generated/syscalls/log_ctrl.h:91:24:log_filter_set	8	static
C:/ncs/v2.2.0/zephyr/subsys/logging/log_mgmt.c:477:13:backend_filter_set	16	static
C:/ncs/v2.2.0/zephyr/subsys/logging/log_mgmt.c:509:6:log_backend_enable	16	static
C:/ncs/v2.2.0/zephyr/subsys/logging/log_mgmt.c:526:6:log_backend_disable	8	static
C:/ncs/v2.2.0/zephyr/subsys/logging/log_mgmt.c:461:13:link_filter_set	32	static
C:/ncs/v2.2.0/zephyr/subsys/logging/log_mgmt.c:568:13:backends_link_init	16	static
C:/ncs/v2.2.0/zephyr/subsys/logging/log_mgmt.c:552:6:z_log_links_initiate	8	static
C:/ncs/v2.2.0/zephyr/subsys/logging/log_mgmt.c:582:10:z_log_links_activate	24	static
