C:/ncs/v2.2.0/zephyr/include/zephyr/sys/slist.h:401:1:sys_slist_remove	0	static
C:/ncs/v2.2.0/zephyr/include/zephyr/sys/slist.h:417:1:sys_slist_find_and_remove	8	static
C:/ncs/v2.2.0/zephyr/subsys/bluetooth/host/conn_internal.h:299:20:bt_conn_is_handle_valid	0	static
C:/ncs/v2.2.0/zephyr/subsys/bluetooth/host/conn.c:154:27:state2str	0	static
C:/ncs/v2.2.0/zephyr/subsys/bluetooth/host/conn.c:2036:13:reset_pairing	0	static
C:/ncs/v2.2.0/zephyr/subsys/bluetooth/host/conn.c:180:13:tx_free	8	static
C:/ncs/v2.2.0/zephyr/subsys/bluetooth/host/conn.c:188:13:tx_notify	16	static
C:/ncs/v2.2.0/zephyr/subsys/bluetooth/host/conn.c:1277:13:tx_complete_work	8	static
C:/ncs/v2.2.0/zephyr/subsys/bluetooth/host/conn.c:1375:13:notify_disconnected	16	static
C:/ncs/v2.2.0/zephyr/subsys/bluetooth/host/conn.c:54:13:conn_tx_destroy	16	static
C:/ncs/v2.2.0/zephyr/subsys/bluetooth/host/conn.c:1358:13:notify_connected	16	static
C:/ncs/v2.2.0/zephyr/subsys/bluetooth/host/conn.c:2281:27:conn_internal_to_public_state	16	static
C:/ncs/v2.2.0/zephyr/include/zephyr/sys/atomic.h:152:20:atomic_test_and_clear_bit	4	static
C:/ncs/v2.2.0/zephyr/include/zephyr/sys/atomic.h:131:20:atomic_test_bit	0	static
C:/ncs/v2.2.0/zephyr/include/zephyr/sys/atomic.h:237:20:atomic_set_bit_to	0	static
C:/ncs/v2.2.0/zephyr/subsys/bluetooth/host/conn.c:374:27:conn_tx_alloc	8	static
C:/ncs/v2.2.0/zephyr/subsys/bluetooth/host/conn.c:470:12:send_iso	16	static
C:/ncs/v2.2.0/zephyr/subsys/bluetooth/host/conn.c:444:12:send_acl	16	static
C:/ncs/v2.2.0/zephyr/include/zephyr/bluetooth/addr.h:126:20:bt_addr_le_copy	0	static
C:/ncs/v2.2.0/zephyr/subsys/bluetooth/host/conn.c:2403:12:bt_conn_get_tx_power_level	32	static
C:/ncs/v2.2.0/zephyr/subsys/bluetooth/host/conn.c:2089:12:start_security	8	static
C:/ncs/v2.2.0/zephyr/subsys/bluetooth/host/conn.c:118:5:bt_conn_iso_init	8	static
C:/ncs/v2.2.0/zephyr/subsys/bluetooth/host/conn.c:128:15:bt_conn_get_pkts	0	static
C:/ncs/v2.2.0/zephyr/subsys/bluetooth/host/conn.c:501:13:send_frag	72	dynamic,bounded
C:/ncs/v2.2.0/zephyr/subsys/bluetooth/host/conn.c:812:13:process_unack_tx	8	static
C:/ncs/v2.2.0/zephyr/subsys/bluetooth/host/conn.c:226:17:bt_conn_new	16	static
C:/ncs/v2.2.0/zephyr/subsys/bluetooth/host/conn.c:1685:24:acl_conn_new	8	static
C:/ncs/v2.2.0/zephyr/subsys/bluetooth/host/conn.c:254:6:bt_conn_reset_rx_state	8	static
C:/ncs/v2.2.0/zephyr/subsys/bluetooth/host/conn.c:264:13:bt_acl_recv	168	dynamic,bounded
C:/ncs/v2.2.0/zephyr/subsys/bluetooth/host/conn.c:675:13:conn_cleanup	16	static
C:/ncs/v2.2.0/zephyr/subsys/bluetooth/host/conn.c:718:12:conn_prepare_events	16	static
C:/ncs/v2.2.0/zephyr/subsys/bluetooth/host/conn.c:353:6:bt_conn_recv	16	static
C:/ncs/v2.2.0/zephyr/subsys/bluetooth/host/conn.c:397:5:bt_conn_send_cb	104	static
C:/ncs/v2.2.0/zephyr/subsys/bluetooth/host/conn.c:746:5:bt_conn_prepare_events	16	static
C:/ncs/v2.2.0/zephyr/subsys/bluetooth/host/conn.c:1140:17:bt_conn_ref	8	static
C:/ncs/v2.2.0/zephyr/subsys/bluetooth/host/conn.c:1164:6:bt_conn_unref	8	static
C:/ncs/v2.2.0/zephyr/subsys/bluetooth/host/conn.c:1576:24:conn_lookup_iso	16	static
C:/ncs/v2.2.0/zephyr/subsys/bluetooth/host/conn.c:849:17:conn_lookup_handle	24	static
C:/ncs/v2.2.0/zephyr/subsys/bluetooth/host/conn.c:1059:17:bt_conn_lookup_handle	8	static
C:/ncs/v2.2.0/zephyr/subsys/bluetooth/host/conn.c:878:6:bt_conn_set_state	128	dynamic,bounded
C:/ncs/v2.2.0/zephyr/subsys/bluetooth/host/conn.c:702:13:conn_destroy	16	static
C:/ncs/v2.2.0/zephyr/subsys/bluetooth/host/conn.c:1297:12:conn_disconnect	16	static
C:/ncs/v2.2.0/zephyr/subsys/bluetooth/host/conn.c:1087:6:bt_conn_foreach	24	static
C:/ncs/v2.2.0/zephyr/subsys/bluetooth/host/conn.c:713:6:bt_conn_cleanup_all	8	static
C:/ncs/v2.2.0/zephyr/subsys/bluetooth/host/conn.c:1181:9:bt_conn_index	8	static
C:/ncs/v2.2.0/zephyr/subsys/bluetooth/host/conn.c:1221:17:bt_conn_create_pdu_timeout	56	static
C:/ncs/v2.2.0/zephyr/subsys/bluetooth/host/conn.c:1291:6:bt_conn_connected	8	static
C:/ncs/v2.2.0/zephyr/subsys/bluetooth/host/conn.c:1313:5:bt_conn_disconnect	8	static
C:/ncs/v2.2.0/zephyr/subsys/bluetooth/host/conn.c:1419:6:notify_le_param_updated	16	static
C:/ncs/v2.2.0/zephyr/subsys/bluetooth/host/conn.c:1489:6:le_param_req	24	static
C:/ncs/v2.2.0/zephyr/subsys/bluetooth/host/conn.c:1942:6:bt_conn_identity_resolved	16	static
C:/ncs/v2.2.0/zephyr/subsys/bluetooth/host/conn.c:1966:5:bt_conn_le_start_encryption	32	static
C:/ncs/v2.2.0/zephyr/subsys/bluetooth/host/conn.c:1992:9:bt_conn_enc_key_size	0	static
C:/ncs/v2.2.0/zephyr/subsys/bluetooth/host/conn.c:2050:6:bt_conn_security_changed	16	static
C:/ncs/v2.2.0/zephyr/subsys/bluetooth/host/conn.c:2102:5:bt_conn_set_security	16	static
C:/ncs/v2.2.0/zephyr/subsys/bluetooth/host/conn.c:2137:15:bt_conn_get_security	0	static
C:/ncs/v2.2.0/zephyr/subsys/bluetooth/host/conn.c:2148:6:bt_conn_cb_register	0	static
C:/ncs/v2.2.0/zephyr/subsys/bluetooth/host/conn.c:2175:17:bt_conn_add_le	16	static
C:/ncs/v2.2.0/zephyr/subsys/bluetooth/host/conn.c:2196:6:bt_conn_is_peer_addr_le	16	static
C:/ncs/v2.2.0/zephyr/subsys/bluetooth/host/conn.c:2216:17:bt_conn_lookup_addr_le	24	static
C:/ncs/v2.2.0/zephyr/subsys/bluetooth/host/conn.c:2154:6:bt_conn_exists_le	56	dynamic,bounded
C:/ncs/v2.2.0/zephyr/subsys/bluetooth/host/conn.c:2243:17:bt_conn_lookup_state_le	24	static
C:/ncs/v2.2.0/zephyr/subsys/bluetooth/host/conn.c:2276:21:bt_conn_get_dst	0	static
C:/ncs/v2.2.0/zephyr/subsys/bluetooth/host/conn.c:2303:5:bt_conn_get_info	16	static
C:/ncs/v2.2.0/zephyr/subsys/bluetooth/host/conn.c:2366:5:bt_conn_get_remote_info	16	static
C:/ncs/v2.2.0/zephyr/subsys/bluetooth/host/conn.c:2433:5:bt_conn_le_get_tx_power_level	16	static
C:/ncs/v2.2.0/zephyr/subsys/bluetooth/host/conn.c:2826:5:bt_conn_le_conn_update	16	static
C:/ncs/v2.2.0/zephyr/subsys/bluetooth/host/conn.c:1535:12:send_conn_le_param_update	16	static
C:/ncs/v2.2.0/zephyr/subsys/bluetooth/host/conn.c:1598:13:deferred_work	24	static
C:/ncs/v2.2.0/zephyr/subsys/bluetooth/host/conn.c:2456:5:bt_conn_le_param_update	16	static
C:/ncs/v2.2.0/zephyr/subsys/bluetooth/host/conn.c:2854:17:bt_conn_create_frag_timeout	8	static
C:/ncs/v2.2.0/zephyr/subsys/bluetooth/host/conn.c:597:24:create_frag	24	static
C:/ncs/v2.2.0/zephyr/subsys/bluetooth/host/conn.c:633:13:send_buf	16	static
C:/ncs/v2.2.0/zephyr/subsys/bluetooth/host/conn.c:781:6:bt_conn_process_tx	16	static
C:/ncs/v2.2.0/zephyr/subsys/bluetooth/host/conn.c:2872:5:bt_conn_auth_cb_register	0	static
C:/ncs/v2.2.0/zephyr/subsys/bluetooth/host/conn.c:2900:5:bt_conn_auth_cb_overlay	8	static
C:/ncs/v2.2.0/zephyr/subsys/bluetooth/host/conn.c:2919:5:bt_conn_auth_info_cb_register	0	static
C:/ncs/v2.2.0/zephyr/subsys/bluetooth/host/conn.c:2930:5:bt_conn_auth_info_cb_unregister	8	static
C:/ncs/v2.2.0/zephyr/subsys/bluetooth/host/conn.c:2943:5:bt_conn_auth_passkey_entry	8	static
C:/ncs/v2.2.0/zephyr/subsys/bluetooth/host/conn.c:2960:5:bt_conn_auth_passkey_confirm	8	static
C:/ncs/v2.2.0/zephyr/subsys/bluetooth/host/conn.c:2977:5:bt_conn_auth_cancel	8	static
C:/ncs/v2.2.0/zephyr/subsys/bluetooth/host/conn.c:2994:5:bt_conn_auth_pairing_confirm	8	static
C:/ncs/v2.2.0/zephyr/subsys/bluetooth/host/conn.c:3012:17:bt_conn_lookup_index	8	static
C:/ncs/v2.2.0/zephyr/subsys/bluetooth/host/conn.c:3021:5:bt_conn_init	8	static
