C:/ncs/v2.2.0/zephyr/include/zephyr/sys/byteorder.h:359:20:sys_put_le64	0	static
C:/ncs/v2.2.0/zephyr/include/zephyr/sys/byteorder.h:510:24:sys_get_le64	4	static
C:/ncs/v2.2.0/zephyr/include/zephyr/drivers/bluetooth/hci_driver.h:60:23:bt_hci_evt_get_flags	0	static
C:/ncs/v2.2.0/zephyr/subsys/bluetooth/host/hci_core.c:724:13:disconnected_handles_reset	0	static
C:/ncs/v2.2.0/zephyr/subsys/bluetooth/host/hci_core.c:729:13:conn_handle_disconnected	0	static
C:/ncs/v2.2.0/zephyr/subsys/bluetooth/host/hci_core.c:741:13:conn_handle_is_disconnected	0	static
C:/ncs/v2.2.0/zephyr/subsys/bluetooth/host/hci_core.c:1775:13:update_sec_level	0	static
C:/ncs/v2.2.0/zephyr/subsys/bluetooth/host/hci_core.c:2176:13:hci_vendor_event	0	static
C:/ncs/v2.2.0/zephyr/subsys/bluetooth/host/hci_core.c:2534:13:read_local_ver_complete	0	static
C:/ncs/v2.2.0/zephyr/subsys/bluetooth/host/hci_core.c:2547:13:read_le_features_complete	0	static
C:/ncs/v2.2.0/zephyr/subsys/bluetooth/host/hci_core.c:2649:13:read_supported_commands_complete	12	static
C:/ncs/v2.2.0/zephyr/subsys/bluetooth/host/hci_core.c:2666:13:read_local_features_complete	0	static
C:/ncs/v2.2.0/zephyr/subsys/bluetooth/host/hci_core.c:2675:13:le_read_supp_states_complete	8	static
C:/ncs/v2.2.0/zephyr/subsys/bluetooth/host/hci_core.c:2685:13:le_read_resolving_list_size_complete	0	static
C:/ncs/v2.2.0/zephyr/include/zephyr/sys/atomic.h:131:20:atomic_test_bit	0	static
C:/ncs/v2.2.0/zephyr/subsys/bluetooth/host/hci_core.c:2031:13:hci_reset_complete	0	static
C:/ncs/v2.2.0/zephyr/subsys/bluetooth/host/hci_core.c:2580:13:le_read_buffer_size_complete	8	static
C:/ncs/v2.2.0/zephyr/subsys/bluetooth/host/hci_core.c:2558:13:read_buffer_size_complete	8	static
C:/ncs/v2.2.0/zephyr/subsys/bluetooth/host/hci_core.c:2599:13:read_buffer_size_v2_complete	48	static
C:/ncs/v2.2.0/zephyr/subsys/bluetooth/host/hci_core.c:524:13:hci_data_buf_overflow	64	dynamic,bounded
C:/ncs/v2.2.0/zephyr/subsys/bluetooth/host/hci_core.c:145:12:handle_event_common	64	dynamic,bounded
C:/ncs/v2.2.0/zephyr/include/zephyr/sys/atomic.h:176:20:atomic_test_and_set_bit	0	static
C:/ncs/v2.2.0/zephyr/include/zephyr/net/buf.h:1367:20:net_buf_destroy	8	static
C:/ncs/v2.2.0/zephyr/include/zephyr/bluetooth/addr.h:126:20:bt_addr_le_copy	0	static
C:/ncs/v2.2.0/zephyr/include/zephyr/bluetooth/addr.h:116:20:bt_addr_copy	0	static
C:/ncs/v2.2.0/zephyr/subsys/bluetooth/host/hci_core.c:948:24:find_pending_connect	8	static
C:/ncs/v2.2.0/zephyr/subsys/bluetooth/host/hci_core.c:1677:13:unpair	24	static
C:/ncs/v2.2.0/zephyr/subsys/bluetooth/host/hci_core.c:1727:13:unpair_remote	8	static
C:/ncs/v2.2.0/zephyr/subsys/bluetooth/host/hci_core.c:755:13:hci_disconn_complete_prio	16	static
C:/ncs/v2.2.0/zephyr/subsys/bluetooth/host/hci_core.c:781:13:hci_disconn_complete	64	dynamic,bounded
C:/ncs/v2.2.0/zephyr/subsys/bluetooth/host/hci_core.c:1481:13:le_phy_update_complete	64	dynamic,bounded
C:/ncs/v2.2.0/zephyr/subsys/bluetooth/host/hci_core.c:1448:13:le_data_len_change	64	dynamic,bounded
C:/ncs/v2.2.0/zephyr/subsys/bluetooth/host/hci_core.c:1420:13:le_remote_feat_complete	64	dynamic,bounded
C:/ncs/v2.2.0/zephyr/subsys/bluetooth/host/hci_core.c:422:13:hci_num_completed_packets	104	dynamic,bounded
C:/ncs/v2.2.0/zephyr/include/zephyr/sys/atomic.h:237:20:atomic_set_bit_to	0	static
C:/ncs/v2.2.0/zephyr/subsys/bluetooth/host/hci_core.c:2054:13:hci_cmd_done	104	dynamic,bounded
C:/ncs/v2.2.0/zephyr/subsys/bluetooth/host/hci_core.c:2114:13:hci_cmd_status	16	static
C:/ncs/v2.2.0/zephyr/subsys/bluetooth/host/hci_core.c:2089:13:hci_cmd_complete	16	static
C:/ncs/v2.2.0/zephyr/subsys/bluetooth/host/hci_core.c:1957:13:hci_hardware_error	64	dynamic,bounded
C:/ncs/v2.2.0/zephyr/subsys/bluetooth/host/hci_core.c:170:13:handle_event	72	dynamic,bounded
C:/ncs/v2.2.0/zephyr/subsys/bluetooth/host/hci_core.c:2396:13:hci_event	16	static
C:/ncs/v2.2.0/zephyr/subsys/bluetooth/host/hci_core.c:2312:13:hci_le_meta_event	8	static
C:/ncs/v2.2.0/zephyr/subsys/bluetooth/host/hci_core.c:3463:13:rx_queue_put	56	dynamic,bounded
C:/ncs/v2.2.0/zephyr/subsys/bluetooth/host/hci_core.c:484:13:hci_acl	96	dynamic,bounded
C:/ncs/v2.2.0/zephyr/subsys/bluetooth/host/hci_core.c:3618:13:rx_work_handler	96	dynamic,bounded
C:/ncs/v2.2.0/zephyr/subsys/bluetooth/host/hci_core.c:1599:13:le_conn_update_complete	64	dynamic,bounded
C:/ncs/v2.2.0/zephyr/subsys/bluetooth/host/hci_core.c:114:6:bt_hci_cmd_state_set_init	8	static
C:/ncs/v2.2.0/zephyr/subsys/bluetooth/host/hci_core.c:249:17:bt_hci_cmd_create	32	static
C:/ncs/v2.2.0/zephyr/subsys/bluetooth/host/hci_core.c:307:5:bt_hci_cmd_send_sync	88	dynamic,bounded
C:/ncs/v2.2.0/zephyr/subsys/bluetooth/host/hci_core.c:1639:12:set_flow_control	40	static
C:/ncs/v2.2.0/zephyr/subsys/bluetooth/host/hci_core.c:2695:12:common_init	16	static
C:/ncs/v2.2.0/zephyr/subsys/bluetooth/host/hci_core.c:2632:12:le_set_host_feature	16	static
C:/ncs/v2.2.0/zephyr/subsys/bluetooth/host/hci_core.c:2877:12:le_init_iso	40	static
C:/ncs/v2.2.0/zephyr/subsys/bluetooth/host/hci_core.c:2756:12:le_set_event_mask	16	static
C:/ncs/v2.2.0/zephyr/subsys/bluetooth/host/hci_core.c:2917:12:le_init	40	static
C:/ncs/v2.2.0/zephyr/subsys/bluetooth/host/hci_core.c:3061:12:bt_br_init	16	static
C:/ncs/v2.2.0/zephyr/subsys/bluetooth/host/hci_core.c:3085:12:set_event_mask	8	static
C:/ncs/v2.2.0/zephyr/subsys/bluetooth/host/hci_core.c:3353:12:hci_init	40	static
C:/ncs/v2.2.0/zephyr/subsys/bluetooth/host/hci_core.c:833:12:hci_le_read_remote_features	16	static
C:/ncs/v2.2.0/zephyr/subsys/bluetooth/host/hci_core.c:1005:13:conn_auto_initiate	64	dynamic,bounded
C:/ncs/v2.2.0/zephyr/subsys/bluetooth/host/hci_core.c:355:5:bt_hci_le_rand	24	static
C:/ncs/v2.2.0/zephyr/subsys/bluetooth/host/hci_core.c:407:9:bt_get_phy	0	static
C:/ncs/v2.2.0/zephyr/subsys/bluetooth/host/hci_core.c:706:5:bt_hci_disconnect	16	static
C:/ncs/v2.2.0/zephyr/subsys/bluetooth/host/hci_core.c:879:5:bt_le_set_data_len	24	static
C:/ncs/v2.2.0/zephyr/subsys/bluetooth/host/hci_core.c:927:5:bt_le_set_phy	24	static
C:/ncs/v2.2.0/zephyr/subsys/bluetooth/host/hci_core.c:1176:6:bt_hci_le_enh_conn_complete	120	dynamic,bounded
C:/ncs/v2.2.0/zephyr/subsys/bluetooth/host/hci_core.c:1145:13:enh_conn_complete	8	static
C:/ncs/v2.2.0/zephyr/subsys/bluetooth/host/hci_core.c:1386:13:le_enh_conn_complete	8	static
C:/ncs/v2.2.0/zephyr/subsys/bluetooth/host/hci_core.c:1391:13:le_legacy_conn_complete	40	static
C:/ncs/v2.2.0/zephyr/subsys/bluetooth/host/hci_core.c:1506:6:bt_le_conn_params_valid	0	static
C:/ncs/v2.2.0/zephyr/subsys/bluetooth/host/hci_core.c:1734:5:bt_unpair	16	static
C:/ncs/v2.2.0/zephyr/subsys/bluetooth/host/hci_core.c:1753:22:bt_security_err_get	0	static
C:/ncs/v2.2.0/zephyr/subsys/bluetooth/host/hci_core.c:1867:13:hci_encrypt_key_refresh_complete	88	dynamic,bounded
C:/ncs/v2.2.0/zephyr/subsys/bluetooth/host/hci_core.c:1793:13:hci_encrypt_change	88	dynamic,bounded
C:/ncs/v2.2.0/zephyr/subsys/bluetooth/host/hci_core.c:2134:5:bt_hci_get_conn_handle	0	static
C:/ncs/v2.2.0/zephyr/subsys/bluetooth/host/hci_core.c:2145:5:bt_hci_get_adv_handle	16	static
C:/ncs/v2.2.0/zephyr/subsys/bluetooth/host/hci_core.c:3407:5:bt_send	8	static
C:/ncs/v2.2.0/zephyr/subsys/bluetooth/host/hci_core.c:276:5:bt_hci_cmd_send	64	dynamic,bounded
C:/ncs/v2.2.0/zephyr/subsys/bluetooth/host/hci_core.c:198:6:bt_hci_host_num_completed_packets	112	dynamic,bounded
C:/ncs/v2.2.0/zephyr/subsys/bluetooth/host/hci_core.c:1985:13:le_ltk_reply	48	static
C:/ncs/v2.2.0/zephyr/subsys/bluetooth/host/hci_core.c:1967:13:le_ltk_neg_reply	48	static
C:/ncs/v2.2.0/zephyr/subsys/bluetooth/host/hci_core.c:2004:13:le_ltk_request	88	dynamic,bounded
C:/ncs/v2.2.0/zephyr/subsys/bluetooth/host/hci_core.c:1528:13:le_conn_param_neg_reply	48	static
C:/ncs/v2.2.0/zephyr/subsys/bluetooth/host/hci_core.c:1547:12:le_conn_param_req_reply	16	static
C:/ncs/v2.2.0/zephyr/subsys/bluetooth/host/hci_core.c:1570:13:le_conn_param_req	72	dynamic,bounded
C:/ncs/v2.2.0/zephyr/subsys/bluetooth/host/hci_core.c:2411:13:send_cmd	88	dynamic,bounded
C:/ncs/v2.2.0/zephyr/subsys/bluetooth/host/hci_core.c:2446:13:process_events	64	dynamic,bounded
C:/ncs/v2.2.0/zephyr/subsys/bluetooth/host/hci_core.c:2498:13:hci_tx_thread	16	static
C:/ncs/v2.2.0/zephyr/subsys/bluetooth/host/hci_core.c:3439:6:hci_event_prio	24	static
C:/ncs/v2.2.0/zephyr/subsys/bluetooth/host/hci_core.c:3478:5:bt_recv	64	dynamic,bounded
C:/ncs/v2.2.0/zephyr/subsys/bluetooth/host/hci_core.c:3529:5:bt_recv_prio	8	static
C:/ncs/v2.2.0/zephyr/subsys/bluetooth/host/hci_core.c:3540:5:bt_hci_driver_register	0	static
C:/ncs/v2.2.0/zephyr/subsys/bluetooth/host/hci_core.c:3560:6:bt_finalize_init	0	static
C:/ncs/v2.2.0/zephyr/subsys/bluetooth/host/hci_core.c:3571:12:bt_init	40	static
C:/ncs/v2.2.0/zephyr/subsys/bluetooth/host/hci_core.c:3607:13:init_work	8	static
C:/ncs/v2.2.0/zephyr/subsys/bluetooth/host/hci_core.c:3672:5:bt_enable	120	dynamic,bounded
C:/ncs/v2.2.0/zephyr/subsys/bluetooth/host/hci_core.c:3744:5:bt_disable	88	dynamic,bounded
C:/ncs/v2.2.0/zephyr/subsys/bluetooth/host/hci_core.c:3817:6:bt_is_ready	0	static
C:/ncs/v2.2.0/zephyr/subsys/bluetooth/host/hci_core.c:3829:5:bt_set_name	0	static
C:/ncs/v2.2.0/zephyr/subsys/bluetooth/host/hci_core.c:3859:13:bt_get_name	0	static
C:/ncs/v2.2.0/zephyr/subsys/bluetooth/host/hci_core.c:3868:10:bt_get_appearance	0	static
C:/ncs/v2.2.0/zephyr/subsys/bluetooth/host/hci_core.c:3898:6:bt_addr_le_is_bonded	8	static
C:/ncs/v2.2.0/zephyr/subsys/bluetooth/host/hci_core.c:3984:5:bt_le_set_chan_map	0	static
C:/ncs/v2.2.0/zephyr/subsys/bluetooth/host/hci_core.c:4032:6:bt_data_parse	56	static
C:/ncs/v2.2.0/zephyr/subsys/bluetooth/host/hci_core.c:4063:5:bt_configure_data_path	32	static
