C:/ncs/v2.2.0/zephyr/subsys/bluetooth/host/id.c:65:13:adv_id_check_func	0	static
C:/ncs/v2.2.0/zephyr/include/zephyr/sys/atomic.h:131:20:atomic_test_bit	0	static
C:/ncs/v2.2.0/zephyr/subsys/bluetooth/host/id.c:95:13:adv_is_limited_enabled	16	static
C:/ncs/v2.2.0/zephyr/subsys/bluetooth/host/id.c:824:13:bt_id_pending_keys_update_set	0	static
C:/ncs/v2.2.0/zephyr/include/zephyr/bluetooth/addr.h:116:20:bt_addr_copy	0	static
C:/ncs/v2.2.0/zephyr/include/zephyr/bluetooth/addr.h:126:20:bt_addr_le_copy	0	static
C:/ncs/v2.2.0/zephyr/subsys/bluetooth/host/id.c:1027:12:hci_id_del	16	static
C:/ncs/v2.2.0/zephyr/subsys/bluetooth/host/id.c:780:12:hci_id_add	24	static
C:/ncs/v2.2.0/zephyr/subsys/bluetooth/host/id.c:1020:13:keys_add_id	8	static
C:/ncs/v2.2.0/zephyr/subsys/bluetooth/host/id.c:1161:12:id_find	16	static
C:/ncs/v2.2.0/zephyr/subsys/bluetooth/host/id.c:121:12:set_random_address	16	static
C:/ncs/v2.2.0/zephyr/subsys/bluetooth/host/id.c:274:13:le_rpa_timeout_submit	8	static
C:/ncs/v2.2.0/zephyr/subsys/bluetooth/host/id.c:199:13:adv_rpa_expired	16	static
C:/ncs/v2.2.0/zephyr/subsys/bluetooth/host/id.c:215:13:adv_rpa_invalidate	16	static
C:/ncs/v2.2.0/zephyr/include/zephyr/sys/atomic.h:152:20:atomic_test_and_clear_bit	4	static
C:/ncs/v2.2.0/zephyr/subsys/bluetooth/host/id.c:853:6:find_rl_conflict	40	static
C:/ncs/v2.2.0/zephyr/subsys/bluetooth/host/id.c:462:13:le_adv_rpa_timeout	16	static
C:/ncs/v2.2.0/zephyr/subsys/bluetooth/host/id.c:226:13:le_rpa_invalidate	8	static
C:/ncs/v2.2.0/zephyr/subsys/bluetooth/host/id.c:113:13:adv_unpause_enabled	8	static
C:/ncs/v2.2.0/zephyr/subsys/bluetooth/host/id.c:105:13:adv_pause_enabled	16	static
C:/ncs/v2.2.0/zephyr/subsys/bluetooth/host/id.c:731:12:le_set_privacy_mode	48	static
C:/ncs/v2.2.0/zephyr/subsys/bluetooth/host/id.c:763:12:addr_res_enable	16	static
C:/ncs/v2.2.0/zephyr/subsys/bluetooth/host/id.c:1174:12:id_create	40	static
C:/ncs/v2.2.0/zephyr/subsys/bluetooth/host/id.c:1380:13:bt_read_identity_root	0	static
C:/ncs/v2.2.0/zephyr/subsys/bluetooth/host/id.c:442:13:adv_pause_rpa	64	dynamic,bounded
C:/ncs/v2.2.0/zephyr/subsys/bluetooth/host/id.h:10:20:bt_id_rpa_is_new	8	static
C:/ncs/v2.2.0/zephyr/subsys/bluetooth/host/id.c:43:21:bt_lookup_id_addr	8	static
C:/ncs/v2.2.0/zephyr/subsys/bluetooth/host/id.c:150:5:bt_id_set_adv_random_addr	16	static
C:/ncs/v2.2.0/zephyr/subsys/bluetooth/host/id.c:284:5:bt_id_set_private_addr	16	static
C:/ncs/v2.2.0/zephyr/subsys/bluetooth/host/id.c:498:13:le_update_private_addr	56	dynamic,bounded
C:/ncs/v2.2.0/zephyr/subsys/bluetooth/host/id.c:566:13:le_force_rpa_timeout	48	static
C:/ncs/v2.2.0/zephyr/subsys/bluetooth/host/id.c:579:13:rpa_timeout	8	static
C:/ncs/v2.2.0/zephyr/subsys/bluetooth/host/id.c:319:5:bt_id_set_adv_private_addr	24	static
C:/ncs/v2.2.0/zephyr/subsys/bluetooth/host/id.c:480:13:adv_enable_rpa	96	dynamic,bounded
C:/ncs/v2.2.0/zephyr/subsys/bluetooth/host/id.c:611:6:bt_id_scan_random_addr_check	0	static
C:/ncs/v2.2.0/zephyr/subsys/bluetooth/host/id.c:658:6:bt_id_adv_random_addr_check	0	static
C:/ncs/v2.2.0/zephyr/subsys/bluetooth/host/id.c:725:6:bt_id_adv_limited_stopped	8	static
C:/ncs/v2.2.0/zephyr/subsys/bluetooth/host/id.c:830:6:bt_id_pending_keys_update	8	static
C:/ncs/v2.2.0/zephyr/subsys/bluetooth/host/id.c:885:17:bt_id_find_conflict	16	static
C:/ncs/v2.2.0/zephyr/subsys/bluetooth/host/id.c:896:6:bt_id_add	144	static
C:/ncs/v2.2.0/zephyr/subsys/bluetooth/host/id.c:1045:6:bt_id_del	88	dynamic,bounded
C:/ncs/v2.2.0/zephyr/subsys/bluetooth/host/id.c:809:13:pending_id_update	8	static
C:/ncs/v2.2.0/zephyr/subsys/bluetooth/host/id.c:1149:6:bt_id_get	16	static
C:/ncs/v2.2.0/zephyr/subsys/bluetooth/host/id.c:1230:5:bt_id_create	56	static
C:/ncs/v2.2.0/zephyr/subsys/bluetooth/host/id.c:1279:5:bt_id_reset	48	static
C:/ncs/v2.2.0/zephyr/subsys/bluetooth/host/id.c:1331:5:bt_id_delete	32	static
C:/ncs/v2.2.0/zephyr/subsys/bluetooth/host/id.c:1416:9:bt_id_read_public_addr	72	static
C:/ncs/v2.2.0/zephyr/subsys/bluetooth/host/id.c:1450:5:bt_setup_public_id_addr	48	static
C:/ncs/v2.2.0/zephyr/subsys/bluetooth/host/id.c:1538:5:bt_setup_random_id_addr	8	static
C:/ncs/v2.2.0/zephyr/subsys/bluetooth/host/id.c:1733:5:bt_id_set_adv_own_addr	24	static
C:/ncs/v2.2.0/zephyr/subsys/bluetooth/host/id.c:1842:5:bt_le_oob_get_local	24	static
C:/ncs/v2.2.0/zephyr/subsys/bluetooth/host/id.c:1921:5:bt_le_ext_adv_oob_get_local	16	static
C:/ncs/v2.2.0/zephyr/subsys/bluetooth/host/id.c:1981:5:bt_le_oob_set_legacy_tk	8	static
C:/ncs/v2.2.0/zephyr/subsys/bluetooth/host/id.c:1992:5:bt_le_oob_set_sc_data	8	static
C:/ncs/v2.2.0/zephyr/subsys/bluetooth/host/id.c:2007:5:bt_le_oob_get_sc_data	8	static
C:/ncs/v2.2.0/zephyr/subsys/bluetooth/host/id.c:2024:5:bt_id_init	8	static
