C:/ncs/v2.2.0/zephyr/subsys/bluetooth/host/iso.c:242:13:bt_iso_chan_add	0	static
C:/ncs/v2.2.0/zephyr/subsys/bluetooth/host/iso.c:723:17:iso_chan_max_data_len	0	static
C:/ncs/v2.2.0/zephyr/subsys/bluetooth/host/iso.c:1152:16:iso_server_check_security	0	static
C:/ncs/v2.2.0/zephyr/subsys/bluetooth/host/iso.c:74:13:bt_iso_send_cb	16	static
C:/ncs/v2.2.0/zephyr/subsys/bluetooth/host/iso.c:189:12:hci_le_setup_iso_data_path	40	static
C:/ncs/v2.2.0/zephyr/subsys/bluetooth/host/iso.c:251:12:bt_iso_setup_data_path	40	static
C:/ncs/v2.2.0/zephyr/subsys/bluetooth/host/iso.c:1130:12:hci_le_accept_cis	16	static
C:/ncs/v2.2.0/zephyr/subsys/bluetooth/host/iso.c:1107:12:hci_le_reject_cis	16	static
C:/ncs/v2.2.0/zephyr/subsys/bluetooth/host/iso.c:920:13:store_cis_info	16	static
C:/ncs/v2.2.0/zephyr/subsys/bluetooth/host/iso.c:130:24:iso_new	8	static
C:/ncs/v2.2.0/zephyr/subsys/bluetooth/host/iso.c:1253:24:bt_conn_add_iso	48	static
C:/ncs/v2.2.0/zephyr/subsys/bluetooth/host/iso.c:90:6:hci_iso	96	dynamic,bounded
C:/ncs/v2.2.0/zephyr/subsys/bluetooth/host/iso.c:149:17:bt_iso_create_pdu_timeout	8	static
C:/ncs/v2.2.0/zephyr/subsys/bluetooth/host/iso.c:172:17:bt_iso_create_frag_timeout	8	static
C:/ncs/v2.2.0/zephyr/subsys/bluetooth/host/iso.c:533:6:bt_iso_chan_set_state	0	static
C:/ncs/v2.2.0/zephyr/subsys/bluetooth/host/iso.c:346:6:bt_iso_connected	88	dynamic,bounded
C:/ncs/v2.2.0/zephyr/subsys/bluetooth/host/iso.c:1073:12:iso_accept	72	dynamic,bounded
C:/ncs/v2.2.0/zephyr/subsys/bluetooth/host/iso.c:539:5:bt_iso_chan_get_info	8	static
C:/ncs/v2.2.0/zephyr/subsys/bluetooth/host/iso.c:563:17:bt_iso_get_rx	8	static
C:/ncs/v2.2.0/zephyr/subsys/bluetooth/host/iso.c:575:6:bt_iso_recv	280	dynamic,bounded
C:/ncs/v2.2.0/zephyr/subsys/bluetooth/host/iso.c:744:5:bt_iso_chan_send	24	static
C:/ncs/v2.2.0/zephyr/subsys/bluetooth/host/iso.c:833:5:bt_iso_chan_get_tx_sync	24	static
C:/ncs/v2.2.0/zephyr/subsys/bluetooth/host/iso.c:890:5:bt_iso_chan_disconnect	8	static
C:/ncs/v2.2.0/zephyr/subsys/bluetooth/host/iso.c:910:6:bt_iso_cleanup_acl	8	static
C:/ncs/v2.2.0/zephyr/subsys/bluetooth/host/iso.c:400:13:bt_iso_chan_disconnected	16	static
C:/ncs/v2.2.0/zephyr/subsys/bluetooth/host/iso.c:454:6:bt_iso_disconnected	40	static
C:/ncs/v2.2.0/zephyr/subsys/bluetooth/host/iso.c:948:6:hci_le_cis_established	64	dynamic,bounded
C:/ncs/v2.2.0/zephyr/subsys/bluetooth/host/iso.c:1037:5:bt_iso_server_register	0	static
C:/ncs/v2.2.0/zephyr/subsys/bluetooth/host/iso.c:1169:6:hci_le_cis_req	160	dynamic,bounded
