C:/ncs/v2.2.0/zephyr/include/zephyr/sys/slist.h:401:1:sys_slist_remove	0	static
C:/ncs/v2.2.0/zephyr/subsys/bluetooth/host/l2cap.c:113:16:get_ident	0	static
C:/ncs/v2.2.0/zephyr/subsys/bluetooth/host/l2cap.c:2663:13:l2cap_connected	0	static
C:/ncs/v2.2.0/zephyr/subsys/bluetooth/host/l2cap.c:2669:13:l2cap_disconnected	0	static
C:/ncs/v2.2.0/zephyr/subsys/bluetooth/host/l2cap.c:2684:12:l2cap_accept	64	dynamic,bounded
C:/ncs/v2.2.0/zephyr/subsys/bluetooth/host/l2cap.c:678:13:le_conn_param_rsp	40	static
C:/ncs/v2.2.0/zephyr/subsys/bluetooth/host/l2cap.c:2575:13:l2cap_chan_recv	8	static
C:/ncs/v2.2.0/zephyr/subsys/bluetooth/host/l2cap.c:108:6:bt_l2cap_register_ecred_cb	0	static
C:/ncs/v2.2.0/zephyr/subsys/bluetooth/host/l2cap.c:173:6:bt_l2cap_chan_remove	8	static
C:/ncs/v2.2.0/zephyr/subsys/bluetooth/host/l2cap.c:188:13:bt_l2cap_chan_state_str	0	static
C:/ncs/v2.2.0/zephyr/subsys/bluetooth/host/l2cap.c:261:6:bt_l2cap_chan_del	16	static
C:/ncs/v2.2.0/zephyr/subsys/bluetooth/host/l2cap.c:325:6:bt_l2cap_chan_add	4	static
C:/ncs/v2.2.0/zephyr/subsys/bluetooth/host/l2cap.c:336:13:l2cap_chan_add	40	static
C:/ncs/v2.2.0/zephyr/subsys/bluetooth/host/l2cap.c:375:6:bt_l2cap_connected	24	static
C:/ncs/v2.2.0/zephyr/subsys/bluetooth/host/l2cap.c:417:6:bt_l2cap_disconnected	8	static
C:/ncs/v2.2.0/zephyr/subsys/bluetooth/host/l2cap.c:612:6:bt_l2cap_security_changed	16	static
C:/ncs/v2.2.0/zephyr/subsys/bluetooth/host/l2cap.c:633:17:bt_l2cap_create_pdu_timeout	8	static
C:/ncs/v2.2.0/zephyr/subsys/bluetooth/host/l2cap.c:426:24:l2cap_create_le_sig_pdu	64	dynamic,bounded
C:/ncs/v2.2.0/zephyr/subsys/bluetooth/host/l2cap.c:642:5:bt_l2cap_send_cb	24	static
C:/ncs/v2.2.0/zephyr/subsys/bluetooth/host/l2cap.c:460:20:l2cap_send	16	static
C:/ncs/v2.2.0/zephyr/subsys/bluetooth/host/l2cap.c:656:13:l2cap_send_reject	32	static
C:/ncs/v2.2.0/zephyr/subsys/bluetooth/host/l2cap.c:2157:12:l2cap_recv	152	dynamic,bounded
C:/ncs/v2.2.0/zephyr/subsys/bluetooth/host/l2cap.c:746:23:bt_l2cap_le_lookup_tx_cid	0	static
C:/ncs/v2.2.0/zephyr/subsys/bluetooth/host/l2cap.c:760:23:bt_l2cap_le_lookup_rx_cid	0	static
C:/ncs/v2.2.0/zephyr/subsys/bluetooth/host/l2cap.c:2602:6:bt_l2cap_recv	88	dynamic,bounded
C:/ncs/v2.2.0/zephyr/subsys/bluetooth/host/l2cap.c:2635:5:bt_l2cap_update_conn_param	24	static
C:/ncs/v2.2.0/zephyr/subsys/bluetooth/host/l2cap.c:2715:6:bt_l2cap_init	0	static
