C:/ncs/v2.2.0/zephyr/kernel/init.c:230:13:z_sys_init_run_level	16	static
C:/ncs/v2.2.0/zephyr/kernel/init.c:339:13:init_idle_thread	48	static
C:/ncs/v2.2.0/zephyr/kernel/init.c:277:13:bg_thread_main	8	static
C:/ncs/v2.2.0/zephyr/kernel/init.c:428:27:switch_to_main_thread	8	static
C:/ncs/v2.2.0/zephyr/kernel/init.c:108:13:z_early_memset	8	static
C:/ncs/v2.2.0/zephyr/kernel/init.c:121:13:z_early_memcpy	8	static
C:/ncs/v2.2.0/zephyr/kernel/init.c:132:6:z_bss_zero	8	static
C:/ncs/v2.2.0/zephyr/kernel/init.c:368:6:z_init_cpu	8	static
C:/ncs/v2.2.0/zephyr/kernel/init.c:395:14:prepare_multithreading	40	static
C:/ncs/v2.2.0/zephyr/kernel/init.c:497:20:z_cstart	272	static
