C:/ncs/v2.2.0/zephyr/kernel/thread.c:261:15:copy_bytes	8	static
C:/ncs/v2.2.0/zephyr/kernel/thread.c:449:14:setup_thread_stack	24	static
C:/ncs/v2.2.0/zephyr/kernel/thread.c:97:6:k_is_in_isr	0	static
C:/ncs/v2.2.0/zephyr/kernel/thread.c:106:6:z_thread_essential_set	0	static
C:/ncs/v2.2.0/zephyr/kernel/thread.c:116:6:z_thread_essential_clear	0	static
C:/ncs/v2.2.0/zephyr/kernel/thread.c:126:6:z_is_thread_essential	0	static
C:/ncs/v2.2.0/zephyr/kernel/thread.c:187:5:z_impl_k_thread_name_set	8	static
C:/ncs/v2.2.0/zephyr/kernel/thread.c:238:13:k_thread_name_get	0	static
C:/ncs/v2.2.0/zephyr/kernel/thread.c:248:5:z_impl_k_thread_name_copy	8	static
C:/ncs/v2.2.0/zephyr/kernel/thread.c:271:13:k_thread_state_str	32	static
C:/ncs/v2.2.0/zephyr/kernel/thread.c:366:6:z_check_stack_sentinel	0	static
C:/ncs/v2.2.0/zephyr/kernel/thread.c:383:6:z_impl_k_thread_start	8	static
C:/ncs/v2.2.0/zephyr/kernel/thread.c:401:13:schedule_new_thread	8	static
C:/ncs/v2.2.0/zephyr/kernel/thread.c:791:6:z_init_thread_base	4	static
C:/ncs/v2.2.0/zephyr/kernel/thread.c:817:20:k_thread_user_mode_enter	8	static
C:/ncs/v2.2.0/zephyr/kernel/thread.c:853:6:z_spin_lock_valid	0	static
C:/ncs/v2.2.0/zephyr/kernel/thread.c:865:6:z_spin_unlock_valid	0	static
C:/ncs/v2.2.0/zephyr/kernel/thread.c:874:6:z_spin_lock_set_owner	0	static
C:/ncs/v2.2.0/zephyr/kernel/thread.c:45:6:k_thread_foreach	24	static
C:/ncs/v2.2.0/zephyr/kernel/thread.c:73:6:k_thread_foreach_unlocked	24	static
C:/ncs/v2.2.0/zephyr/kernel/thread.c:164:6:z_thread_monitor_exit	16	static
C:/ncs/v2.2.0/zephyr/kernel/thread.c:528:7:z_setup_new_thread	56	static
C:/ncs/v2.2.0/zephyr/kernel/thread.c:641:9:z_impl_k_thread_create	40	static
C:/ncs/v2.2.0/zephyr/kernel/thread.c:748:6:z_init_static_threads	40	static
C:/ncs/v2.2.0/zephyr/kernel/thread.c:888:5:z_impl_k_float_disable	8	static
C:/ncs/v2.2.0/zephyr/kernel/thread.c:897:5:z_impl_k_float_enable	8	static
C:/ncs/v2.2.0/zephyr/kernel/thread.c:938:5:z_stack_space_get	4	static
C:/ncs/v2.2.0/zephyr/kernel/thread.c:989:5:z_impl_k_thread_stack_space_get	8	static
C:/ncs/v2.2.0/zephyr/kernel/thread.c:1043:6:z_thread_mark_switched_in	8	static
C:/ncs/v2.2.0/zephyr/kernel/thread.c:1054:6:z_thread_mark_switched_out	8	static
C:/ncs/v2.2.0/zephyr/kernel/thread.c:1072:5:k_thread_runtime_stats_get	8	static
C:/ncs/v2.2.0/zephyr/kernel/thread.c:1088:5:k_thread_runtime_stats_all_get	40	static
