C:/ncs/v2.2.0/modules/lib/open-amp/open-amp/lib/remoteproc/remoteproc_virtio.c:19:13:rproc_virtio_virtqueue_notify	8	static
C:/ncs/v2.2.0/modules/lib/open-amp/open-amp/lib/remoteproc/remoteproc_virtio.c:148:13:rproc_virtio_write_config	24	static
C:/ncs/v2.2.0/modules/lib/open-amp/open-amp/lib/remoteproc/remoteproc_virtio.c:128:13:rproc_virtio_read_config	8	static
modules/libmetal/libmetal/lib/include/metal/io.h:269:1:metal_io_write	32	static
C:/ncs/v2.2.0/modules/lib/open-amp/open-amp/lib/remoteproc/remoteproc_virtio.c:101:13:rproc_virtio_set_features	24	static
C:/ncs/v2.2.0/modules/lib/open-amp/open-amp/lib/remoteproc/remoteproc_virtio.c:49:13:rproc_virtio_set_status	24	static
C:/ncs/v2.2.0/modules/lib/open-amp/open-amp/lib/remoteproc/remoteproc_virtio.c:169:13:rproc_virtio_reset_device	8	static
modules/libmetal/libmetal/lib/include/metal/io.h:235:1:metal_io_read	16	static
C:/ncs/v2.2.0/modules/lib/open-amp/open-amp/lib/remoteproc/remoteproc_virtio.c:33:22:rproc_virtio_get_status	8	static
C:/ncs/v2.2.0/modules/lib/open-amp/open-amp/lib/remoteproc/remoteproc_virtio.c:66:17:rproc_virtio_get_dfeatures	8	static
C:/ncs/v2.2.0/modules/lib/open-amp/open-amp/lib/remoteproc/remoteproc_virtio.c:117:17:rproc_virtio_negotiate_features	16	static
C:/ncs/v2.2.0/modules/lib/open-amp/open-amp/lib/remoteproc/remoteproc_virtio.c:82:17:rproc_virtio_get_features	16	static
C:/ncs/v2.2.0/modules/lib/open-amp/open-amp/lib/include/openamp/virtqueue.h:202:33:virtqueue_allocate	16	static
C:/ncs/v2.2.0/modules/lib/open-amp/open-amp/lib/remoteproc/remoteproc_virtio.c:197:1:rproc_virtio_create_vdev	48	static
C:/ncs/v2.2.0/modules/lib/open-amp/open-amp/lib/remoteproc/remoteproc_virtio.c:271:6:rproc_virtio_remove_vdev	16	static
C:/ncs/v2.2.0/modules/lib/open-amp/open-amp/lib/remoteproc/remoteproc_virtio.c:290:5:rproc_virtio_init_vring	4	static
C:/ncs/v2.2.0/modules/lib/open-amp/open-amp/lib/remoteproc/remoteproc_virtio.c:311:5:rproc_virtio_notified	24	static
C:/ncs/v2.2.0/modules/lib/open-amp/open-amp/lib/remoteproc/remoteproc_virtio.c:334:6:rproc_virtio_wait_remote_ready	8	static
