modules/libmetal/libmetal/lib/include/metal/utilities.h:122:1:metal_bitmap_next_clear_bit	0	static
modules/libmetal/libmetal/lib/include/metal/io.h:161:1:metal_io_phys	8	static
modules/libmetal/libmetal/lib/include/metal/io.h:182:1:metal_io_phys_to_offset	16	static
modules/libmetal/libmetal/lib/include/metal/io.h:206:1:metal_io_phys_to_virt	8	static
C:/ncs/v2.2.0/modules/lib/open-amp/open-amp/lib/include/openamp/virtio_ring.h:118:19:vring_size	0	static
C:/ncs/v2.2.0/modules/lib/open-amp/open-amp/lib/remoteproc/remoteproc.c:84:1:remoteproc_datopa	0	static
C:/ncs/v2.2.0/modules/lib/open-amp/open-amp/lib/remoteproc/remoteproc.c:93:1:remoteproc_patoda	0	static
C:/ncs/v2.2.0/modules/lib/open-amp/open-amp/lib/remoteproc/remoteproc.c:873:12:remoteproc_virtio_notify	8	static
modules/libmetal/libmetal/lib/include/metal/system/zephyr/mutex.h:74:20:__metal_mutex_acquire	8	static
C:/ncs/v2.2.0/modules/lib/open-amp/open-amp/lib/remoteproc/remoteproc.c:34:1:remoteproc_get_mem	56	static
C:/ncs/v2.2.0/modules/lib/open-amp/open-amp/lib/remoteproc/remoteproc.c:22:1:remoteproc_check_fw_format	8	static
C:/ncs/v2.2.0/modules/lib/open-amp/open-amp/lib/remoteproc/remoteproc.c:101:14:remoteproc_get_rsc_table	56	static
C:/ncs/v2.2.0/modules/lib/open-amp/open-amp/lib/remoteproc/remoteproc.c:168:20:remoteproc_init	16	static
C:/ncs/v2.2.0/modules/lib/open-amp/open-amp/lib/remoteproc/remoteproc.c:182:5:remoteproc_remove	16	static
C:/ncs/v2.2.0/modules/lib/open-amp/open-amp/lib/remoteproc/remoteproc.c:199:5:remoteproc_config	16	static
C:/ncs/v2.2.0/modules/lib/open-amp/open-amp/lib/remoteproc/remoteproc.c:223:5:remoteproc_start	16	static
C:/ncs/v2.2.0/modules/lib/open-amp/open-amp/lib/remoteproc/remoteproc.c:240:5:remoteproc_stop	16	static
C:/ncs/v2.2.0/modules/lib/open-amp/open-amp/lib/remoteproc/remoteproc.c:259:5:remoteproc_shutdown	16	static
C:/ncs/v2.2.0/modules/lib/open-amp/open-amp/lib/remoteproc/remoteproc.c:285:1:remoteproc_get_io_with_name	80	static
C:/ncs/v2.2.0/modules/lib/open-amp/open-amp/lib/remoteproc/remoteproc.c:300:1:remoteproc_get_io_with_pa	80	static
C:/ncs/v2.2.0/modules/lib/open-amp/open-amp/lib/remoteproc/remoteproc.c:314:1:remoteproc_get_io_with_da	88	static
C:/ncs/v2.2.0/modules/lib/open-amp/open-amp/lib/remoteproc/remoteproc.c:336:1:remoteproc_get_io_with_va	80	static
C:/ncs/v2.2.0/modules/lib/open-amp/open-amp/lib/remoteproc/remoteproc.c:139:12:remoteproc_parse_rsc_table	16	static
C:/ncs/v2.2.0/modules/lib/open-amp/open-amp/lib/remoteproc/remoteproc.c:149:5:remoteproc_set_rsc_table	24	static
C:/ncs/v2.2.0/modules/lib/open-amp/open-amp/lib/remoteproc/remoteproc.c:349:7:remoteproc_mmap	112	static
C:/ncs/v2.2.0/modules/lib/open-amp/open-amp/lib/remoteproc/remoteproc.c:391:5:remoteproc_load	128	static
C:/ncs/v2.2.0/modules/lib/open-amp/open-amp/lib/remoteproc/remoteproc.c:662:5:remoteproc_load_noblock	96	static
C:/ncs/v2.2.0/modules/lib/open-amp/open-amp/lib/remoteproc/remoteproc.c:852:14:remoteproc_allocate_id	16	static
C:/ncs/v2.2.0/modules/lib/open-amp/open-amp/lib/remoteproc/remoteproc.c:966:6:remoteproc_remove_virtio	8	static
C:/ncs/v2.2.0/modules/lib/open-amp/open-amp/lib/remoteproc/remoteproc.c:884:1:remoteproc_create_virtio	64	static
C:/ncs/v2.2.0/modules/lib/open-amp/open-amp/lib/remoteproc/remoteproc.c:978:5:remoteproc_get_notification	16	static
