C:/ncs/v2.2.0/modules/lib/open-amp/open-amp/lib/remoteproc/rsc_table_parser.c:168:5:handle_trace_rsc	0	static
C:/ncs/v2.2.0/modules/lib/open-amp/open-amp/lib/remoteproc/rsc_table_parser.c:191:12:handle_dummy_rsc	0	static
C:/ncs/v2.2.0/modules/lib/open-amp/open-amp/lib/remoteproc/rsc_table_parser.c:92:5:handle_carve_out_rsc	24	static
C:/ncs/v2.2.0/modules/lib/open-amp/open-amp/lib/remoteproc/rsc_table_parser.c:129:5:handle_vdev_rsc	24	static
C:/ncs/v2.2.0/modules/lib/open-amp/open-amp/lib/remoteproc/rsc_table_parser.c:118:5:handle_vendor_rsc	8	static
C:/ncs/v2.2.0/modules/lib/open-amp/open-amp/lib/remoteproc/rsc_table_parser.c:22:5:handle_rsc_table	24	static
C:/ncs/v2.2.0/modules/lib/open-amp/open-amp/lib/remoteproc/rsc_table_parser.c:199:8:find_rsc	8	static
