C:/ncs/v2.2.0/zephyr/include/zephyr/drivers/gpio.h:1410:19:gpio_add_callback	8	static
C:/ncs/v2.2.0/zephyr/include/zephyr/drivers/gpio.h:691:19:z_impl_gpio_pin_configure	16	static
C:/ncs/v2.2.0/zephyr/include/zephyr/drivers/gpio.h:755:19:gpio_pin_configure_dt	8	static
C:/ncs/v2.2.0/zephyr/include/zephyr/drivers/gpio.h:606:19:z_impl_gpio_pin_interrupt_configure	16	static
../src/modules/power_module.c:148:12:ina231_register_values_get	32	static
../src/modules/power_module.c:286:13:power_module_thread	160	dynamic,bounded
../src/modules/power_module.c:219:13:alert_pin_handler	8	static
../src/modules/power_module.c:231:12:gpio_interrupt_init	40	static
../src/modules/power_module.c:574:12:cmd_print_all_rails	24	static
../src/modules/power_module.c:333:6:power_module_data_get	12	static
../src/modules/power_module.c:130:13:ina231_measurements_print	104	dynamic,bounded
../src/modules/power_module.c:347:9:power_module_avg_get	0	static
../src/modules/power_module.c:379:9:power_module_conv_time_get	0	static
../src/modules/power_module.c:411:5:power_module_measurement_start	32	static
../src/modules/power_module.c:263:12:power_module_update_measurement_config	16	static
../src/modules/power_module.c:352:5:power_module_avg_set	8	static
../src/modules/power_module.c:384:5:power_module_conv_time_set	8	static
../src/modules/power_module.c:586:12:cmd_pwr_meas_start	24	static
../src/modules/power_module.c:472:5:power_module_measurement_stop	8	static
../src/modules/power_module.c:631:12:cmd_pwr_meas_stop	24	static
../src/modules/power_module.c:503:5:power_module_init	128	dynamic,bounded
