C:/ncs/v2.2.0/zephyr/drivers/serial/uart_nrfx_uarte.c:249:13:endtx_isr	0	static
C:/ncs/v2.2.0/zephyr/drivers/serial/uart_nrfx_uarte.c:272:13:uarte_nrfx_isr_int	16	static
C:/ncs/v2.2.0/zephyr/drivers/serial/uart_nrfx_uarte.c:346:12:baudrate_set	0	static
C:/ncs/v2.2.0/zephyr/drivers/serial/uart_nrfx_uarte.c:423:12:uarte_nrfx_configure	24	static
C:/ncs/v2.2.0/zephyr/drivers/serial/uart_nrfx_uarte.c:493:12:uarte_nrfx_config_get	0	static
C:/ncs/v2.2.0/zephyr/drivers/serial/uart_nrfx_uarte.c:504:12:uarte_nrfx_err_check	0	static
C:/ncs/v2.2.0/zephyr/drivers/serial/uart_nrfx_uarte.c:515:13:is_tx_ready	0	static
C:/ncs/v2.2.0/zephyr/drivers/serial/uart_nrfx_uarte.c:565:13:uarte_enable	0	static
C:/ncs/v2.2.0/zephyr/drivers/serial/uart_nrfx_uarte.c:592:13:tx_start	8	static
C:/ncs/v2.2.0/zephyr/drivers/serial/uart_nrfx_uarte.c:1506:12:uarte_nrfx_poll_in	4	static
C:/ncs/v2.2.0/zephyr/include/zephyr/kernel.h:439:23:k_msleep	8	static
C:/ncs/v2.2.0/zephyr/drivers/serial/uart_nrfx_uarte.c:529:12:wait_tx_ready	16	static
C:/ncs/v2.2.0/zephyr/drivers/serial/uart_nrfx_uarte.c:1537:13:uarte_nrfx_poll_out	24	static
C:/ncs/v2.2.0/zephyr/include/zephyr/drivers/pinctrl.h:342:19:pinctrl_apply_state	16	static
C:/ncs/v2.2.0/modules/hal/nordic/nrfx/helpers/nrfx_gppi.h:582:22:nrfx_gppi_event_endpoint_setup	8	static
C:/ncs/v2.2.0/modules/hal/nordic/nrfx/helpers/nrfx_gppi.h:588:22:nrfx_gppi_task_endpoint_setup	8	static
C:/ncs/v2.2.0/zephyr/drivers/serial/uart_nrfx_uarte.c:1798:12:endtx_stoptx_ppi_init	56	static
C:/ncs/v2.2.0/zephyr/drivers/serial/uart_nrfx_uarte.c:1817:12:uarte_instance_init	24	static
C:/ncs/v2.2.0/zephyr/drivers/serial/uart_nrfx_uarte.c:2185:1:uarte_0_init	8	static
