C:/ncs/v2.2.0/zephyr/drivers/mbox/mbox_nrfx_ipc.c:84:12:mbox_nrf_register_callback	0	static
C:/ncs/v2.2.0/zephyr/drivers/mbox/mbox_nrfx_ipc.c:99:12:mbox_nrf_mtu_get	0	static
C:/ncs/v2.2.0/zephyr/drivers/mbox/mbox_nrfx_ipc.c:105:17:mbox_nrf_max_channels_get	0	static
C:/ncs/v2.2.0/modules/hal/nordic/nrfx/hal/nrf_ipc.h:479:34:nrf_ipc_send_task_get	8	static
C:/ncs/v2.2.0/modules/hal/nordic/nrfx/drivers/include/nrfx_ipc.h:221:25:nrfx_ipc_signal	8	static
C:/ncs/v2.2.0/zephyr/drivers/mbox/mbox_nrfx_ipc.c:110:12:mbox_nrf_set_enabled	48	static
C:/ncs/v2.2.0/zephyr/drivers/mbox/mbox_nrfx_ipc.c:68:12:mbox_nrf_send	48	static
C:/ncs/v2.2.0/zephyr/drivers/mbox/mbox_nrfx_ipc.c:48:13:mbox_dispatcher	80	static
C:/ncs/v2.2.0/zephyr/drivers/mbox/mbox_nrfx_ipc.c:148:13:enable_dt_channels	192	static
C:/ncs/v2.2.0/zephyr/drivers/mbox/mbox_nrfx_ipc.c:177:12:mbox_nrf_init	8	static
