C:/ncs/v2.2.0/zephyr/drivers/adc/adc_shell.c:407:13:cmd_adc_dev_get	0	static
C:/ncs/v2.2.0/zephyr/drivers/adc/adc_shell.c:112:24:get_adc	16	static
C:/ncs/v2.2.0/zephyr/drivers/adc/adc_shell.c:339:12:cmd_adc_print	32	static
C:/ncs/v2.2.0/zephyr/drivers/adc/adc_shell.c:262:12:cmd_adc_reso	16	static
C:/ncs/v2.2.0/zephyr/drivers/adc/adc_shell.c:310:12:cmd_adc_read	40	static
C:/ncs/v2.2.0/zephyr/drivers/adc/adc_shell.c:175:12:cmd_adc_ch_pos	16	static
C:/ncs/v2.2.0/zephyr/drivers/adc/adc_shell.c:148:12:cmd_adc_ch_neg	16	static
C:/ncs/v2.2.0/zephyr/drivers/adc/adc_shell.c:125:12:cmd_adc_ch_id	16	static
C:/ncs/v2.2.0/zephyr/drivers/adc/adc_shell.c:226:12:cmd_adc_acq	16	static
C:/ncs/v2.2.0/zephyr/drivers/adc/adc_shell.c:284:12:cmd_adc_ref	24	static
C:/ncs/v2.2.0/zephyr/drivers/adc/adc_shell.c:359:1:cmd_dict_cmd_adc_ref_EXTERNAL_1	8	static
C:/ncs/v2.2.0/zephyr/drivers/adc/adc_shell.c:359:1:cmd_dict_cmd_adc_ref_EXTERNAL_0	8	static
C:/ncs/v2.2.0/zephyr/drivers/adc/adc_shell.c:359:1:cmd_dict_cmd_adc_ref_INTERNAL	8	static
C:/ncs/v2.2.0/zephyr/drivers/adc/adc_shell.c:359:1:cmd_dict_cmd_adc_ref_VDD_1_4	8	static
C:/ncs/v2.2.0/zephyr/drivers/adc/adc_shell.c:359:1:cmd_dict_cmd_adc_ref_VDD_1_3	8	static
C:/ncs/v2.2.0/zephyr/drivers/adc/adc_shell.c:359:1:cmd_dict_cmd_adc_ref_VDD_1_2	8	static
C:/ncs/v2.2.0/zephyr/drivers/adc/adc_shell.c:359:1:cmd_dict_cmd_adc_ref_VDD_1	8	static
C:/ncs/v2.2.0/zephyr/drivers/adc/adc_shell.c:202:12:cmd_adc_gain	24	static
C:/ncs/v2.2.0/zephyr/drivers/adc/adc_shell.c:369:1:cmd_dict_cmd_adc_gain_GAIN_64	8	static
C:/ncs/v2.2.0/zephyr/drivers/adc/adc_shell.c:369:1:cmd_dict_cmd_adc_gain_GAIN_32	8	static
C:/ncs/v2.2.0/zephyr/drivers/adc/adc_shell.c:369:1:cmd_dict_cmd_adc_gain_GAIN_16	8	static
C:/ncs/v2.2.0/zephyr/drivers/adc/adc_shell.c:369:1:cmd_dict_cmd_adc_gain_GAIN_8	8	static
C:/ncs/v2.2.0/zephyr/drivers/adc/adc_shell.c:369:1:cmd_dict_cmd_adc_gain_GAIN_4	8	static
C:/ncs/v2.2.0/zephyr/drivers/adc/adc_shell.c:369:1:cmd_dict_cmd_adc_gain_GAIN_3	8	static
C:/ncs/v2.2.0/zephyr/drivers/adc/adc_shell.c:369:1:cmd_dict_cmd_adc_gain_GAIN_2	8	static
C:/ncs/v2.2.0/zephyr/drivers/adc/adc_shell.c:369:1:cmd_dict_cmd_adc_gain_GAIN_1	8	static
C:/ncs/v2.2.0/zephyr/drivers/adc/adc_shell.c:369:1:cmd_dict_cmd_adc_gain_GAIN_2_3	8	static
C:/ncs/v2.2.0/zephyr/drivers/adc/adc_shell.c:369:1:cmd_dict_cmd_adc_gain_GAIN_1_2	8	static
C:/ncs/v2.2.0/zephyr/drivers/adc/adc_shell.c:369:1:cmd_dict_cmd_adc_gain_GAIN_1_3	8	static
C:/ncs/v2.2.0/zephyr/drivers/adc/adc_shell.c:369:1:cmd_dict_cmd_adc_gain_GAIN_1_4	8	static
C:/ncs/v2.2.0/zephyr/drivers/adc/adc_shell.c:369:1:cmd_dict_cmd_adc_gain_GAIN_1_5	8	static
C:/ncs/v2.2.0/zephyr/drivers/adc/adc_shell.c:369:1:cmd_dict_cmd_adc_gain_GAIN_1_6	8	static
