C:/ncs/v2.2.0/modules/hal/nordic/nrfx/hal/nrf_gpiote.h:547:24:nrf_gpiote_event_configure	4	static
C:/ncs/v2.2.0/modules/hal/nordic/nrfx/hal/nrf_gpiote.h:592:24:nrf_gpiote_task_configure	4	static
C:/ncs/v2.2.0/modules/hal/nordic/nrfx/hal/nrf_gpio.h:939:24:nrf_gpio_latches_read_and_clear	16	static
C:/ncs/v2.2.0/modules/hal/nordic/nrfx/hal/nrf_gpio.h:989:24:nrf_gpio_pin_present_check	0	static
C:/ncs/v2.2.0/modules/hal/nordic/nrfx/drivers/src/nrfx_gpiote.c:184:13:pin_in_use	0	static
C:/ncs/v2.2.0/modules/hal/nordic/nrfx/drivers/src/nrfx_gpiote.c:197:13:pin_in_use_by_te	0	static
C:/ncs/v2.2.0/modules/hal/nordic/nrfx/drivers/src/nrfx_gpiote.c:208:13:pin_has_trigger	0	static
C:/ncs/v2.2.0/modules/hal/nordic/nrfx/drivers/src/nrfx_gpiote.c:221:13:pin_is_output	0	static
C:/ncs/v2.2.0/modules/hal/nordic/nrfx/drivers/src/nrfx_gpiote.c:232:13:pin_is_task_output	8	static
C:/ncs/v2.2.0/modules/hal/nordic/nrfx/drivers/src/nrfx_gpiote.c:243:13:pin_is_input	8	static
C:/ncs/v2.2.0/modules/hal/nordic/nrfx/drivers/src/nrfx_gpiote.c:249:30:gpiote_polarity_to_trigger	0	static
C:/ncs/v2.2.0/modules/hal/nordic/nrfx/drivers/src/nrfx_gpiote.c:255:30:gpiote_trigger_to_polarity	0	static
C:/ncs/v2.2.0/modules/hal/nordic/nrfx/drivers/src/nrfx_gpiote.c:261:16:pin_te_get	0	static
C:/ncs/v2.2.0/modules/hal/nordic/nrfx/drivers/src/nrfx_gpiote.c:266:13:is_level	0	static
C:/ncs/v2.2.0/modules/hal/nordic/nrfx/drivers/src/nrfx_gpiote.c:271:13:handler_in_use	0	static
C:/ncs/v2.2.0/modules/hal/nordic/nrfx/drivers/src/nrfx_gpiote.c:345:16:find_handler	0	static
C:/ncs/v2.2.0/modules/hal/nordic/nrfx/drivers/src/nrfx_gpiote.c:579:45:channel_handler_get	0	static
C:/ncs/v2.2.0/modules/hal/nordic/nrfx/drivers/src/nrfx_gpiote.c:1088:13:call_handler	16	static
C:/ncs/v2.2.0/modules/hal/nordic/nrfx/drivers/src/nrfx_gpiote.c:1140:13:latch_pending_read_and_check	8	static
C:/ncs/v2.2.0/modules/hal/nordic/nrfx/drivers/src/nrfx_gpiote.c:287:13:release_handler	8	static
C:/ncs/v2.2.0/modules/hal/nordic/nrfx/drivers/src/nrfx_gpiote.c:313:13:pin_handler_trigger_uninit	8	static
C:/ncs/v2.2.0/modules/hal/nordic/nrfx/hal/nrf_gpio.h:581:35:nrf_gpio_pin_port_decode	16	static
C:/ncs/v2.2.0/modules/hal/nordic/nrfx/hal/nrf_gpio.h:696:24:nrf_gpio_cfg_default	16	static
C:/ncs/v2.2.0/modules/hal/nordic/nrfx/hal/nrf_gpio.h:646:24:nrf_gpio_reconfigure	32	static
C:/ncs/v2.2.0/modules/hal/nordic/nrfx/hal/nrf_gpio.h:738:24:nrf_gpio_cfg_sense_set	24	static
C:/ncs/v2.2.0/modules/hal/nordic/nrfx/hal/nrf_gpio.h:764:24:nrf_gpio_pin_set	16	static
C:/ncs/v2.2.0/modules/hal/nordic/nrfx/hal/nrf_gpio.h:772:24:nrf_gpio_pin_clear	16	static
C:/ncs/v2.2.0/modules/hal/nordic/nrfx/hal/nrf_gpio.h:780:24:nrf_gpio_pin_toggle	16	static
C:/ncs/v2.2.0/modules/hal/nordic/nrfx/hal/nrf_gpio.h:803:28:nrf_gpio_pin_read	16	static
C:/ncs/v2.2.0/modules/hal/nordic/nrfx/drivers/src/nrfx_gpiote.c:393:36:get_initial_sense	8	static
C:/ncs/v2.2.0/modules/hal/nordic/nrfx/hal/nrf_gpio.h:819:40:nrf_gpio_pin_sense_get	16	static
C:/ncs/v2.2.0/modules/hal/nordic/nrfx/drivers/src/nrfx_gpiote.c:1102:13:next_sense_cond_call_handler	16	static
C:/ncs/v2.2.0/modules/hal/nordic/nrfx/hal/nrf_gpio.h:965:24:nrf_gpio_pin_latch_clear	16	static
C:/ncs/v2.2.0/modules/hal/nordic/nrfx/hal/nrf_gpiote.h:628:37:nrf_gpiote_out_task_get	8	static
C:/ncs/v2.2.0/modules/hal/nordic/nrfx/hal/nrf_gpiote.h:635:37:nrf_gpiote_set_task_get	8	static
C:/ncs/v2.2.0/modules/hal/nordic/nrfx/hal/nrf_gpiote.h:643:37:nrf_gpiote_clr_task_get	8	static
C:/ncs/v2.2.0/modules/hal/nordic/nrfx/drivers/src/nrfx_gpiote.c:929:13:legacy_handler	16	static
C:/ncs/v2.2.0/modules/hal/nordic/nrfx/hal/nrf_gpiote.h:650:38:nrf_gpiote_in_event_get	8	static
C:/ncs/v2.2.0/modules/hal/nordic/nrfx/drivers/src/nrfx_gpiote.c:359:19:pin_handler_set	24	static
C:/ncs/v2.2.0/modules/hal/nordic/nrfx/drivers/src/nrfx_gpiote.c:1157:13:port_event_handle	24	static
C:/ncs/v2.2.0/modules/hal/nordic/nrfx/drivers/src/nrfx_gpiote.c:1303:13:gpiote_evt_handle	16	static
C:/ncs/v2.2.0/modules/hal/nordic/nrfx/drivers/src/nrfx_gpiote.c:415:12:nrfx_gpiote_input_configure	40	static
C:/ncs/v2.2.0/modules/hal/nordic/nrfx/drivers/src/nrfx_gpiote.c:507:12:nrfx_gpiote_output_configure	32	static
C:/ncs/v2.2.0/modules/hal/nordic/nrfx/drivers/src/nrfx_gpiote.c:557:6:nrfx_gpiote_global_callback_set	0	static
C:/ncs/v2.2.0/modules/hal/nordic/nrfx/drivers/src/nrfx_gpiote.c:563:12:nrfx_gpiote_channel_get	16	static
C:/ncs/v2.2.0/modules/hal/nordic/nrfx/drivers/src/nrfx_gpiote.c:591:12:nrfx_gpiote_init	8	static
C:/ncs/v2.2.0/modules/hal/nordic/nrfx/drivers/src/nrfx_gpiote.c:620:6:nrfx_gpiote_is_init	0	static
C:/ncs/v2.2.0/modules/hal/nordic/nrfx/drivers/src/nrfx_gpiote.c:658:12:nrfx_gpiote_channel_free	8	static
C:/ncs/v2.2.0/modules/hal/nordic/nrfx/drivers/src/nrfx_gpiote.c:663:12:nrfx_gpiote_channel_alloc	8	static
C:/ncs/v2.2.0/modules/hal/nordic/nrfx/drivers/src/nrfx_gpiote.c:697:12:nrfx_gpiote_out_prealloc_init	32	static
C:/ncs/v2.2.0/modules/hal/nordic/nrfx/drivers/src/nrfx_gpiote.c:668:12:nrfx_gpiote_out_init	24	static
C:/ncs/v2.2.0/modules/hal/nordic/nrfx/drivers/src/nrfx_gpiote.c:752:6:nrfx_gpiote_out_set	8	static
C:/ncs/v2.2.0/modules/hal/nordic/nrfx/drivers/src/nrfx_gpiote.c:761:6:nrfx_gpiote_out_clear	8	static
C:/ncs/v2.2.0/modules/hal/nordic/nrfx/drivers/src/nrfx_gpiote.c:770:6:nrfx_gpiote_out_toggle	8	static
C:/ncs/v2.2.0/modules/hal/nordic/nrfx/drivers/src/nrfx_gpiote.c:778:6:nrfx_gpiote_out_task_enable	8	static
C:/ncs/v2.2.0/modules/hal/nordic/nrfx/drivers/src/nrfx_gpiote.c:788:6:nrfx_gpiote_out_task_disable	8	static
C:/ncs/v2.2.0/modules/hal/nordic/nrfx/drivers/src/nrfx_gpiote.c:797:19:nrfx_gpiote_out_task_get	8	static
C:/ncs/v2.2.0/modules/hal/nordic/nrfx/drivers/src/nrfx_gpiote.c:806:10:nrfx_gpiote_out_task_addr_get	8	static
C:/ncs/v2.2.0/modules/hal/nordic/nrfx/drivers/src/nrfx_gpiote.c:814:19:nrfx_gpiote_set_task_get	8	static
C:/ncs/v2.2.0/modules/hal/nordic/nrfx/drivers/src/nrfx_gpiote.c:823:10:nrfx_gpiote_set_task_addr_get	8	static
C:/ncs/v2.2.0/modules/hal/nordic/nrfx/drivers/src/nrfx_gpiote.c:832:19:nrfx_gpiote_clr_task_get	8	static
C:/ncs/v2.2.0/modules/hal/nordic/nrfx/drivers/src/nrfx_gpiote.c:841:10:nrfx_gpiote_clr_task_addr_get	8	static
C:/ncs/v2.2.0/modules/hal/nordic/nrfx/drivers/src/nrfx_gpiote.c:849:6:nrfx_gpiote_out_task_force	16	static
C:/ncs/v2.2.0/modules/hal/nordic/nrfx/drivers/src/nrfx_gpiote.c:860:6:nrfx_gpiote_out_task_trigger	8	static
C:/ncs/v2.2.0/modules/hal/nordic/nrfx/drivers/src/nrfx_gpiote.c:871:6:nrfx_gpiote_set_task_trigger	8	static
C:/ncs/v2.2.0/modules/hal/nordic/nrfx/drivers/src/nrfx_gpiote.c:885:6:nrfx_gpiote_clr_task_trigger	8	static
C:/ncs/v2.2.0/modules/hal/nordic/nrfx/drivers/src/nrfx_gpiote.c:936:12:nrfx_gpiote_in_prealloc_init	48	static
C:/ncs/v2.2.0/modules/hal/nordic/nrfx/drivers/src/nrfx_gpiote.c:899:12:nrfx_gpiote_in_init	32	static
C:/ncs/v2.2.0/modules/hal/nordic/nrfx/drivers/src/nrfx_gpiote.c:989:6:nrfx_gpiote_trigger_enable	16	static
C:/ncs/v2.2.0/modules/hal/nordic/nrfx/drivers/src/nrfx_gpiote.c:1011:6:nrfx_gpiote_trigger_disable	8	static
C:/ncs/v2.2.0/modules/hal/nordic/nrfx/drivers/src/nrfx_gpiote.c:331:12:nrfx_gpiote_pin_uninit	8	static
C:/ncs/v2.2.0/modules/hal/nordic/nrfx/drivers/src/nrfx_gpiote.c:733:6:nrfx_gpiote_out_uninit	16	static
C:/ncs/v2.2.0/modules/hal/nordic/nrfx/drivers/src/nrfx_gpiote.c:1026:6:nrfx_gpiote_in_uninit	16	static
C:/ncs/v2.2.0/modules/hal/nordic/nrfx/drivers/src/nrfx_gpiote.c:626:6:nrfx_gpiote_uninit	8	static
C:/ncs/v2.2.0/modules/hal/nordic/nrfx/drivers/src/nrfx_gpiote.c:1060:6:nrfx_gpiote_in_is_set	8	static
C:/ncs/v2.2.0/modules/hal/nordic/nrfx/drivers/src/nrfx_gpiote.c:1067:20:nrfx_gpiote_in_event_get	8	static
C:/ncs/v2.2.0/modules/hal/nordic/nrfx/drivers/src/nrfx_gpiote.c:1082:10:nrfx_gpiote_in_event_addr_get	8	static
C:/ncs/v2.2.0/modules/hal/nordic/nrfx/drivers/src/nrfx_gpiote.c:1316:6:nrfx_gpiote_irq_handler	16	static
