C:/ncs/v2.2.0/modules/hal/nordic/nrfx/hal/nrf_usbd.h:1404:24:nrf_usbd_ep_easydma_set	0	static
C:/ncs/v2.2.0/modules/hal/nordic/nrfx/mdk/nrf52_erratas.h:8041:13:nrf52_errata_166	0	static
C:/ncs/v2.2.0/modules/hal/nordic/nrfx/mdk/nrf52_erratas.h:8169:13:nrf52_errata_171	0	static
C:/ncs/v2.2.0/modules/hal/nordic/nrfx/mdk/nrf52_erratas.h:9350:13:nrf52_errata_187	0	static
C:/ncs/v2.2.0/modules/hal/nordic/nrfx/mdk/nrf52_erratas.h:10130:13:nrf52_errata_199	0	static
C:/ncs/v2.2.0/modules/hal/nordic/nrfx/mdk/nrf52_erratas.h:11663:13:nrf52_errata_223	0	static
C:/ncs/v2.2.0/modules/hal/nordic/nrfx/drivers/src/nrfx_usbd.c:880:13:ev_usbreset_handler	16	static
C:/ncs/v2.2.0/modules/hal/nordic/nrfx/drivers/src/nrfx_usbd.c:892:13:ev_started_handler	0	static
C:/ncs/v2.2.0/modules/hal/nordic/nrfx/drivers/src/nrfx_usbd.c:1478:20:usbd_errata_171_begin	0	static
C:/ncs/v2.2.0/modules/hal/nordic/nrfx/drivers/src/nrfx_usbd.c:1497:20:usbd_errata_171_end	0	static
C:/ncs/v2.2.0/modules/hal/nordic/nrfx/drivers/src/nrfx_usbd.c:1516:20:usbd_errata_187_211_begin	0	static
C:/ncs/v2.2.0/modules/hal/nordic/nrfx/drivers/src/nrfx_usbd.c:1535:20:usbd_errata_187_211_end	0	static
C:/ncs/v2.2.0/modules/hal/nordic/nrfx/drivers/src/nrfx_usbd.c:1554:13:usbd_enable	16	static
C:/ncs/v2.2.0/modules/hal/nordic/nrfx/drivers/src/nrfx_usbd.c:452:6:nrfx_usbd_consumer	16	static
C:/ncs/v2.2.0/modules/hal/nordic/nrfx/drivers/src/nrfx_usbd.c:492:6:nrfx_usbd_feeder_ram	8	static
C:/ncs/v2.2.0/modules/hal/nordic/nrfx/drivers/src/nrfx_usbd.c:525:6:nrfx_usbd_feeder_ram_zlp	8	static
C:/ncs/v2.2.0/modules/hal/nordic/nrfx/drivers/src/nrfx_usbd.c:665:32:ep_state_access	8	static
C:/ncs/v2.2.0/modules/hal/nordic/nrfx/drivers/src/nrfx_usbd.c:684:23:ep2bit	8	static
C:/ncs/v2.2.0/modules/hal/nordic/nrfx/drivers/src/nrfx_usbd.c:361:32:nrfx_usbd_ep_to_endevent	8	static
C:/ncs/v2.2.0/modules/hal/nordic/nrfx/drivers/src/nrfx_usbd.c:1230:13:ev_usbevent_handler	16	static
C:/ncs/v2.2.0/modules/hal/nordic/nrfx/hal/nrf_usbd.h:1222:26:nrf_usbd_episoout_size_get	8	static
C:/ncs/v2.2.0/modules/hal/nordic/nrfx/drivers/src/nrfx_usbd.c:1117:13:ev_sof_handler	16	static
C:/ncs/v2.2.0/modules/hal/nordic/nrfx/drivers/src/nrfx_usbd.c:649:31:task_start_ep	8	static
C:/ncs/v2.2.0/modules/hal/nordic/nrfx/drivers/src/nrfx_usbd.c:746:20:usbd_dma_start	8	static
C:/ncs/v2.2.0/modules/hal/nordic/nrfx/drivers/src/nrfx_usbd.c:636:23:ep_to_hal	8	static
C:/ncs/v2.2.0/modules/hal/nordic/nrfx/hal/nrf_usbd.h:1290:24:nrf_usbd_ep_enable_check	8	static
C:/ncs/v2.2.0/modules/hal/nordic/nrfx/drivers/src/nrfx_usbd.c:402:24:nrfx_usbd_ep_to_int	8	static
C:/ncs/v2.2.0/modules/hal/nordic/nrfx/hal/nrf_usbd.h:1305:24:nrf_usbd_ep_enable	8	static
C:/ncs/v2.2.0/modules/hal/nordic/nrfx/hal/nrf_usbd.h:1320:24:nrf_usbd_ep_disable	8	static
C:/ncs/v2.2.0/modules/hal/nordic/nrfx/hal/nrf_usbd.h:1204:26:nrf_usbd_epout_size_get	8	static
C:/ncs/v2.2.0/modules/hal/nordic/nrfx/hal/nrf_usbd.h:1347:24:nrf_usbd_ep_stall	8	static
C:/ncs/v2.2.0/modules/hal/nordic/nrfx/hal/nrf_usbd.h:1353:24:nrf_usbd_ep_unstall	8	static
C:/ncs/v2.2.0/modules/hal/nordic/nrfx/hal/nrf_usbd.h:1270:24:nrf_usbd_dtoggle_set	8	static
C:/ncs/v2.2.0/modules/hal/nordic/nrfx/hal/nrf_usbd.h:1241:24:nrf_usbd_epout_clear	8	static
C:/ncs/v2.2.0/modules/hal/nordic/nrfx/drivers/src/nrfx_usbd.c:1311:16:usbd_dma_scheduler_algorithm	0	static
C:/ncs/v2.2.0/modules/hal/nordic/nrfx/drivers/src/nrfx_usbd.c:940:20:nrf_usbd_epin_dma_handler	8	static
C:/ncs/v2.2.0/modules/hal/nordic/nrfx/drivers/src/nrfx_usbd.c:1104:13:ev_dma_epin7_handler	8	static
C:/ncs/v2.2.0/modules/hal/nordic/nrfx/drivers/src/nrfx_usbd.c:1103:13:ev_dma_epin6_handler	8	static
C:/ncs/v2.2.0/modules/hal/nordic/nrfx/drivers/src/nrfx_usbd.c:1102:13:ev_dma_epin5_handler	8	static
C:/ncs/v2.2.0/modules/hal/nordic/nrfx/drivers/src/nrfx_usbd.c:1101:13:ev_dma_epin4_handler	8	static
C:/ncs/v2.2.0/modules/hal/nordic/nrfx/drivers/src/nrfx_usbd.c:1100:13:ev_dma_epin3_handler	8	static
C:/ncs/v2.2.0/modules/hal/nordic/nrfx/drivers/src/nrfx_usbd.c:1099:13:ev_dma_epin2_handler	8	static
C:/ncs/v2.2.0/modules/hal/nordic/nrfx/drivers/src/nrfx_usbd.c:1098:13:ev_dma_epin1_handler	8	static
C:/ncs/v2.2.0/modules/hal/nordic/nrfx/drivers/src/nrfx_usbd.c:909:20:nrf_usbd_ep0in_dma_handler	8	static
C:/ncs/v2.2.0/modules/hal/nordic/nrfx/drivers/src/nrfx_usbd.c:1142:13:usbd_ep_data_handler	24	static
C:/ncs/v2.2.0/modules/hal/nordic/nrfx/drivers/src/nrfx_usbd.c:1191:13:ev_setup_data_handler	8	static
C:/ncs/v2.2.0/modules/hal/nordic/nrfx/drivers/src/nrfx_usbd.c:1097:13:ev_dma_epin0_handler	8	static
C:/ncs/v2.2.0/modules/hal/nordic/nrfx/drivers/src/nrfx_usbd.c:1069:20:nrf_usbd_epoutiso_dma_handler	16	static
C:/ncs/v2.2.0/modules/hal/nordic/nrfx/drivers/src/nrfx_usbd.c:1115:13:ev_dma_epout8_handler	8	static
C:/ncs/v2.2.0/modules/hal/nordic/nrfx/drivers/src/nrfx_usbd.c:967:20:nrf_usbd_epiniso_dma_handler	16	static
C:/ncs/v2.2.0/modules/hal/nordic/nrfx/drivers/src/nrfx_usbd.c:1105:13:ev_dma_epin8_handler	8	static
C:/ncs/v2.2.0/modules/hal/nordic/nrfx/drivers/src/nrfx_usbd.c:751:6:nrfx_usbd_isoinconfig_set	0	static
C:/ncs/v2.2.0/modules/hal/nordic/nrfx/drivers/src/nrfx_usbd.c:756:24:nrfx_usbd_isoinconfig_get	0	static
C:/ncs/v2.2.0/modules/hal/nordic/nrfx/drivers/src/nrfx_usbd.c:1698:6:nrfx_usbd_uninit	8	static
C:/ncs/v2.2.0/modules/hal/nordic/nrfx/drivers/src/nrfx_usbd.c:1708:6:nrfx_usbd_enable	8	static
C:/ncs/v2.2.0/modules/hal/nordic/nrfx/drivers/src/nrfx_usbd.c:1792:6:nrfx_usbd_start	8	static
C:/ncs/v2.2.0/modules/hal/nordic/nrfx/drivers/src/nrfx_usbd.c:1846:6:nrfx_usbd_is_initialized	0	static
C:/ncs/v2.2.0/modules/hal/nordic/nrfx/drivers/src/nrfx_usbd.c:1851:6:nrfx_usbd_is_enabled	0	static
C:/ncs/v2.2.0/modules/hal/nordic/nrfx/drivers/src/nrfx_usbd.c:1856:6:nrfx_usbd_is_started	8	static
C:/ncs/v2.2.0/modules/hal/nordic/nrfx/drivers/src/nrfx_usbd.c:1888:6:nrfx_usbd_wakeup_req	16	static
C:/ncs/v2.2.0/modules/hal/nordic/nrfx/drivers/src/nrfx_usbd.c:1918:6:nrfx_usbd_suspend_check	0	static
C:/ncs/v2.2.0/modules/hal/nordic/nrfx/drivers/src/nrfx_usbd.c:1923:6:nrfx_usbd_suspend_irq_config	0	static
C:/ncs/v2.2.0/modules/hal/nordic/nrfx/drivers/src/nrfx_usbd.c:1928:6:nrfx_usbd_active_irq_config	0	static
C:/ncs/v2.2.0/modules/hal/nordic/nrfx/drivers/src/nrfx_usbd.c:1933:6:nrfx_usbd_bus_suspend_check	0	static
C:/ncs/v2.2.0/modules/hal/nordic/nrfx/drivers/src/nrfx_usbd.c:1938:6:nrfx_usbd_force_bus_wakeup	0	static
C:/ncs/v2.2.0/modules/hal/nordic/nrfx/drivers/src/nrfx_usbd.c:1943:6:nrfx_usbd_ep_max_packet_size_set	8	static
C:/ncs/v2.2.0/modules/hal/nordic/nrfx/drivers/src/nrfx_usbd.c:1661:12:nrfx_usbd_init	16	static
C:/ncs/v2.2.0/modules/hal/nordic/nrfx/drivers/src/nrfx_usbd.c:1957:10:nrfx_usbd_ep_max_packet_size_get	8	static
C:/ncs/v2.2.0/modules/hal/nordic/nrfx/drivers/src/nrfx_usbd.c:1963:6:nrfx_usbd_ep_enable_check	8	static
C:/ncs/v2.2.0/modules/hal/nordic/nrfx/drivers/src/nrfx_usbd.c:1995:6:nrfx_usbd_ep_default_config	0	static
C:/ncs/v2.2.0/modules/hal/nordic/nrfx/drivers/src/nrfx_usbd.c:2018:12:nrfx_usbd_ep_transfer	24	static
C:/ncs/v2.2.0/modules/hal/nordic/nrfx/drivers/src/nrfx_usbd.c:2130:12:nrfx_usbd_ep_handled_transfer	24	static
C:/ncs/v2.2.0/modules/hal/nordic/nrfx/drivers/src/nrfx_usbd.c:2179:8:nrfx_usbd_feeder_buffer_get	0	static
C:/ncs/v2.2.0/modules/hal/nordic/nrfx/drivers/src/nrfx_usbd.c:558:6:nrfx_usbd_feeder_flash	32	static
C:/ncs/v2.2.0/modules/hal/nordic/nrfx/drivers/src/nrfx_usbd.c:593:6:nrfx_usbd_feeder_flash_zlp	32	static
C:/ncs/v2.2.0/modules/hal/nordic/nrfx/drivers/src/nrfx_usbd.c:2184:23:nrfx_usbd_ep_status_get	8	static
C:/ncs/v2.2.0/modules/hal/nordic/nrfx/drivers/src/nrfx_usbd.c:2196:8:nrfx_usbd_epout_size_get	8	static
C:/ncs/v2.2.0/modules/hal/nordic/nrfx/drivers/src/nrfx_usbd.c:1346:13:usbd_dmareq_process	40	static
C:/ncs/v2.2.0/modules/hal/nordic/nrfx/drivers/src/nrfx_usbd.c:1276:13:ev_epdata_handler	8	static
C:/ncs/v2.2.0/modules/hal/nordic/nrfx/drivers/src/nrfx_usbd.c:1034:20:nrf_usbd_epout_dma_handler	16	static
C:/ncs/v2.2.0/modules/hal/nordic/nrfx/drivers/src/nrfx_usbd.c:1114:13:ev_dma_epout7_handler	8	static
C:/ncs/v2.2.0/modules/hal/nordic/nrfx/drivers/src/nrfx_usbd.c:1113:13:ev_dma_epout6_handler	8	static
C:/ncs/v2.2.0/modules/hal/nordic/nrfx/drivers/src/nrfx_usbd.c:1112:13:ev_dma_epout5_handler	8	static
C:/ncs/v2.2.0/modules/hal/nordic/nrfx/drivers/src/nrfx_usbd.c:1111:13:ev_dma_epout4_handler	8	static
C:/ncs/v2.2.0/modules/hal/nordic/nrfx/drivers/src/nrfx_usbd.c:1110:13:ev_dma_epout3_handler	8	static
C:/ncs/v2.2.0/modules/hal/nordic/nrfx/drivers/src/nrfx_usbd.c:1109:13:ev_dma_epout2_handler	8	static
C:/ncs/v2.2.0/modules/hal/nordic/nrfx/drivers/src/nrfx_usbd.c:1108:13:ev_dma_epout1_handler	8	static
C:/ncs/v2.2.0/modules/hal/nordic/nrfx/drivers/src/nrfx_usbd.c:2201:6:nrfx_usbd_ep_is_busy	8	static
C:/ncs/v2.2.0/modules/hal/nordic/nrfx/drivers/src/nrfx_usbd.c:2206:6:nrfx_usbd_ep_stall	8	static
C:/ncs/v2.2.0/modules/hal/nordic/nrfx/drivers/src/nrfx_usbd.c:2221:6:nrfx_usbd_ep_stall_check	8	static
C:/ncs/v2.2.0/modules/hal/nordic/nrfx/drivers/src/nrfx_usbd.c:2226:6:nrfx_usbd_ep_dtoggle_clear	8	static
C:/ncs/v2.2.0/modules/hal/nordic/nrfx/drivers/src/nrfx_usbd.c:2231:6:nrfx_usbd_setup_get	0	static
C:/ncs/v2.2.0/modules/hal/nordic/nrfx/drivers/src/nrfx_usbd.c:2241:6:nrfx_usbd_setup_data_clear	0	static
C:/ncs/v2.2.0/modules/hal/nordic/nrfx/drivers/src/nrfx_usbd.c:1002:20:nrf_usbd_ep0out_dma_handler	16	static
C:/ncs/v2.2.0/modules/hal/nordic/nrfx/drivers/src/nrfx_usbd.c:1107:13:ev_dma_epout0_handler	8	static
C:/ncs/v2.2.0/modules/hal/nordic/nrfx/drivers/src/nrfx_usbd.c:2246:6:nrfx_usbd_setup_clear	0	static
C:/ncs/v2.2.0/modules/hal/nordic/nrfx/drivers/src/nrfx_usbd.c:2252:6:nrfx_usbd_setup_stall	0	static
C:/ncs/v2.2.0/modules/hal/nordic/nrfx/drivers/src/nrfx_usbd.c:2258:16:nrfx_usbd_last_setup_dir_get	0	static
C:/ncs/v2.2.0/modules/hal/nordic/nrfx/drivers/src/nrfx_usbd.c:2263:6:nrfx_usbd_transfer_out_drop	16	static
C:/ncs/v2.2.0/modules/hal/nordic/nrfx/drivers/src/nrfx_usbd.c:774:20:usbd_ep_abort	32	static
C:/ncs/v2.2.0/modules/hal/nordic/nrfx/drivers/src/nrfx_usbd.c:835:6:nrfx_usbd_ep_abort	8	static
C:/ncs/v2.2.0/modules/hal/nordic/nrfx/drivers/src/nrfx_usbd.c:1196:13:ev_setup_handler	24	static
C:/ncs/v2.2.0/modules/hal/nordic/nrfx/drivers/src/nrfx_usbd.c:1622:6:nrfx_usbd_irq_handler	16	static
C:/ncs/v2.2.0/modules/hal/nordic/nrfx/drivers/src/nrfx_usbd.c:846:13:usbd_ep_abort_all	16	static
C:/ncs/v2.2.0/modules/hal/nordic/nrfx/drivers/src/nrfx_usbd.c:1823:6:nrfx_usbd_stop	8	static
C:/ncs/v2.2.0/modules/hal/nordic/nrfx/drivers/src/nrfx_usbd.c:1771:6:nrfx_usbd_disable	8	static
C:/ncs/v2.2.0/modules/hal/nordic/nrfx/drivers/src/nrfx_usbd.c:1861:6:nrfx_usbd_suspend	16	static
C:/ncs/v2.2.0/modules/hal/nordic/nrfx/drivers/src/nrfx_usbd.c:1988:6:nrfx_usbd_ep_disable	16	static
C:/ncs/v2.2.0/modules/hal/nordic/nrfx/drivers/src/nrfx_usbd.c:1968:6:nrfx_usbd_ep_enable	16	static
C:/ncs/v2.2.0/modules/hal/nordic/nrfx/drivers/src/nrfx_usbd.c:2212:6:nrfx_usbd_ep_stall_clear	8	static
