../src/audio/audio_datapath.c:158:13:hfclkaudio_set	0	static
../src/audio/audio_datapath.c:512:12:alt_buffer_get	0	static
../src/audio/audio_datapath.c:533:13:alt_buffer_free	0	static
../src/audio/audio_datapath.c:545:13:alt_buffer_free_both	0	static
../src/audio/audio_datapath.c:433:13:tone_stop_worker	8	static
../src/audio/audio_datapath.c:442:13:tone_stop_timer_handler	8	static
../src/audio/audio_datapath.c:172:13:drift_comp_state_set	80	dynamic,bounded
../src/audio/audio_datapath.c:192:13:audio_datapath_drift_compensation	8	static
../src/audio/audio_datapath.c:283:13:pres_comp_state_set	96	dynamic,bounded
../src/audio/audio_datapath.c:313:13:audio_datapath_presentation_compensation	104	dynamic,bounded
../src/audio/audio_datapath.c:665:13:audio_datapath_i2s_start	240	dynamic,bounded
../src/audio/audio_datapath.c:705:13:audio_datapath_i2s_stop	8	static
../src/audio/audio_datapath.c:479:13:tone_mix	200	dynamic,bounded
../src/audio/audio_datapath.c:561:13:audio_datapath_i2s_blk_complete	360	dynamic,bounded
../src/audio/audio_datapath.c:991:12:cmd_hfclkaudio_drift_comp_disable	8	static
../src/audio/audio_datapath.c:978:12:cmd_hfclkaudio_drift_comp_enable	8	static
../src/audio/audio_datapath.c:449:5:audio_datapath_tone_play	24	static
../src/audio/audio_datapath.c:473:6:audio_datapath_tone_stop	8	static
../src/audio/audio_datapath.c:966:12:cmd_i2s_tone_stop	8	static
../src/audio/audio_datapath.c:914:12:cmd_i2s_tone_play	56	static
../src/audio/audio_datapath.c:711:5:audio_datapath_pres_delay_us_set	56	dynamic,bounded
../src/audio/audio_datapath.c:725:6:audio_datapath_pres_delay_us_get	0	static
../src/audio/audio_datapath.c:730:6:audio_datapath_just_in_time_check_and_adjust	40	static
../src/audio/audio_datapath.c:754:6:audio_datapath_sdu_ref_update	40	static
../src/audio/audio_datapath.c:763:6:audio_datapath_stream_out	240	dynamic,bounded
../src/audio/audio_datapath.c:864:5:audio_datapath_start	40	static
../src/audio/audio_datapath.c:888:5:audio_datapath_stop	16	static
../src/audio/audio_datapath.c:903:5:audio_datapath_init	8	static
