C:/ncs/v2.2.0/zephyr/subsys/bluetooth/audio/vcs.c:461:5:bt_vcs_included_get	8	static
C:/ncs/v2.2.0/zephyr/subsys/bluetooth/audio/vcs.c:490:5:bt_vcs_vol_step_set	0	static
C:/ncs/v2.2.0/zephyr/subsys/bluetooth/audio/vcs.c:504:5:bt_vcs_vol_get	8	static
C:/ncs/v2.2.0/zephyr/subsys/bluetooth/audio/vcs.c:527:5:bt_vcs_flags_get	8	static
C:/ncs/v2.2.0/zephyr/subsys/bluetooth/audio/vcs.c:549:5:bt_vcs_vol_down	8	static
C:/ncs/v2.2.0/zephyr/subsys/bluetooth/audio/vcs.c:573:5:bt_vcs_vol_up	8	static
C:/ncs/v2.2.0/zephyr/subsys/bluetooth/audio/vcs.c:597:5:bt_vcs_unmute_vol_down	8	static
C:/ncs/v2.2.0/zephyr/subsys/bluetooth/audio/vcs.c:621:5:bt_vcs_unmute_vol_up	8	static
C:/ncs/v2.2.0/zephyr/subsys/bluetooth/audio/vcs.c:645:5:bt_vcs_vol_set	8	static
C:/ncs/v2.2.0/zephyr/subsys/bluetooth/audio/vcs.c:672:5:bt_vcs_unmute	8	static
C:/ncs/v2.2.0/zephyr/subsys/bluetooth/audio/vcs.c:696:5:bt_vcs_mute	8	static
C:/ncs/v2.2.0/zephyr/subsys/bluetooth/audio/vcs.c:720:5:bt_vcs_vocs_state_get	0	static
C:/ncs/v2.2.0/zephyr/subsys/bluetooth/audio/vcs.c:739:5:bt_vcs_vocs_location_get	0	static
C:/ncs/v2.2.0/zephyr/subsys/bluetooth/audio/vcs.c:758:5:bt_vcs_vocs_location_set	0	static
C:/ncs/v2.2.0/zephyr/subsys/bluetooth/audio/vcs.c:778:5:bt_vcs_vocs_state_set	0	static
C:/ncs/v2.2.0/zephyr/subsys/bluetooth/audio/vcs.c:798:5:bt_vcs_vocs_description_get	0	static
C:/ncs/v2.2.0/zephyr/subsys/bluetooth/audio/vcs.c:817:5:bt_vcs_vocs_description_set	0	static
C:/ncs/v2.2.0/zephyr/subsys/bluetooth/audio/vcs.c:837:5:bt_vcs_aics_state_get	0	static
C:/ncs/v2.2.0/zephyr/subsys/bluetooth/audio/vcs.c:856:5:bt_vcs_aics_gain_setting_get	0	static
C:/ncs/v2.2.0/zephyr/subsys/bluetooth/audio/vcs.c:875:5:bt_vcs_aics_type_get	0	static
C:/ncs/v2.2.0/zephyr/subsys/bluetooth/audio/vcs.c:894:5:bt_vcs_aics_status_get	0	static
C:/ncs/v2.2.0/zephyr/subsys/bluetooth/audio/vcs.c:913:5:bt_vcs_aics_unmute	0	static
C:/ncs/v2.2.0/zephyr/subsys/bluetooth/audio/vcs.c:932:5:bt_vcs_aics_mute	0	static
C:/ncs/v2.2.0/zephyr/subsys/bluetooth/audio/vcs.c:951:5:bt_vcs_aics_manual_gain_set	0	static
C:/ncs/v2.2.0/zephyr/subsys/bluetooth/audio/vcs.c:970:5:bt_vcs_aics_automatic_gain_set	0	static
C:/ncs/v2.2.0/zephyr/subsys/bluetooth/audio/vcs.c:989:5:bt_vcs_aics_gain_set	0	static
C:/ncs/v2.2.0/zephyr/subsys/bluetooth/audio/vcs.c:1009:5:bt_vcs_aics_description_get	0	static
C:/ncs/v2.2.0/zephyr/subsys/bluetooth/audio/vcs.c:1028:5:bt_vcs_aics_description_set	0	static
