modules/libmetal/libmetal/lib/include/metal/io.h:161:1:metal_io_phys	8	static
modules/libmetal/libmetal/lib/include/metal/io.h:182:1:metal_io_phys_to_offset	16	static
modules/libmetal/libmetal/lib/include/metal/io.h:206:1:metal_io_phys_to_virt	8	static
modules/libmetal/libmetal/lib/include/metal/io.h:219:1:metal_io_virt_to_phys	8	static
C:/ncs/v2.2.0/modules/lib/open-amp/open-amp/lib/virtio/virtqueue.c:481:17:vq_ring_add_buffer	40	static
C:/ncs/v2.2.0/modules/lib/open-amp/open-amp/lib/virtio/virtqueue.c:530:13:vq_ring_free_chain	8	static
C:/ncs/v2.2.0/modules/lib/open-amp/open-amp/lib/virtio/virtqueue.c:574:13:vq_ring_init	4	static
C:/ncs/v2.2.0/modules/lib/open-amp/open-amp/lib/virtio/virtqueue.c:713:12:vq_ring_must_notify	0	static
C:/ncs/v2.2.0/modules/lib/open-amp/open-amp/lib/virtio/virtqueue.c:765:13:vq_ring_notify	8	static
C:/ncs/v2.2.0/modules/lib/open-amp/open-amp/lib/virtio/virtqueue.c:777:12:virtqueue_nused	0	static
C:/ncs/v2.2.0/modules/lib/open-amp/open-amp/lib/virtio/virtqueue.c:798:12:virtqueue_navail	0	static
C:/ncs/v2.2.0/modules/lib/open-amp/open-amp/lib/virtio/virtqueue.c:600:13:vq_ring_update_avail	0	static
C:/ncs/v2.2.0/modules/lib/open-amp/open-amp/lib/virtio/virtqueue.c:635:12:vq_ring_enable_interrupt	16	static
C:/ncs/v2.2.0/modules/lib/open-amp/open-amp/lib/virtio/virtqueue.c:73:5:virtqueue_create	8	static
C:/ncs/v2.2.0/modules/lib/open-amp/open-amp/lib/virtio/virtqueue.c:121:5:virtqueue_add_buffer	32	static
C:/ncs/v2.2.0/modules/lib/open-amp/open-amp/lib/virtio/virtqueue.c:185:7:virtqueue_get_buffer	24	static
C:/ncs/v2.2.0/modules/lib/open-amp/open-amp/lib/virtio/virtqueue.c:223:10:virtqueue_get_buffer_length	0	static
C:/ncs/v2.2.0/modules/lib/open-amp/open-amp/lib/virtio/virtqueue.c:235:6:virtqueue_free	8	static
C:/ncs/v2.2.0/modules/lib/open-amp/open-amp/lib/virtio/virtqueue.c:258:7:virtqueue_get_available_buffer	16	static
C:/ncs/v2.2.0/modules/lib/open-amp/open-amp/lib/virtio/virtqueue.c:299:5:virtqueue_add_consumed_buffer	4	static
C:/ncs/v2.2.0/modules/lib/open-amp/open-amp/lib/virtio/virtqueue.c:342:5:virtqueue_enable_cb	8	static
C:/ncs/v2.2.0/modules/lib/open-amp/open-amp/lib/virtio/virtqueue.c:353:6:virtqueue_disable_cb	0	static
C:/ncs/v2.2.0/modules/lib/open-amp/open-amp/lib/virtio/virtqueue.c:395:6:virtqueue_kick	8	static
C:/ncs/v2.2.0/modules/lib/open-amp/open-amp/lib/virtio/virtqueue.c:415:6:virtqueue_dump	56	static
C:/ncs/v2.2.0/modules/lib/open-amp/open-amp/lib/virtio/virtqueue.c:441:10:virtqueue_get_desc_size	0	static
C:/ncs/v2.2.0/modules/lib/open-amp/open-amp/lib/virtio/virtqueue.c:701:6:virtqueue_notification	8	static
