C:/ncs/v2.2.0/zephyr/subsys/shell/shell_utils.c:56:17:line_num_with_buffer_offset_get	0	static
C:/ncs/v2.2.0/zephyr/subsys/shell/shell_utils.c:63:17:col_num_with_buffer_offset_get	0	static
C:/ncs/v2.2.0/zephyr/subsys/shell/shell_utils.c:459:13:buffer_trim	16	static
C:/ncs/v2.2.0/zephyr/subsys/shell/shell_utils.c:100:13:make_argv	32	static
C:/ncs/v2.2.0/zephyr/subsys/shell/shell_utils.c:70:9:z_column_span_with_buffer_offsets_get	16	static
C:/ncs/v2.2.0/zephyr/subsys/shell/shell_utils.c:78:9:z_row_span_with_buffer_offsets_get	16	static
C:/ncs/v2.2.0/zephyr/subsys/shell/shell_utils.c:86:6:z_shell_multiline_data_calc	4	static
C:/ncs/v2.2.0/zephyr/subsys/shell/shell_utils.c:209:6:z_shell_make_argv	24	static
C:/ncs/v2.2.0/zephyr/subsys/shell/shell_utils.c:237:6:z_shell_pattern_remove	24	static
C:/ncs/v2.2.0/zephyr/subsys/shell/shell_utils.c:268:34:root_cmd_find	24	static
C:/ncs/v2.2.0/zephyr/subsys/shell/shell_utils.c:283:34:z_shell_cmd_get	8	static
C:/ncs/v2.2.0/zephyr/subsys/shell/shell_utils.c:335:34:z_shell_find_cmd	48	static
C:/ncs/v2.2.0/zephyr/subsys/shell/shell_utils.c:364:34:z_shell_get_last_command	32	static
C:/ncs/v2.2.0/zephyr/subsys/shell/shell_utils.c:404:5:shell_set_root_cmd	8	static
C:/ncs/v2.2.0/zephyr/subsys/shell/shell_utils.c:424:6:z_shell_spaces_trim	24	static
C:/ncs/v2.2.0/zephyr/subsys/shell/shell_utils.c:491:6:z_shell_cmd_trim	8	static
C:/ncs/v2.2.0/zephyr/subsys/shell/shell_utils.c:497:22:shell_device_lookup	32	static
C:/ncs/v2.2.0/zephyr/subsys/shell/shell_utils.c:523:6:shell_strtol	32	static
C:/ncs/v2.2.0/zephyr/subsys/shell/shell_utils.c:541:15:shell_strtoul	24	static
C:/ncs/v2.2.0/zephyr/subsys/shell/shell_utils.c:564:6:shell_strtobool	16	static
