C:/ncs/v2.2.0/zephyr/drivers/spi/spi_context.h:266:21:spi_context_get_next_buf	8	static
C:/ncs/v2.2.0/zephyr/drivers/spi/spi_context.h:286:6:spi_context_buffers_setup	16	static
C:/ncs/v2.2.0/zephyr/drivers/spi/spi_nrfx_spim.c:64:36:get_nrf_spim_frequency	0	static
C:/ncs/v2.2.0/zephyr/include/zephyr/drivers/gpio.h:1271:19:gpio_pin_set_raw	8	static
C:/ncs/v2.2.0/zephyr/include/zephyr/drivers/gpio.h:1311:19:gpio_pin_set	16	static
C:/ncs/v2.2.0/zephyr/drivers/spi/spi_context.h:231:20:_spi_context_cs_control	16	static
C:/ncs/v2.2.0/zephyr/include/zephyr/drivers/gpio.h:691:19:z_impl_gpio_pin_configure	16	static
C:/ncs/v2.2.0/zephyr/include/zephyr/drivers/gpio.h:755:19:gpio_pin_configure_dt	8	static
C:/ncs/v2.2.0/zephyr/drivers/spi/spi_context.h:255:20:spi_context_unlock_unconditionally	8	static
C:/ncs/v2.2.0/zephyr/drivers/spi/spi_nrfx_spim.c:418:12:spi_nrfx_release	8	static
C:/ncs/v2.2.0/zephyr/drivers/spi/spi_context.h:111:20:spi_context_release	8	static
C:/ncs/v2.2.0/zephyr/drivers/spi/spi_context.h:89:20:spi_context_lock	16	static
C:/ncs/v2.2.0/zephyr/drivers/spi/spi_nrfx_spim.c:123:12:configure	224	dynamic,bounded
C:/ncs/v2.2.0/zephyr/drivers/spi/spi_context.h:132:19:spi_context_wait_for_completion	48	static
C:/ncs/v2.2.0/zephyr/drivers/spi/spi_nrfx_spim.c:288:13:transfer_next_chunk	32	static
C:/ncs/v2.2.0/zephyr/drivers/spi/spi_nrfx_spim.c:368:12:transceive	32	static
C:/ncs/v2.2.0/zephyr/drivers/spi/spi_nrfx_spim.c:398:12:spi_nrfx_transceive	24	static
C:/ncs/v2.2.0/zephyr/drivers/spi/spi_nrfx_spim.c:353:13:event_handler	64	static
C:/ncs/v2.2.0/zephyr/drivers/spi/spi_nrfx_spim.c:635:1:irq_connect4	8	static
C:/ncs/v2.2.0/zephyr/include/zephyr/drivers/pinctrl.h:342:19:pinctrl_apply_state	16	static
C:/ncs/v2.2.0/zephyr/drivers/spi/spi_context.h:210:19:spi_context_cs_configure_all	72	dynamic,bounded
C:/ncs/v2.2.0/zephyr/drivers/spi/spi_nrfx_spim.c:490:12:spi_nrfx_init	16	static
