C:/ncs/v2.2.0/zephyr/subsys/logging/log_cmds.c:276:13:severity_lvl_get	0	static
C:/ncs/v2.2.0/zephyr/subsys/logging/log_cmds.c:267:13:module_name_get	8	static
C:/ncs/v2.2.0/zephyr/subsys/logging/log_cmds.c:397:13:backend_name_get	8	static
C:/ncs/v2.2.0/zephyr/include/zephyr/logging/log_backend.h:303:20:log_backend_is_active	8	static
C:/ncs/v2.2.0/zephyr/include/zephyr/logging/log_backend.h:289:20:log_backend_deactivate	8	static
C:/ncs/v2.2.0/zephyr/subsys/logging/log_cmds.c:287:12:log_halt	8	static
C:/ncs/v2.2.0/zephyr/include/zephyr/logging/log_backend.h:276:20:log_backend_activate	8	static
C:/ncs/v2.2.0/zephyr/subsys/logging/log_cmds.c:313:12:log_go	8	static
C:/ncs/v2.2.0/zephyr/subsys/logging/log_cmds.c:55:13:shell_state_precheck	8	static
C:/ncs/v2.2.0/zephyr/subsys/logging/log_cmds.c:297:12:cmd_log_self_halt	16	static
C:/ncs/v2.2.0/zephyr/subsys/logging/log_cmds.c:323:12:cmd_log_self_go	16	static
C:/ncs/v2.2.0/zephyr/subsys/logging/log_cmds.c:340:12:cmd_log_backends_list	24	static
C:/ncs/v2.2.0/zephyr/subsys/logging/log_cmds.c:90:12:log_status	40	static
C:/ncs/v2.2.0/zephyr/subsys/logging/log_cmds.c:122:12:cmd_log_self_status	16	static
C:/ncs/v2.2.0/zephyr/subsys/logging/log_cmds.c:42:34:backend_find	16	static
C:/ncs/v2.2.0/zephyr/subsys/logging/log_cmds.c:69:12:shell_backend_cmd_execute	24	static
C:/ncs/v2.2.0/zephyr/subsys/logging/log_cmds.c:133:12:cmd_log_backend_status	8	static
C:/ncs/v2.2.0/zephyr/subsys/logging/log_cmds.c:307:12:cmd_log_backend_halt	8	static
C:/ncs/v2.2.0/zephyr/subsys/logging/log_cmds.c:333:12:cmd_log_backend_go	8	static
C:/ncs/v2.2.0/zephyr/subsys/logging/log_cmds.c:232:12:cmd_log_backend_enable	8	static
C:/ncs/v2.2.0/zephyr/subsys/logging/log_cmds.c:257:12:cmd_log_backend_disable	8	static
C:/ncs/v2.2.0/zephyr/subsys/logging/log_cmds.c:191:12:severity_level_get	16	static
C:/ncs/v2.2.0/zephyr/subsys/logging/log_cmds.c:140:12:module_id_get	16	static
C:/ncs/v2.2.0/zephyr/subsys/logging/log_cmds.c:156:13:filters_set	48	static
C:/ncs/v2.2.0/zephyr/subsys/logging/log_cmds.c:203:12:log_enable	32	static
C:/ncs/v2.2.0/zephyr/subsys/logging/log_cmds.c:222:12:cmd_log_self_enable	16	static
C:/ncs/v2.2.0/zephyr/subsys/logging/log_cmds.c:238:12:log_disable	16	static
C:/ncs/v2.2.0/zephyr/subsys/logging/log_cmds.c:247:12:cmd_log_self_disable	16	static
C:/ncs/v2.2.0/zephyr/subsys/logging/log_cmds.c:356:12:cmd_log_mem	24	static
