C:/ncs/v2.2.0/modules/hal/nordic/nrfx/hal/nrf_spim.h:810:24:nrf_spim_configure	0	static
C:/ncs/v2.2.0/modules/hal/nordic/nrfx/hal/nrf_gpio.h:989:24:nrf_gpio_pin_present_check	0	static
C:/ncs/v2.2.0/modules/hal/nordic/nrfx/drivers/src/nrfx_spim.c:617:13:spim_int_enable	0	static
C:/ncs/v2.2.0/modules/hal/nordic/nrfx/drivers/src/nrfx_spim.c:629:13:spim_list_enable_handle	0	static
C:/ncs/v2.2.0/modules/hal/nordic/nrfx/hal/nrf_gpio.h:581:35:nrf_gpio_pin_port_decode	16	static
C:/ncs/v2.2.0/modules/hal/nordic/nrfx/hal/nrf_gpio.h:772:24:nrf_gpio_pin_clear	16	static
C:/ncs/v2.2.0/modules/hal/nordic/nrfx/hal/nrf_gpio.h:764:24:nrf_gpio_pin_set	16	static
C:/ncs/v2.2.0/modules/hal/nordic/nrfx/hal/nrf_gpio.h:790:24:nrf_gpio_pin_write	8	static
C:/ncs/v2.2.0/modules/hal/nordic/nrfx/drivers/src/nrfx_spim.c:588:13:set_ss_pin_state	8	static
C:/ncs/v2.2.0/modules/hal/nordic/nrfx/drivers/src/nrfx_spim.c:650:19:spim_xfer	16	static
C:/ncs/v2.2.0/modules/hal/nordic/nrfx/drivers/src/nrfx_spim.c:604:13:finish_transfer	8	static
C:/ncs/v2.2.0/modules/hal/nordic/nrfx/hal/nrf_gpio.h:621:24:nrf_gpio_cfg	32	static
C:/ncs/v2.2.0/modules/hal/nordic/nrfx/drivers/src/nrfx_spim.c:254:13:configure_pins	32	static
C:/ncs/v2.2.0/modules/hal/nordic/nrfx/hal/nrf_gpio.h:696:24:nrf_gpio_cfg_default	16	static
C:/ncs/v2.2.0/modules/hal/nordic/nrfx/drivers/src/nrfx_spim.c:514:13:spim_pin_uninit	8	static
C:/ncs/v2.2.0/modules/hal/nordic/nrfx/drivers/src/nrfx_spim.c:792:13:irq_handler	8	static
C:/ncs/v2.2.0/modules/hal/nordic/nrfx/drivers/src/nrfx_spim.c:242:13:spim_abort	16	static
C:/ncs/v2.2.0/modules/hal/nordic/nrfx/drivers/src/nrfx_spim.c:377:12:nrfx_spim_init	32	static
C:/ncs/v2.2.0/modules/hal/nordic/nrfx/drivers/src/nrfx_spim.c:524:6:nrfx_spim_uninit	24	static
C:/ncs/v2.2.0/modules/hal/nordic/nrfx/drivers/src/nrfx_spim.c:729:12:nrfx_spim_xfer	24	static
C:/ncs/v2.2.0/modules/hal/nordic/nrfx/drivers/src/nrfx_spim.c:575:12:nrfx_spim_xfer_dcx	8	static
C:/ncs/v2.2.0/modules/hal/nordic/nrfx/drivers/src/nrfx_spim.c:772:6:nrfx_spim_abort	8	static
C:/ncs/v2.2.0/modules/hal/nordic/nrfx/drivers/src/nrfx_spim.c:780:10:nrfx_spim_start_task_get	0	static
C:/ncs/v2.2.0/modules/hal/nordic/nrfx/drivers/src/nrfx_spim.c:786:10:nrfx_spim_end_event_get	0	static
C:/ncs/v2.2.0/modules/hal/nordic/nrfx/drivers/src/nrfx_spim.c:862:6:nrfx_spim_4_irq_handler	8	static
