C:/ncs/v2.2.0/zephyr/include/zephyr/sys/slist.h:358:1:sys_slist_insert	0	static
C:/ncs/v2.2.0/zephyr/include/zephyr/sys/slist.h:401:1:sys_slist_remove	0	static
C:/ncs/v2.2.0/zephyr/include/zephyr/sys/slist.h:417:1:sys_slist_find_and_remove	8	static
C:/ncs/v2.2.0/zephyr/kernel/work.c:202:20:queue_remove_locked	8	static
C:/ncs/v2.2.0/zephyr/kernel/work.c:491:12:cancel_async_locked	8	static
C:/ncs/v2.2.0/zephyr/kernel/work.c:221:20:notify_queue_locked	8	static
C:/ncs/v2.2.0/zephyr/kernel/work.c:251:19:queue_submit_locked	16	static
C:/ncs/v2.2.0/zephyr/kernel/work.c:311:12:submit_to_queue_locked	16	static
C:/ncs/v2.2.0/zephyr/kernel/work.c:806:13:work_timeout	24	static
C:/ncs/v2.2.0/zephyr/kernel/include/ksched.h:73:20:z_reschedule_unlocked	8	static
C:/ncs/v2.2.0/zephyr/kernel/work.c:66:13:handle_flush	8	static
C:/ncs/v2.2.0/zephyr/kernel/work.c:109:13:finalize_cancel_locked	24	static
C:/ncs/v2.2.0/zephyr/kernel/work.c:91:20:init_work_cancel	16	static
C:/ncs/v2.2.0/zephyr/kernel/work.c:527:13:cancel_sync_locked	8	static
C:/ncs/v2.2.0/zephyr/kernel/work.c:599:13:work_queue_main	40	static
C:/ncs/v2.2.0/zephyr/kernel/work.c:883:12:schedule_for_queue_locked	8	static
C:/ncs/v2.2.0/zephyr/kernel/work.c:915:20:unschedule_locked	8	static
C:/ncs/v2.2.0/zephyr/kernel/work.c:940:12:cancel_delayable_async_locked	8	static
C:/ncs/v2.2.0/zephyr/kernel/work.c:134:6:k_work_init	8	static
C:/ncs/v2.2.0/zephyr/kernel/work.c:74:20:init_flusher	8	static
C:/ncs/v2.2.0/zephyr/kernel/work.c:171:13:queue_flusher_locked	24	static
C:/ncs/v2.2.0/zephyr/kernel/work.c:430:13:work_flush_locked	16	static
C:/ncs/v2.2.0/zephyr/kernel/work.c:150:5:k_work_busy_get	16	static
C:/ncs/v2.2.0/zephyr/kernel/work.c:369:5:z_work_submit_to_queue	24	static
C:/ncs/v2.2.0/zephyr/kernel/work.c:383:5:k_work_submit_to_queue	8	static
C:/ncs/v2.2.0/zephyr/kernel/work.c:404:5:k_work_submit	8	static
C:/ncs/v2.2.0/zephyr/kernel/work.c:448:6:k_work_flush	24	static
C:/ncs/v2.2.0/zephyr/kernel/work.c:543:5:k_work_cancel	16	static
C:/ncs/v2.2.0/zephyr/kernel/work.c:560:6:k_work_cancel_sync	24	static
C:/ncs/v2.2.0/zephyr/kernel/work.c:695:6:k_work_queue_init	8	static
C:/ncs/v2.2.0/zephyr/kernel/work.c:706:6:k_work_queue_start	48	static
C:/ncs/v2.2.0/zephyr/kernel/work.c:746:5:k_work_queue_drain	40	static
C:/ncs/v2.2.0/zephyr/kernel/work.c:778:5:k_work_queue_unplug	16	static
C:/ncs/v2.2.0/zephyr/kernel/work.c:829:6:k_work_init_delayable	16	static
C:/ncs/v2.2.0/zephyr/kernel/work.c:851:5:k_work_delayable_busy_get	16	static
C:/ncs/v2.2.0/zephyr/kernel/work.c:947:5:k_work_schedule_for_queue	32	static
C:/ncs/v2.2.0/zephyr/kernel/work.c:971:5:k_work_schedule	8	static
C:/ncs/v2.2.0/zephyr/kernel/work.c:983:5:k_work_reschedule_for_queue	32	static
C:/ncs/v2.2.0/zephyr/kernel/work.c:1007:5:k_work_reschedule	8	static
C:/ncs/v2.2.0/zephyr/kernel/work.c:1019:5:k_work_cancel_delayable	16	static
C:/ncs/v2.2.0/zephyr/kernel/work.c:1035:6:k_work_cancel_delayable_sync	24	static
C:/ncs/v2.2.0/zephyr/kernel/work.c:1067:6:k_work_flush_delayable	32	static
