C:/ncs/v2.2.0/modules/hal/nordic/nrfx/hal/nrf_gpio.h:989:24:nrf_gpio_pin_present_check	0	static
C:/ncs/v2.2.0/zephyr/include/zephyr/sys/slist.h:401:1:sys_slist_remove	0	static
C:/ncs/v2.2.0/zephyr/include/zephyr/sys/slist.h:417:1:sys_slist_find_and_remove	8	static
C:/ncs/v2.2.0/zephyr/drivers/gpio/gpio_nrfx.c:40:12:get_drive	0	static
C:/ncs/v2.2.0/zephyr/drivers/gpio/gpio_nrfx.c:74:28:get_pull	0	static
C:/ncs/v2.2.0/zephyr/drivers/gpio/gpio_nrfx.c:163:12:gpio_nrfx_port_get_raw	0	static
C:/ncs/v2.2.0/zephyr/drivers/gpio/gpio_nrfx.c:173:12:gpio_nrfx_port_set_masked_raw	0	static
C:/ncs/v2.2.0/zephyr/drivers/gpio/gpio_nrfx.c:188:12:gpio_nrfx_port_set_bits_raw	0	static
C:/ncs/v2.2.0/zephyr/drivers/gpio/gpio_nrfx.c:198:12:gpio_nrfx_port_clear_bits_raw	0	static
C:/ncs/v2.2.0/zephyr/drivers/gpio/gpio_nrfx.c:208:12:gpio_nrfx_port_toggle_bits	0	static
C:/ncs/v2.2.0/zephyr/drivers/gpio/gpio_nrfx.c:222:30:get_trigger	0	static
C:/ncs/v2.2.0/zephyr/drivers/gpio/gpio_nrfx.c:325:29:get_dev	0	static
C:/ncs/v2.2.0/zephyr/include/zephyr/drivers/gpio/gpio_utils.h:38:19:gpio_manage_callback	16	static
C:/ncs/v2.2.0/zephyr/drivers/gpio/gpio_nrfx.c:281:12:gpio_nrfx_manage_callback	8	static
C:/ncs/v2.2.0/modules/hal/nordic/nrfx/hal/nrf_gpio.h:581:35:nrf_gpio_pin_port_decode	16	static
C:/ncs/v2.2.0/modules/hal/nordic/nrfx/hal/nrf_gpio.h:828:38:nrf_gpio_pin_dir_get	16	static
C:/ncs/v2.2.0/zephyr/include/zephyr/drivers/gpio/gpio_utils.h:69:20:gpio_fire_callbacks	16	static
C:/ncs/v2.2.0/zephyr/drivers/gpio/gpio_nrfx.c:342:13:nrfx_gpio_handler	8	static
C:/ncs/v2.2.0/zephyr/drivers/gpio/gpio_nrfx.c:235:12:gpio_nrfx_pin_interrupt_configure	40	static
C:/ncs/v2.2.0/zephyr/drivers/gpio/gpio_nrfx.c:85:12:gpio_nrfx_pin_configure	48	static
C:/ncs/v2.2.0/zephyr/drivers/gpio/gpio_nrfx.c:363:12:gpio_nrfx_init	8	static
