C:/ncs/v2.2.0/zephyr/subsys/bluetooth/audio/endpoint.h:128:27:bt_audio_ep_state_str	0	static
C:/ncs/v2.2.0/zephyr/subsys/bluetooth/audio/ascs.c:488:13:ascs_iso_sent	8	static
C:/ncs/v2.2.0/zephyr/subsys/bluetooth/audio/ascs.c:641:13:ascs_ase_cfg_changed	0	static
C:/ncs/v2.2.0/zephyr/subsys/bluetooth/audio/ascs.c:878:13:audio_iso_init	0	static
C:/ncs/v2.2.0/zephyr/subsys/bluetooth/audio/ascs.c:898:29:audio_iso_get_or_new	16	static
C:/ncs/v2.2.0/zephyr/subsys/bluetooth/audio/ascs.c:931:13:ase_stream_add	0	static
C:/ncs/v2.2.0/zephyr/subsys/bluetooth/audio/ascs.c:1007:16:ase_attr_cb	0	static
C:/ncs/v2.2.0/zephyr/subsys/bluetooth/audio/ascs.c:1106:28:ase_find	0	static
C:/ncs/v2.2.0/zephyr/subsys/bluetooth/audio/ascs.c:1156:13:ascs_cp_cfg_changed	0	static
C:/ncs/v2.2.0/zephyr/subsys/bluetooth/audio/ascs.c:1201:13:codec_lookup_id	0	static
C:/ncs/v2.2.0/zephyr/subsys/bluetooth/audio/ascs.c:70:13:ase_status_changed	8	static
C:/ncs/v2.2.0/zephyr/subsys/bluetooth/audio/ascs.c:80:13:ascs_ep_unbind_audio_iso	64	dynamic,bounded
C:/ncs/v2.2.0/zephyr/subsys/bluetooth/audio/ascs.c:444:13:ascs_iso_recv	104	dynamic,bounded
C:/ncs/v2.2.0/zephyr/subsys/bluetooth/audio/ascs.c:1021:12:ascs_ep_stream_bind_audio_iso	88	dynamic,bounded
C:/ncs/v2.2.0/zephyr/subsys/bluetooth/audio/ascs.c:649:13:ascs_cp_rsp_alloc	8	static
C:/ncs/v2.2.0/zephyr/subsys/bluetooth/audio/ascs.c:659:13:ascs_cp_rsp_add	24	static
C:/ncs/v2.2.0/zephyr/subsys/bluetooth/audio/ascs.c:697:13:ascs_cp_rsp_add_errno	8	static
C:/ncs/v2.2.0/zephyr/subsys/bluetooth/audio/ascs.c:763:13:ascs_cp_rsp_success	8	static
C:/ncs/v2.2.0/zephyr/subsys/bluetooth/audio/ascs.c:359:13:ascs_ep_get_status_qos	8	static
C:/ncs/v2.2.0/zephyr/subsys/bluetooth/audio/ascs.c:941:24:ascs_get	16	static
C:/ncs/v2.2.0/zephyr/include/zephyr/bluetooth/gatt.h:1126:19:bt_gatt_notify	32	static
C:/ncs/v2.2.0/zephyr/include/zephyr/bluetooth/gatt.h:1163:19:bt_gatt_notify_uuid	32	static
C:/ncs/v2.2.0/zephyr/subsys/bluetooth/audio/ascs.c:2426:12:control_point_notify	24	static
C:/ncs/v2.2.0/zephyr/subsys/bluetooth/audio/ascs.c:308:13:ascs_codec_data_add	32	static
C:/ncs/v2.2.0/zephyr/subsys/bluetooth/audio/ascs.c:328:13:ascs_ep_get_status_config	16	static
C:/ncs/v2.2.0/zephyr/subsys/bluetooth/audio/ascs.c:383:13:ascs_ep_get_status_enable	16	static
C:/ncs/v2.2.0/zephyr/subsys/bluetooth/audio/ascs.c:400:12:ascs_ep_get_status	48	static
C:/ncs/v2.2.0/zephyr/subsys/bluetooth/audio/ascs.c:1161:13:ascs_codec_config_store	88	dynamic,bounded
C:/ncs/v2.2.0/zephyr/subsys/bluetooth/audio/ascs.c:1644:13:ascs_codec_store_metadata	8	static
C:/ncs/v2.2.0/zephyr/subsys/bluetooth/audio/ascs.c:1214:12:ascs_ep_set_codec	88	dynamic,bounded
C:/ncs/v2.2.0/zephyr/subsys/bluetooth/audio/ascs.c:1742:12:ascs_verify_metadata	80	dynamic,bounded
C:/ncs/v2.2.0/zephyr/subsys/bluetooth/audio/ascs.c:1773:12:ascs_ep_set_metadata	32	static
C:/ncs/v2.2.0/zephyr/subsys/bluetooth/audio/ascs.c:1672:13:ascs_parse_metadata	176	dynamic,bounded
C:/ncs/v2.2.0/zephyr/subsys/bluetooth/audio/ascs.c:107:6:ascs_ep_set_state	64	dynamic,bounded
C:/ncs/v2.2.0/zephyr/subsys/bluetooth/audio/ascs.c:768:13:ase_release	8	static
C:/ncs/v2.2.0/zephyr/subsys/bluetooth/audio/ascs.c:847:13:disconnected	16	static
C:/ncs/v2.2.0/zephyr/subsys/bluetooth/audio/ascs.c:2280:16:ascs_release	176	dynamic,bounded
C:/ncs/v2.2.0/zephyr/subsys/bluetooth/audio/ascs.c:954:13:ase_process	80	dynamic,bounded
C:/ncs/v2.2.0/zephyr/subsys/bluetooth/audio/ascs.c:1267:12:ase_config	320	dynamic,bounded
C:/ncs/v2.2.0/zephyr/subsys/bluetooth/audio/ascs.c:1458:12:ase_stream_qos	96	dynamic,bounded
C:/ncs/v2.2.0/zephyr/subsys/bluetooth/audio/ascs.c:1526:13:ase_qos	80	dynamic,bounded
C:/ncs/v2.2.0/zephyr/subsys/bluetooth/audio/ascs.c:1601:16:ascs_qos	136	dynamic,bounded
C:/ncs/v2.2.0/zephyr/subsys/bluetooth/audio/ascs.c:565:13:ascs_iso_disconnected	176	dynamic,bounded
C:/ncs/v2.2.0/zephyr/subsys/bluetooth/audio/ascs.c:504:12:ase_stream_start	16	static
C:/ncs/v2.2.0/zephyr/subsys/bluetooth/audio/ascs.c:519:13:ascs_iso_connected	120	dynamic,bounded
C:/ncs/v2.2.0/zephyr/subsys/bluetooth/audio/ascs.c:1989:13:ase_start	120	dynamic,bounded
C:/ncs/v2.2.0/zephyr/subsys/bluetooth/audio/ascs.c:2037:16:ascs_start	136	dynamic,bounded
C:/ncs/v2.2.0/zephyr/subsys/bluetooth/audio/ascs.c:1886:12:ase_enable	96	dynamic,bounded
C:/ncs/v2.2.0/zephyr/subsys/bluetooth/audio/ascs.c:1940:16:ascs_enable	168	dynamic,bounded
C:/ncs/v2.2.0/zephyr/subsys/bluetooth/audio/ascs.c:797:13:ase_disable	96	dynamic,bounded
C:/ncs/v2.2.0/zephyr/subsys/bluetooth/audio/ascs.c:2080:16:ascs_disable	136	dynamic,bounded
C:/ncs/v2.2.0/zephyr/subsys/bluetooth/audio/ascs.c:2123:13:ase_stop	184	dynamic,bounded
C:/ncs/v2.2.0/zephyr/subsys/bluetooth/audio/ascs.c:2188:16:ascs_stop	136	dynamic,bounded
C:/ncs/v2.2.0/zephyr/subsys/bluetooth/audio/ascs.c:1813:12:ase_metadata	184	dynamic,bounded
C:/ncs/v2.2.0/zephyr/subsys/bluetooth/audio/ascs.c:2231:16:ascs_metadata	168	dynamic,bounded
C:/ncs/v2.2.0/zephyr/subsys/bluetooth/audio/ascs.c:1052:6:ascs_ep_init	16	static
C:/ncs/v2.2.0/zephyr/subsys/bluetooth/audio/ascs.c:1061:13:ase_init	40	static
C:/ncs/v2.2.0/zephyr/subsys/bluetooth/audio/ascs.c:1074:28:ase_new	16	static
C:/ncs/v2.2.0/zephyr/subsys/bluetooth/audio/ascs.c:1122:28:ase_get	16	static
C:/ncs/v2.2.0/zephyr/subsys/bluetooth/audio/ascs.c:1134:16:ascs_ase_read	72	static
C:/ncs/v2.2.0/zephyr/subsys/bluetooth/audio/ascs.c:1393:16:ascs_config	240	dynamic,bounded
C:/ncs/v2.2.0/zephyr/subsys/bluetooth/audio/ascs.c:2332:16:ascs_cp_write	40	static
