C:/ncs/v2.2.0/zephyr/subsys/bluetooth/audio/csis.c:265:13:set_sirk_cfg_changed	0	static
C:/ncs/v2.2.0/zephyr/subsys/bluetooth/audio/csis.c:284:13:set_size_cfg_changed	0	static
C:/ncs/v2.2.0/zephyr/subsys/bluetooth/audio/csis.c:394:13:set_lock_cfg_changed	0	static
C:/ncs/v2.2.0/zephyr/subsys/bluetooth/audio/csis.c:651:13:valid_register_param	0	static
C:/ncs/v2.2.0/zephyr/include/zephyr/bluetooth/addr.h:126:20:bt_addr_le_copy	0	static
C:/ncs/v2.2.0/zephyr/subsys/bluetooth/audio/csis.c:159:12:generate_prand	16	static
C:/ncs/v2.2.0/zephyr/include/zephyr/bluetooth/gatt.h:1163:19:bt_gatt_notify_uuid	32	static
C:/ncs/v2.2.0/zephyr/subsys/bluetooth/audio/csis.c:60:13:notify_lock_value	24	static
C:/ncs/v2.2.0/zephyr/subsys/bluetooth/audio/csis.c:93:13:notify_clients	24	static
C:/ncs/v2.2.0/zephyr/subsys/bluetooth/audio/csis.c:413:13:set_lock_timer_handler	16	static
C:/ncs/v2.2.0/zephyr/subsys/bluetooth/audio/csis.c:68:13:notify_client	16	static
C:/ncs/v2.2.0/zephyr/subsys/bluetooth/audio/csis.c:504:13:handle_csis_auth_complete	56	static
C:/ncs/v2.2.0/zephyr/subsys/bluetooth/audio/csis.c:563:13:auth_pairing_complete	16	static
C:/ncs/v2.2.0/zephyr/subsys/bluetooth/audio/csis.c:48:13:is_last_client_to_write	8	static
C:/ncs/v2.2.0/zephyr/subsys/bluetooth/audio/csis.c:588:13:csis_bond_deleted	24	static
C:/ncs/v2.2.0/zephyr/subsys/bluetooth/audio/csis.c:463:13:handle_csis_disconnect	24	static
C:/ncs/v2.2.0/zephyr/subsys/bluetooth/audio/csis.c:494:13:csis_disconnected	16	static
C:/ncs/v2.2.0/zephyr/subsys/bluetooth/audio/csis.c:434:13:csis_security_changed	24	static
C:/ncs/v2.2.0/zephyr/subsys/bluetooth/audio/csis.c:400:16:read_rank	32	static
C:/ncs/v2.2.0/zephyr/subsys/bluetooth/audio/csis.c:290:16:read_set_lock	32	static
C:/ncs/v2.2.0/zephyr/subsys/bluetooth/audio/csis.c:271:16:read_set_size	32	static
C:/ncs/v2.2.0/zephyr/subsys/bluetooth/audio/csis.c:313:16:set_lock	24	static
C:/ncs/v2.2.0/zephyr/subsys/bluetooth/audio/csis.c:369:16:write_set_lock	24	static
C:/ncs/v2.2.0/zephyr/subsys/bluetooth/audio/csis.c:122:12:sirk_encrypt	8	static
C:/ncs/v2.2.0/zephyr/subsys/bluetooth/audio/csis.c:214:16:read_set_sirk	136	dynamic,bounded
C:/ncs/v2.2.0/zephyr/subsys/bluetooth/audio/csis.c:184:5:bt_csis_generate_rsi	80	static
C:/ncs/v2.2.0/zephyr/subsys/bluetooth/audio/csis.c:646:7:bt_csis_svc_decl_get	0	static
C:/ncs/v2.2.0/zephyr/subsys/bluetooth/audio/csis.c:674:5:bt_csis_register	32	static
C:/ncs/v2.2.0/zephyr/subsys/bluetooth/audio/csis.c:734:5:bt_csis_lock	8	static
C:/ncs/v2.2.0/zephyr/subsys/bluetooth/audio/csis.c:763:6:bt_csis_print_sirk	0	static
