C:/ncs/v2.2.0/zephyr/subsys/bluetooth/audio/endpoint.h:128:27:bt_audio_ep_state_str	0	static
C:/ncs/v2.2.0/zephyr/subsys/bluetooth/audio/stream.c:232:13:bt_audio_stream_is_broadcast	0	static
C:/ncs/v2.2.0/zephyr/subsys/bluetooth/audio/stream.c:31:16:pack_bt_codec_cc	24	static
C:/ncs/v2.2.0/zephyr/subsys/bluetooth/audio/stream.c:124:12:bt_audio_stream_iso_accept	40	static
C:/ncs/v2.2.0/zephyr/subsys/bluetooth/audio/stream.c:52:6:bt_audio_codec_to_iso_path	8	static
C:/ncs/v2.2.0/zephyr/subsys/bluetooth/audio/stream.c:63:6:bt_audio_codec_qos_to_iso_qos	0	static
C:/ncs/v2.2.0/zephyr/subsys/bluetooth/audio/stream.c:71:6:bt_audio_stream_attach	16	static
C:/ncs/v2.2.0/zephyr/subsys/bluetooth/audio/stream.c:93:5:bt_audio_stream_send	8	static
C:/ncs/v2.2.0/zephyr/subsys/bluetooth/audio/stream.c:155:5:bt_audio_stream_iso_listen	88	dynamic,bounded
C:/ncs/v2.2.0/zephyr/subsys/bluetooth/audio/stream.c:197:6:bt_audio_valid_qos	0	static
C:/ncs/v2.2.0/zephyr/subsys/bluetooth/audio/stream.c:240:6:bt_audio_valid_stream_qos	0	static
C:/ncs/v2.2.0/zephyr/subsys/bluetooth/audio/stream.c:279:5:bt_audio_stream_disconnect	8	static
C:/ncs/v2.2.0/zephyr/subsys/bluetooth/audio/stream.c:260:6:bt_audio_stream_detach	16	static
C:/ncs/v2.2.0/zephyr/subsys/bluetooth/audio/stream.c:304:6:bt_audio_stream_reset	8	static
C:/ncs/v2.2.0/zephyr/subsys/bluetooth/audio/stream.c:315:6:bt_audio_stream_cb_register	0	static
C:/ncs/v2.2.0/zephyr/subsys/bluetooth/audio/stream.c:1003:5:bt_audio_stream_reconfig	56	dynamic,bounded
C:/ncs/v2.2.0/zephyr/subsys/bluetooth/audio/stream.c:1056:5:bt_audio_stream_start	56	dynamic,bounded
C:/ncs/v2.2.0/zephyr/subsys/bluetooth/audio/stream.c:1098:5:bt_audio_stream_metadata	56	dynamic,bounded
C:/ncs/v2.2.0/zephyr/subsys/bluetooth/audio/stream.c:1150:5:bt_audio_stream_disable	56	dynamic,bounded
C:/ncs/v2.2.0/zephyr/subsys/bluetooth/audio/stream.c:1194:5:bt_audio_stream_release	56	dynamic,bounded
