C:/ncs/v2.2.0/zephyr/drivers/sdhc/sdhc_spi.c:96:12:sdhc_spi_rx	40	static
C:/ncs/v2.2.0/zephyr/drivers/sdhc/sdhc_spi.c:126:12:sdhc_spi_init_card	16	static
C:/ncs/v2.2.0/zephyr/drivers/sdhc/sdhc_spi.c:155:12:sdhc_spi_card_busy	16	static
C:/ncs/v2.2.0/zephyr/drivers/sdhc/sdhc_spi.c:398:12:sdhc_skip	32	static
C:/ncs/v2.2.0/zephyr/drivers/sdhc/sdhc_spi.c:706:12:sdhc_spi_get_card_present	0	static
C:/ncs/v2.2.0/zephyr/drivers/sdhc/sdhc_spi.c:727:12:sdhc_spi_reset	0	static
C:/ncs/v2.2.0/zephyr/drivers/sdhc/sdhc_spi.c:712:12:sdhc_spi_get_host_props	16	static
C:/ncs/v2.2.0/zephyr/include/zephyr/drivers/gpio.h:1271:19:gpio_pin_set_raw	8	static
C:/ncs/v2.2.0/zephyr/include/zephyr/drivers/gpio.h:1311:19:gpio_pin_set	16	static
C:/ncs/v2.2.0/zephyr/drivers/sdhc/sdhc_spi.c:643:12:sdhc_spi_set_io	48	static
C:/ncs/v2.2.0/zephyr/drivers/sdhc/sdhc_spi.c:421:12:sdhc_spi_read_data	152	static
C:/ncs/v2.2.0/zephyr/include/zephyr/kernel.h:439:23:k_msleep	8	static
C:/ncs/v2.2.0/zephyr/drivers/sdhc/sdhc_spi.c:176:12:sdhc_spi_wait_unbusy	32	static
C:/ncs/v2.2.0/zephyr/drivers/sdhc/sdhc_spi.c:508:12:sdhc_spi_write_data	72	static
C:/ncs/v2.2.0/zephyr/drivers/sdhc/sdhc_spi.c:201:12:sdhc_spi_response_get	32	static
C:/ncs/v2.2.0/zephyr/drivers/sdhc/sdhc_spi.c:322:12:sdhc_spi_send_cmd	40	static
C:/ncs/v2.2.0/zephyr/drivers/sdhc/sdhc_spi.c:596:12:sdhc_spi_request	72	static
C:/ncs/v2.2.0/zephyr/drivers/sdhc/sdhc_spi.c:736:12:sdhc_spi_init	8	static
