C:/ncs/v2.2.0/zephyr/include/zephyr/logging/log_msg.h:586:24:log_msg_generic_get_wlen	0	static
C:/ncs/v2.2.0/zephyr/subsys/shell/backends/shell_rtt.c:94:12:read	8	static
C:/ncs/v2.2.0/zephyr/subsys/shell/backends/shell_rtt.c:74:12:write	16	static
C:/ncs/v2.2.0/zephyr/subsys/shell/backends/shell_rtt.c:62:12:enable	8	static
C:/ncs/v2.2.0/zephyr/subsys/shell/backends/shell_rtt.c:53:12:uninit	8	static
C:/ncs/v2.2.0/zephyr/subsys/shell/backends/shell_rtt.c:26:13:timer_handler	8	static
C:/ncs/v2.2.0/zephyr/subsys/shell/backends/shell_rtt.c:35:12:init	24	static
C:/ncs/v2.2.0/zephyr/subsys/shell/backends/shell_rtt.c:110:12:enable_shell_rtt	16	static
C:/ncs/v2.2.0/zephyr/subsys/shell/backends/shell_rtt.c:125:21:shell_backend_rtt_get_ptr	0	static
