C:/ncs/v2.2.0/modules/hal/nordic/nrfx/hal/nrf_clock.h:786:24:nrf_clock_is_running	8	static
C:/ncs/v2.2.0/modules/hal/nordic/nrfx/drivers/include/nrfx_clock.h:331:25:nrfx_clock_hfclk_is_running	16	static
../src/main.c:97:12:bonding_clear_check	40	static
../src/main.c:147:6:on_ble_core_ready	56	dynamic,bounded
../src/main.c:44:12:hfclock_config_and_start	8	static
../src/main.c:116:12:channel_assign_check	16	static
../src/main.c:63:12:leds_set	16	static
../src/main.c:161:6:main	416	dynamic,bounded
