C:/ncs/v2.2.0/zephyr/include/zephyr/sys/byteorder.h:554:20:sys_mem_swap	4	static
C:/ncs/v2.2.0/zephyr/subsys/bluetooth/host/smp.c:290:13:le_sc_supported	0	static
C:/ncs/v2.2.0/zephyr/subsys/bluetooth/host/smp.c:430:29:security_err_get	0	static
C:/ncs/v2.2.0/zephyr/subsys/bluetooth/host/smp.c:460:16:smp_err_get	0	static
C:/ncs/v2.2.0/zephyr/subsys/bluetooth/host/smp.c:739:16:get_encryption_key_size	0	static
C:/ncs/v2.2.0/zephyr/subsys/bluetooth/host/smp.c:1862:16:hci_err_get	0	static
C:/ncs/v2.2.0/zephyr/subsys/bluetooth/host/smp.c:2055:13:xor_128	4	static
C:/ncs/v2.2.0/zephyr/subsys/bluetooth/host/smp.c:3395:16:smp_pairing_rsp	0	static
C:/ncs/v2.2.0/zephyr/subsys/bluetooth/host/smp.c:3723:13:le_sc_oob_data_req_check	0	static
C:/ncs/v2.2.0/zephyr/subsys/bluetooth/host/smp.c:3730:13:le_sc_oob_data_rsp_check	0	static
C:/ncs/v2.2.0/zephyr/subsys/bluetooth/host/smp.c:3737:13:le_sc_oob_config_set	16	static
C:/ncs/v2.2.0/zephyr/subsys/bluetooth/host/smp.c:4135:16:smp_signing_info	0	static
C:/ncs/v2.2.0/zephyr/subsys/bluetooth/host/smp.c:4245:16:smp_security_request	0	static
C:/ncs/v2.2.0/zephyr/subsys/bluetooth/host/smp.c:5596:13:le_sc_oob_data_check	24	static
C:/ncs/v2.2.0/zephyr/include/zephyr/bluetooth/addr.h:116:20:bt_addr_copy	0	static
C:/ncs/v2.2.0/zephyr/include/zephyr/bluetooth/addr.h:126:20:bt_addr_le_copy	0	static
C:/ncs/v2.2.0/zephyr/include/zephyr/sys/byteorder.h:528:20:sys_memcpy_swap	8	static
C:/ncs/v2.2.0/zephyr/subsys/bluetooth/host/smp.c:2896:23:smp_chan_get	40	static
C:/ncs/v2.2.0/zephyr/subsys/bluetooth/host/smp.c:5943:12:bt_smp_accept	64	dynamic,bounded
C:/ncs/v2.2.0/zephyr/subsys/bluetooth/host/smp.c:4555:16:smp_keypress_notif	0	static
C:/ncs/v2.2.0/zephyr/include/zephyr/sys/atomic.h:131:20:atomic_test_bit	0	static
C:/ncs/v2.2.0/zephyr/subsys/bluetooth/host/smp.c:358:13:smp_keys_check	16	static
C:/ncs/v2.2.0/zephyr/subsys/bluetooth/host/smp.c:3642:23:smp_find	16	static
C:/ncs/v2.2.0/zephyr/subsys/bluetooth/host/smp.c:757:13:update_keys_check	24	static
C:/ncs/v2.2.0/zephyr/subsys/bluetooth/host/smp.c:2841:16:remote_sec_level_reachable	8	static
C:/ncs/v2.2.0/zephyr/subsys/bluetooth/host/smp.c:305:38:latch_auth_cb	0	static
C:/ncs/v2.2.0/zephyr/subsys/bluetooth/host/smp.c:312:16:get_io_capa	8	static
C:/ncs/v2.2.0/zephyr/subsys/bluetooth/host/smp.c:2814:16:get_auth	8	static
C:/ncs/v2.2.0/zephyr/subsys/bluetooth/host/smp.c:2372:16:legacy_get_pair_method	16	static
C:/ncs/v2.2.0/zephyr/subsys/bluetooth/host/smp.c:394:16:get_pair_method	16	static
C:/ncs/v2.2.0/zephyr/subsys/bluetooth/host/smp.c:2877:13:sec_level_reachable	16	static
C:/ncs/v2.2.0/zephyr/subsys/bluetooth/host/smp.c:1833:13:smp_reset	16	static
C:/ncs/v2.2.0/zephyr/subsys/bluetooth/host/smp.c:544:12:smp_d1	8	static
C:/ncs/v2.2.0/zephyr/subsys/bluetooth/host/smp.c:2354:12:smp_s1	8	static
C:/ncs/v2.2.0/zephyr/include/zephyr/sys/atomic.h:152:20:atomic_test_and_clear_bit	4	static
C:/ncs/v2.2.0/zephyr/subsys/bluetooth/host/smp.c:485:24:smp_create_pdu	16	static
C:/ncs/v2.2.0/zephyr/subsys/bluetooth/host/smp.c:1977:13:smp_send	24	static
C:/ncs/v2.2.0/zephyr/subsys/bluetooth/host/smp.c:3447:16:sc_smp_send_dhkey_check	16	static
C:/ncs/v2.2.0/zephyr/subsys/bluetooth/host/smp.c:2036:16:smp_send_pairing_random	16	static
C:/ncs/v2.2.0/zephyr/subsys/bluetooth/host/smp.c:2312:16:send_pairing_rsp	16	static
C:/ncs/v2.2.0/zephyr/subsys/bluetooth/host/smp.c:3191:16:sc_send_public_key	16	static
C:/ncs/v2.2.0/zephyr/subsys/bluetooth/host/smp.c:523:12:bt_smp_aes_cmac	280	static
C:/ncs/v2.2.0/zephyr/subsys/bluetooth/host/smp.c:563:12:smp_f4	112	static
C:/ncs/v2.2.0/zephyr/subsys/bluetooth/host/smp.c:2110:16:smp_send_pairing_confirm	72	dynamic,bounded
C:/ncs/v2.2.0/zephyr/subsys/bluetooth/host/smp.c:3679:16:sc_smp_check_confirm	104	dynamic,bounded
C:/ncs/v2.2.0/zephyr/subsys/bluetooth/host/smp.c:601:12:smp_f5	128	static
C:/ncs/v2.2.0/zephyr/subsys/bluetooth/host/smp.c:664:12:smp_f6	120	static
C:/ncs/v2.2.0/zephyr/subsys/bluetooth/host/smp.c:707:12:smp_g2	120	static
C:/ncs/v2.2.0/zephyr/subsys/bluetooth/host/smp.c:2064:12:smp_c1	56	static
C:/ncs/v2.2.0/zephyr/subsys/bluetooth/host/smp.c:2481:16:legacy_send_pairing_confirm	32	static
C:/ncs/v2.2.0/zephyr/subsys/bluetooth/host/smp.c:2612:16:legacy_pairing_confirm	16	static
C:/ncs/v2.2.0/zephyr/subsys/bluetooth/host/smp.c:3401:16:smp_pairing_confirm	64	dynamic,bounded
C:/ncs/v2.2.0/zephyr/subsys/bluetooth/host/smp.c:2535:16:legacy_pairing_random	80	static
C:/ncs/v2.2.0/zephyr/subsys/bluetooth/host/smp.c:3514:16:compute_and_check_and_send_periph_dhcheck	200	dynamic,bounded
C:/ncs/v2.2.0/zephyr/subsys/bluetooth/host/smp.c:4463:16:smp_dhkey_check	16	static
C:/ncs/v2.2.0/zephyr/subsys/bluetooth/host/smp.c:3605:16:smp_dhkey_ready	16	static
C:/ncs/v2.2.0/zephyr/subsys/bluetooth/host/smp.c:4265:16:display_passkey	16	static
C:/ncs/v2.2.0/zephyr/subsys/bluetooth/host/smp.c:3768:16:smp_pairing_random	72	dynamic,bounded
C:/ncs/v2.2.0/zephyr/subsys/bluetooth/host/smp.c:801:13:update_debug_keys_check	8	static
C:/ncs/v2.2.0/zephyr/subsys/bluetooth/host/smp.c:2781:12:smp_init	16	static
C:/ncs/v2.2.0/zephyr/subsys/bluetooth/host/smp.c:2995:12:smp_send_security_req	32	static
C:/ncs/v2.2.0/zephyr/subsys/bluetooth/host/smp.c:2165:13:legacy_distribute_keys	128	static
C:/ncs/v2.2.0/zephyr/subsys/bluetooth/host/smp.c:2231:16:bt_smp_distribute_keys	112	dynamic,bounded
C:/ncs/v2.2.0/zephyr/subsys/bluetooth/host/smp.c:3589:16:smp_dhkey_generate	40	static
C:/ncs/v2.2.0/zephyr/subsys/bluetooth/host/smp.c:4251:16:generate_dhkey	8	static
C:/ncs/v2.2.0/zephyr/subsys/bluetooth/host/smp.c:4294:16:smp_public_key_periph	88	dynamic,bounded
C:/ncs/v2.2.0/zephyr/subsys/bluetooth/host/smp.c:4350:16:smp_public_key	48	static
C:/ncs/v2.2.0/zephyr/subsys/bluetooth/host/smp.c:2410:16:legacy_request_tk	88	dynamic,bounded
C:/ncs/v2.2.0/zephyr/subsys/bluetooth/host/smp.c:2508:16:legacy_pairing_req	24	static
C:/ncs/v2.2.0/zephyr/subsys/bluetooth/host/smp.c:3060:16:smp_pairing_req	24	static
C:/ncs/v2.2.0/zephyr/subsys/bluetooth/host/smp.c:3934:16:smp_ident_info	64	dynamic,bounded
C:/ncs/v2.2.0/zephyr/subsys/bluetooth/host/smp.c:2666:16:smp_encrypt_info	64	dynamic,bounded
C:/ncs/v2.2.0/zephyr/subsys/bluetooth/host/smp.c:3958:16:smp_id_add_replace	48	static
C:/ncs/v2.2.0/zephyr/subsys/bluetooth/host/smp.c:4696:13:bt_smp_connected	16	static
C:/ncs/v2.2.0/zephyr/subsys/bluetooth/host/smp.c:2804:6:bt_set_bondable	0	static
C:/ncs/v2.2.0/zephyr/subsys/bluetooth/host/smp.c:2809:6:bt_set_oob_data_flag	0	static
C:/ncs/v2.2.0/zephyr/subsys/bluetooth/host/smp.c:2909:6:bt_smp_request_ltk	32	static
C:/ncs/v2.2.0/zephyr/subsys/bluetooth/host/smp.c:4987:5:bt_smp_sign_verify	0	static
C:/ncs/v2.2.0/zephyr/subsys/bluetooth/host/smp.c:4992:5:bt_smp_sign	0	static
C:/ncs/v2.2.0/zephyr/subsys/bluetooth/host/smp.c:4998:5:bt_smp_irk_get	32	static
C:/ncs/v2.2.0/zephyr/subsys/bluetooth/host/smp.c:5414:5:bt_smp_auth_cb_overlay	8	static
C:/ncs/v2.2.0/zephyr/subsys/bluetooth/host/smp.c:5557:5:bt_smp_le_oob_generate_sc_data	16	static
C:/ncs/v2.2.0/zephyr/subsys/bluetooth/host/smp.c:5674:5:bt_smp_le_oob_get_sc_data	16	static
C:/ncs/v2.2.0/zephyr/subsys/bluetooth/host/smp.c:5734:5:bt_smp_auth_pairing_confirm	16	static
C:/ncs/v2.2.0/zephyr/subsys/bluetooth/host/smp.c:5804:5:bt_smp_start_security	8	static
C:/ncs/v2.2.0/zephyr/subsys/bluetooth/host/smp.c:1885:13:smp_pairing_complete	24	static
C:/ncs/v2.2.0/zephyr/subsys/bluetooth/host/smp.c:1988:12:smp_error	64	static
C:/ncs/v2.2.0/zephyr/subsys/bluetooth/host/smp.c:2635:13:legacy_user_tk_entry	8	static
C:/ncs/v2.2.0/zephyr/subsys/bluetooth/host/smp.c:2658:13:legacy_passkey_entry	16	static
C:/ncs/v2.2.0/zephyr/subsys/bluetooth/host/smp.c:5527:5:bt_smp_le_oob_set_tk	16	static
C:/ncs/v2.2.0/zephyr/subsys/bluetooth/host/smp.c:5430:5:bt_smp_auth_passkey_entry	16	static
C:/ncs/v2.2.0/zephyr/subsys/bluetooth/host/smp.c:5477:5:bt_smp_auth_passkey_confirm	16	static
C:/ncs/v2.2.0/zephyr/subsys/bluetooth/host/smp.c:5618:12:le_sc_oob_pairing_continue	40	static
C:/ncs/v2.2.0/zephyr/subsys/bluetooth/host/smp.c:5648:5:bt_smp_le_oob_set_sc_data	16	static
C:/ncs/v2.2.0/zephyr/subsys/bluetooth/host/smp.c:5701:5:bt_smp_auth_cancel	56	dynamic,bounded
C:/ncs/v2.2.0/zephyr/subsys/bluetooth/host/smp.c:4588:12:bt_smp_recv	216	dynamic,bounded
C:/ncs/v2.2.0/zephyr/subsys/bluetooth/host/smp.c:3653:13:bt_smp_dhkey_ready	16	static
C:/ncs/v2.2.0/zephyr/subsys/bluetooth/host/smp.c:4652:13:bt_smp_pkey_ready	48	static
C:/ncs/v2.2.0/zephyr/subsys/bluetooth/host/smp.c:3998:16:smp_ident_addr_info	136	dynamic,bounded
C:/ncs/v2.2.0/zephyr/subsys/bluetooth/host/smp.c:2690:16:smp_central_ident	64	dynamic,bounded
C:/ncs/v2.2.0/zephyr/subsys/bluetooth/host/smp.c:3913:16:smp_pairing_failed	72	dynamic,bounded
C:/ncs/v2.2.0/zephyr/subsys/bluetooth/host/smp.c:4743:13:bt_smp_encrypt_change	24	static
C:/ncs/v2.2.0/zephyr/subsys/bluetooth/host/smp.c:829:13:smp_check_complete	8	static
C:/ncs/v2.2.0/zephyr/subsys/bluetooth/host/smp.c:870:13:smp_id_sent	8	static
C:/ncs/v2.2.0/zephyr/subsys/bluetooth/host/smp.c:2158:13:smp_ident_sent	8	static
C:/ncs/v2.2.0/zephyr/subsys/bluetooth/host/smp.c:4709:13:bt_smp_disconnected	16	static
C:/ncs/v2.2.0/zephyr/subsys/bluetooth/host/smp.c:1963:13:smp_timeout	48	static
C:/ncs/v2.2.0/zephyr/subsys/bluetooth/host/smp.c:5856:6:bt_smp_update_keys	64	dynamic,bounded
C:/ncs/v2.2.0/zephyr/subsys/bluetooth/host/smp.c:5980:5:bt_smp_init	8	static
