C:/ncs/v2.2.0/zephyr/drivers/timer/nrf_rtc_timer.c:57:17:counter_sub	0	static
C:/ncs/v2.2.0/zephyr/drivers/timer/nrf_rtc_timer.c:62:13:set_comparator	0	static
C:/ncs/v2.2.0/zephyr/drivers/timer/nrf_rtc_timer.c:67:17:get_comparator	0	static
C:/ncs/v2.2.0/zephyr/drivers/timer/nrf_rtc_timer.c:72:13:event_clear	0	static
C:/ncs/v2.2.0/zephyr/drivers/timer/nrf_rtc_timer.c:77:13:event_enable	0	static
C:/ncs/v2.2.0/zephyr/drivers/timer/nrf_rtc_timer.c:82:13:event_disable	0	static
C:/ncs/v2.2.0/zephyr/drivers/timer/nrf_rtc_timer.c:87:17:counter	0	static
C:/ncs/v2.2.0/zephyr/drivers/timer/nrf_rtc_timer.c:92:17:absolute_time_to_cc	0	static
C:/ncs/v2.2.0/zephyr/drivers/timer/nrf_rtc_timer.c:98:17:full_int_lock	0	static
C:/ncs/v2.2.0/zephyr/drivers/timer/nrf_rtc_timer.c:112:13:full_int_unlock	0	static
C:/ncs/v2.2.0/zephyr/drivers/timer/nrf_rtc_timer.c:144:13:compare_int_lock	8	static
C:/ncs/v2.2.0/zephyr/drivers/timer/nrf_rtc_timer.c:439:13:channel_processing_check_and_clear	16	static
C:/ncs/v2.2.0/zephyr/drivers/timer/nrf_rtc_timer.c:164:13:compare_int_unlock	0	static
C:/ncs/v2.2.0/zephyr/drivers/timer/nrf_rtc_timer.c:230:17:set_absolute_alarm	24	static
C:/ncs/v2.2.0/zephyr/drivers/timer/nrf_rtc_timer.c:403:13:sys_clock_timeout_handler	32	static
C:/ncs/v2.2.0/zephyr/drivers/timer/nrf_rtc_timer.c:121:10:z_nrf_rtc_timer_compare_evt_address_get	8	static
C:/ncs/v2.2.0/zephyr/drivers/timer/nrf_rtc_timer.c:127:10:z_nrf_rtc_timer_capture_task_address_get	8	static
C:/ncs/v2.2.0/zephyr/drivers/timer/nrf_rtc_timer.c:157:6:z_nrf_rtc_timer_compare_int_lock	8	static
C:/ncs/v2.2.0/zephyr/drivers/timer/nrf_rtc_timer.c:175:6:z_nrf_rtc_timer_compare_int_unlock	8	static
C:/ncs/v2.2.0/zephyr/drivers/timer/nrf_rtc_timer.c:182:10:z_nrf_rtc_timer_compare_read	8	static
C:/ncs/v2.2.0/zephyr/drivers/timer/nrf_rtc_timer.c:338:6:z_nrf_rtc_timer_abort	16	static
C:/ncs/v2.2.0/zephyr/drivers/timer/nrf_rtc_timer.c:352:10:z_nrf_rtc_timer_read	16	static
C:/ncs/v2.2.0/zephyr/drivers/timer/nrf_rtc_timer.c:189:10:z_nrf_rtc_timer_get_ticks	32	static
C:/ncs/v2.2.0/zephyr/drivers/timer/nrf_rtc_timer.c:280:12:compare_set_nolocks	24	static
C:/ncs/v2.2.0/zephyr/drivers/timer/nrf_rtc_timer.c:314:12:compare_set	32	static
C:/ncs/v2.2.0/zephyr/drivers/timer/nrf_rtc_timer.c:329:5:z_nrf_rtc_timer_set	16	static
C:/ncs/v2.2.0/zephyr/drivers/timer/nrf_rtc_timer.c:601:12:sys_clock_driver_init	24	static
C:/ncs/v2.2.0/zephyr/drivers/timer/nrf_rtc_timer.c:462:13:process_channel	40	static
C:/ncs/v2.2.0/zephyr/drivers/timer/nrf_rtc_timer.c:507:6:rtc_nrf_isr	8	static
C:/ncs/v2.2.0/zephyr/drivers/timer/nrf_rtc_timer.c:522:9:z_nrf_rtc_timer_chan_alloc	4	static
C:/ncs/v2.2.0/zephyr/drivers/timer/nrf_rtc_timer.c:537:6:z_nrf_rtc_timer_chan_free	8	static
C:/ncs/v2.2.0/zephyr/drivers/timer/nrf_rtc_timer.c:545:6:sys_clock_set_timeout	16	static
C:/ncs/v2.2.0/zephyr/drivers/timer/nrf_rtc_timer.c:587:10:sys_clock_elapsed	8	static
C:/ncs/v2.2.0/zephyr/drivers/timer/nrf_rtc_timer.c:596:10:sys_clock_cycle_get_32	8	static
