C:/ncs/v2.2.0/zephyr/include/zephyr/drivers/pinctrl.h:342:19:pinctrl_apply_state	16	static
C:/ncs/v2.2.0/zephyr/drivers/i2c/i2c_nrfx_twim.c:267:12:i2c_nrfx_twim_recover_bus	16	static
C:/ncs/v2.2.0/zephyr/drivers/i2c/i2c_nrfx_twim.c:235:12:i2c_nrfx_twim_configure	40	static
C:/ncs/v2.2.0/zephyr/drivers/i2c/i2c_nrfx_twim.c:43:12:i2c_nrfx_twim_transfer	256	dynamic,bounded
C:/ncs/v2.2.0/zephyr/drivers/i2c/i2c_nrfx_twim.c:213:13:event_handler	8	static
C:/ncs/v2.2.0/zephyr/drivers/i2c/i2c_nrfx_twim.c:462:1:irq_connect1	8	static
C:/ncs/v2.2.0/zephyr/drivers/i2c/i2c_nrfx_twim.c:348:12:i2c_nrfx_twim_init	64	dynamic,bounded
