C:/ncs/v2.2.0/zephyr/include/zephyr/drivers/gpio.h:1410:19:gpio_add_callback	8	static
../src/drivers/cs47l63_comm.c:67:13:notification_callback	0	static
../src/drivers/cs47l63_comm.c:251:17:cs47l63_comm_set_supply	0	static
C:/ncs/v2.2.0/zephyr/include/zephyr/drivers/gpio.h:691:19:z_impl_gpio_pin_configure	16	static
C:/ncs/v2.2.0/zephyr/include/zephyr/drivers/gpio.h:755:19:gpio_pin_configure_dt	8	static
C:/ncs/v2.2.0/zephyr/include/zephyr/drivers/gpio.h:606:19:z_impl_gpio_pin_interrupt_configure	16	static
../src/drivers/cs47l63_comm.c:217:17:cs47l63_comm_gpio_cb_register	8	static
C:/ncs/v2.2.0/zephyr/include/zephyr/drivers/gpio.h:1271:19:gpio_pin_set_raw	8	static
../src/drivers/cs47l63_comm.c:313:13:cs47l63_comm_thread	48	static
../src/drivers/cs47l63_comm.c:306:17:cs47l63_comm_spi_restore_speed	40	static
../src/drivers/cs47l63_comm.c:300:17:cs47l63_comm_spi_throttle_speed	40	static
../src/drivers/cs47l63_comm.c:294:17:cs47l63_comm_disable_irq	40	static
../src/drivers/cs47l63_comm.c:288:17:cs47l63_comm_enable_irq	40	static
../src/drivers/cs47l63_comm.c:280:17:cs47l63_comm_i2c_db_write	40	static
../src/drivers/cs47l63_comm.c:273:17:cs47l63_comm_i2c_write	40	static
../src/drivers/cs47l63_comm.c:264:17:cs47l63_comm_i2c_read_repeated_start	40	static
../src/drivers/cs47l63_comm.c:258:17:cs47l63_comm_i2c_reset	40	static
../src/drivers/cs47l63_comm.c:197:17:cs47l63_comm_gpio_set	56	dynamic,bounded
../src/drivers/cs47l63_comm.c:75:13:spi_mutex_lock	128	dynamic,bounded
../src/drivers/cs47l63_comm.c:92:13:spi_mutex_unlock	88	dynamic,bounded
../src/drivers/cs47l63_comm.c:157:17:cs47l63_comm_reg_write	128	dynamic,bounded
../src/drivers/cs47l63_comm.c:120:17:cs47l63_comm_reg_read	128	dynamic,bounded
C:/ncs/v2.2.0/zephyr/include/zephyr/kernel.h:439:23:k_msleep	8	static
../src/drivers/cs47l63_comm.c:239:17:cs47l63_comm_timer_set	40	static
../src/drivers/cs47l63_comm.c:107:13:cs47l63_comm_pin_int_handler	96	dynamic,bounded
../src/drivers/cs47l63_comm.c:333:5:cs47l63_comm_init	328	dynamic,bounded
