../src/drivers/ina231.c:61:12:reg_write	32	static
../src/drivers/ina231.c:28:12:reg_read	56	static
../src/drivers/ina231.c:90:5:ina231_open	0	static
../src/drivers/ina231.c:101:5:ina231_close	0	static
../src/drivers/ina231.c:112:5:ina231_reset	56	dynamic,bounded
../src/drivers/ina231.c:140:5:ina231_config_set	8	static
../src/drivers/ina231.c:157:5:ina231_config_get	16	static
../src/drivers/ina231.c:184:5:ina231_shunt_voltage_reg_get	8	static
../src/drivers/ina231.c:189:5:ina231_bus_voltage_reg_get	8	static
../src/drivers/ina231.c:194:5:ina231_power_reg_get	8	static
../src/drivers/ina231.c:199:5:ina231_current_reg_get	8	static
../src/drivers/ina231.c:204:5:ina231_calibration_set	8	static
../src/drivers/ina231.c:209:5:ina231_calibration_get	8	static
../src/drivers/ina231.c:214:5:ina231_mask_enable_set	8	static
../src/drivers/ina231.c:219:5:ina231_mask_enable_get	8	static
../src/drivers/ina231.c:224:5:ina231_alert_limit_set	8	static
../src/drivers/ina231.c:229:5:ina231_alert_limit_get	8	static
../src/drivers/ina231.c:234:7:conv_time_enum_to_sec	88	dynamic,bounded
../src/drivers/ina231.c:262:10:average_enum_to_int	88	dynamic,bounded
