C:/ncs/v2.2.0/zephyr/include/zephyr/drivers/mbox.h:268:19:z_impl_mbox_send	8	static
C:/ncs/v2.2.0/zephyr/include/zephyr/drivers/mbox.h:294:19:mbox_register_callback	8	static
C:/ncs/v2.2.0/zephyr/include/zephyr/drivers/mbox.h:366:19:z_impl_mbox_set_enabled	8	static
C:/ncs/v2.2.0/zephyr/subsys/ipc/ipc_service/backends/ipc_rpmsg_static_vrings.h:146:22:shm_size	0	static
C:/ncs/v2.2.0/zephyr/subsys/ipc/ipc_service/backends/ipc_rpmsg_static_vrings.c:267:13:virtio_notify_cb	8	static
C:/ncs/v2.2.0/zephyr/subsys/ipc/ipc_service/backends/ipc_rpmsg_static_vrings.c:621:12:get_tx_buffer_size	0	static
C:/ncs/v2.2.0/zephyr/subsys/ipc/ipc_service/backends/ipc_rpmsg_static_vrings.c:711:12:drop_tx_buffer	0	static
C:/ncs/v2.2.0/zephyr/subsys/ipc/ipc_service/backends/ipc_rpmsg_static_vrings.c:694:12:release_rx_buffer	8	static
C:/ncs/v2.2.0/zephyr/subsys/ipc/ipc_service/backends/ipc_rpmsg_static_vrings.c:677:12:hold_rx_buffer	8	static
C:/ncs/v2.2.0/zephyr/subsys/ipc/ipc_service/backends/ipc_rpmsg_static_vrings.c:490:12:send_nocopy	16	static
C:/ncs/v2.2.0/zephyr/subsys/ipc/ipc_service/backends/ipc_rpmsg_static_vrings.c:628:12:get_tx_buffer	24	static
C:/ncs/v2.2.0/zephyr/subsys/ipc/ipc_service/backends/ipc_rpmsg_static_vrings.c:65:13:rpmsg_service_unbind	8	static
C:/ncs/v2.2.0/zephyr/subsys/ipc/ipc_service/backends/ipc_rpmsg_static_vrings.c:432:12:deregister_ept	8	static
C:/ncs/v2.2.0/zephyr/subsys/ipc/ipc_service/backends/ipc_rpmsg_static_vrings.c:781:12:shared_memory_prepare	56	static
C:/ncs/v2.2.0/zephyr/subsys/ipc/ipc_service/backends/ipc_rpmsg_static_vrings.c:70:30:get_ept_slot_with_name	16	static
C:/ncs/v2.2.0/zephyr/subsys/ipc/ipc_service/backends/ipc_rpmsg_static_vrings.c:86:30:get_available_ept_slot	8	static
C:/ncs/v2.2.0/zephyr/subsys/ipc/ipc_service/backends/ipc_rpmsg_static_vrings.c:117:13:get_ept	16	static
C:/ncs/v2.2.0/zephyr/subsys/ipc/ipc_service/backends/ipc_rpmsg_static_vrings.c:91:13:check_endpoints_freed	16	static
C:/ncs/v2.2.0/zephyr/subsys/ipc/ipc_service/backends/ipc_rpmsg_static_vrings.c:139:13:advertise_ept	32	static
C:/ncs/v2.2.0/zephyr/subsys/ipc/ipc_service/backends/ipc_rpmsg_static_vrings.c:337:30:register_ept_on_host	32	static
C:/ncs/v2.2.0/zephyr/subsys/ipc/ipc_service/backends/ipc_rpmsg_static_vrings.c:159:13:ns_bind_cb	32	static
C:/ncs/v2.2.0/zephyr/subsys/ipc/ipc_service/backends/ipc_rpmsg_static_vrings.c:375:30:register_ept_on_remote	16	static
C:/ncs/v2.2.0/zephyr/subsys/ipc/ipc_service/backends/ipc_rpmsg_static_vrings.c:401:12:register_ept	8	static
C:/ncs/v2.2.0/modules/lib/open-amp/open-amp/lib/include/openamp/rpmsg.h:158:19:rpmsg_send	16	static
C:/ncs/v2.2.0/zephyr/subsys/ipc/ipc_service/backends/ipc_rpmsg_static_vrings.c:456:12:send	8	static
C:/ncs/v2.2.0/zephyr/subsys/ipc/ipc_service/backends/ipc_rpmsg_static_vrings.c:202:13:bound_cb	8	static
C:/ncs/v2.2.0/zephyr/subsys/ipc/ipc_service/backends/ipc_rpmsg_static_vrings.c:211:12:ept_cb	8	static
C:/ncs/v2.2.0/zephyr/subsys/ipc/ipc_service/backends/ipc_rpmsg_static_vrings.c:317:12:mbox_deinit	16	static
C:/ncs/v2.2.0/zephyr/subsys/ipc/ipc_service/backends/ipc_rpmsg_static_vrings.c:577:12:close	24	static
C:/ncs/v2.2.0/zephyr/subsys/ipc/ipc_service/backends/ipc_rpmsg_static_vrings.c:244:12:vr_shm_configure	24	static
C:/ncs/v2.2.0/zephyr/subsys/ipc/ipc_service/backends/ipc_rpmsg_static_vrings.c:295:12:mbox_init	32	static
C:/ncs/v2.2.0/zephyr/subsys/ipc/ipc_service/backends/ipc_rpmsg_static_vrings.c:516:12:open	48	static
C:/ncs/v2.2.0/zephyr/subsys/ipc/ipc_service/backends/ipc_rpmsg_static_vrings.c:287:13:mbox_callback	8	static
C:/ncs/v2.2.0/zephyr/subsys/ipc/ipc_service/backends/ipc_rpmsg_static_vrings.c:276:13:mbox_callback_process	8	static
C:/ncs/v2.2.0/zephyr/subsys/ipc/ipc_service/backends/ipc_rpmsg_static_vrings.c:732:12:backend_init	8	static
