C:/ncs/v2.2.0/zephyr/subsys/fs/fat_fs.c:28:12:translate_error	0	static
C:/ncs/v2.2.0/zephyr/subsys/fs/fat_fs.c:67:16:translate_flags	0	static
C:/ncs/v2.2.0/zephyr/subsys/fs/fat_fs.c:232:14:fatfs_tell	0	static
C:/ncs/v2.2.0/zephyr/subsys/fs/fat_fs.c:483:12:fatfs_init	8	static
C:/ncs/v2.2.0/zephyr/subsys/fs/fat_fs.c:380:12:fatfs_statvfs	16	static
C:/ncs/v2.2.0/zephyr/subsys/fs/fat_fs.c:363:12:fatfs_stat	304	static
C:/ncs/v2.2.0/zephyr/subsys/fs/fat_fs.c:299:12:fatfs_mkdir	8	static
C:/ncs/v2.2.0/zephyr/subsys/fs/fat_fs.c:123:12:fatfs_unlink	8	static
C:/ncs/v2.2.0/zephyr/subsys/fs/fat_fs.c:136:12:fatfs_rename	304	static
C:/ncs/v2.2.0/zephyr/subsys/fs/fat_fs.c:452:12:fatfs_unmount	8	static
C:/ncs/v2.2.0/zephyr/subsys/fs/fat_fs.c:413:12:fatfs_mount	536	static
C:/ncs/v2.2.0/zephyr/subsys/fs/fat_fs.c:351:12:fatfs_closedir	16	static
C:/ncs/v2.2.0/zephyr/subsys/fs/fat_fs.c:333:12:fatfs_readdir	304	static
C:/ncs/v2.2.0/zephyr/subsys/fs/fat_fs.c:311:12:fatfs_opendir	24	static
C:/ncs/v2.2.0/zephyr/subsys/fs/fat_fs.c:110:12:fatfs_close	16	static
C:/ncs/v2.2.0/zephyr/subsys/fs/fat_fs.c:288:12:fatfs_sync	8	static
C:/ncs/v2.2.0/zephyr/subsys/fs/fat_fs.c:204:12:fatfs_seek	8	static
C:/ncs/v2.2.0/zephyr/subsys/fs/fat_fs.c:237:12:fatfs_truncate	24	static
C:/ncs/v2.2.0/zephyr/subsys/fs/fat_fs.c:172:16:fatfs_write	24	static
C:/ncs/v2.2.0/zephyr/subsys/fs/fat_fs.c:159:16:fatfs_read	16	static
C:/ncs/v2.2.0/zephyr/subsys/fs/fat_fs.c:84:12:fatfs_open	32	static
