C:/ncs/v2.2.0/zephyr/subsys/shell/shell.c:50:13:cmd_buffer_clear	0	static
C:/ncs/v2.2.0/zephyr/subsys/shell/shell.c:409:15:str_common	4	static
C:/ncs/v2.2.0/zephyr/subsys/shell/shell.c:568:13:active_cmd_prepare	12	static
C:/ncs/v2.2.0/zephyr/subsys/shell/shell.c:591:13:wildcard_check_report	0	static
C:/ncs/v2.2.0/zephyr/subsys/shell/shell.c:936:13:process_nl	0	static
C:/ncs/v2.2.0/zephyr/subsys/shell/shell.c:78:12:cmd_precheck	8	static
C:/ncs/v2.2.0/zephyr/subsys/shell/shell.c:1160:13:shell_log_process	24	static
C:/ncs/v2.2.0/zephyr/subsys/shell/shell.c:164:13:history_purge	8	static
C:/ncs/v2.2.0/zephyr/subsys/shell/shell.c:1248:12:instance_uninit	16	static
C:/ncs/v2.2.0/zephyr/subsys/shell/shell_ops.h:198:20:z_flag_print_noinit_set	0	static
C:/ncs/v2.2.0/zephyr/subsys/shell/shell.c:96:20:state_set	8	static
C:/ncs/v2.2.0/zephyr/subsys/shell/shell_ops.h:136:20:z_flag_tx_rdy_set	0	static
C:/ncs/v2.2.0/zephyr/subsys/shell/shell_ops.h:175:20:z_flag_cmd_ctx_set	0	static
C:/ncs/v2.2.0/zephyr/subsys/shell/shell_ops.h:162:20:z_flag_history_exit_set	0	static
C:/ncs/v2.2.0/zephyr/subsys/shell/shell_ops.h:58:20:z_flag_insert_mode_set	0	static
C:/ncs/v2.2.0/zephyr/subsys/shell/shell_ops.h:123:20:z_flag_processing_set	0	static
C:/ncs/v2.2.0/zephyr/subsys/shell/shell_ops.h:71:20:z_flag_use_colors_set	0	static
C:/ncs/v2.2.0/zephyr/subsys/shell/shell_ops.h:97:20:z_flag_echo_set	0	static
C:/ncs/v2.2.0/zephyr/subsys/shell/shell_ops.h:110:20:z_flag_obscure_set	0	static
C:/ncs/v2.2.0/zephyr/subsys/shell/shell_ops.h:149:20:z_flag_mode_delete_set	0	static
C:/ncs/v2.2.0/zephyr/subsys/shell/shell.c:1293:13:kill_handler	8	static
C:/ncs/v2.2.0/zephyr/subsys/shell/shell.c:1277:13:shell_signal_handle	24	static
C:/ncs/v2.2.0/zephyr/subsys/shell/shell.c:1149:13:transport_evt_handler	8	static
C:/ncs/v2.2.0/zephyr/subsys/shell/shell.c:155:13:history_init	8	static
C:/ncs/v2.2.0/zephyr/subsys/shell/shell.c:1191:12:instance_init	24	static
C:/ncs/v2.2.0/zephyr/subsys/shell/shell_ops.h:18:20:z_shell_raw_fprintf	12	static
C:/ncs/v2.2.0/zephyr/subsys/shell/shell_ops.h:222:20:z_clear_eos	8	static
C:/ncs/v2.2.0/zephyr/subsys/shell/shell.c:173:13:history_mode_exit	8	static
C:/ncs/v2.2.0/zephyr/subsys/shell/shell.c:183:13:history_put	8	static
C:/ncs/v2.2.0/zephyr/subsys/shell/shell.c:57:13:shell_internal_help_print	8	static
C:/ncs/v2.2.0/zephyr/subsys/shell/shell.c:515:12:exec_cmd	24	static
C:/ncs/v2.2.0/zephyr/subsys/shell/shell.c:624:12:execute	184	static
C:/ncs/v2.2.0/zephyr/subsys/shell/shell.c:251:13:tab_prepare	32	static
C:/ncs/v2.2.0/zephyr/subsys/shell/shell.c:323:13:find_completion_candidates	64	static
C:/ncs/v2.2.0/zephyr/subsys/shell/shell.c:354:13:autocomplete	24	static
C:/ncs/v2.2.0/zephyr/subsys/shell/shell.c:127:13:tab_item_print	32	static
C:/ncs/v2.2.0/zephyr/subsys/shell/shell.c:423:13:tab_options_print	40	static
C:/ncs/v2.2.0/zephyr/subsys/shell/shell.c:455:17:common_beginning_find	72	static
C:/ncs/v2.2.0/zephyr/subsys/shell/shell.c:495:13:partial_autocomplete	40	static
C:/ncs/v2.2.0/zephyr/subsys/shell/shell.c:804:13:tab_handle	152	static
C:/ncs/v2.2.0/zephyr/subsys/shell/shell.c:837:13:alt_metakeys_handle	8	static
C:/ncs/v2.2.0/zephyr/subsys/shell/shell.c:192:13:history_handle	24	static
C:/ncs/v2.2.0/zephyr/subsys/shell/shell.c:863:13:ctrl_metakeys_handle	8	static
C:/ncs/v2.2.0/zephyr/subsys/shell/shell.c:958:13:state_collect	40	static
C:/ncs/v2.2.0/zephyr/subsys/shell/shell.c:1455:6:shell_process	8	static
C:/ncs/v2.2.0/zephyr/subsys/shell/shell.c:1360:5:shell_init	48	static
C:/ncs/v2.2.0/zephyr/subsys/shell/shell.c:1389:6:shell_uninit	8	static
C:/ncs/v2.2.0/zephyr/subsys/shell/shell.c:1413:5:shell_start	8	static
C:/ncs/v2.2.0/zephyr/subsys/shell/shell.c:1305:6:shell_thread	16	static
C:/ncs/v2.2.0/zephyr/subsys/shell/shell.c:1438:5:shell_stop	8	static
C:/ncs/v2.2.0/zephyr/subsys/shell/shell.c:1483:6:shell_vfprintf	24	static
C:/ncs/v2.2.0/zephyr/subsys/shell/shell.c:1515:6:shell_fprintf	16	static
C:/ncs/v2.2.0/zephyr/subsys/shell/shell.c:1700:12:cmd_help	8	static
C:/ncs/v2.2.0/zephyr/subsys/shell/shell.c:1525:6:shell_hexdump_line	24	static
C:/ncs/v2.2.0/zephyr/subsys/shell/shell.c:1567:6:shell_hexdump	24	static
C:/ncs/v2.2.0/zephyr/subsys/shell/shell.c:1584:5:shell_prompt_change	8	static
C:/ncs/v2.2.0/zephyr/subsys/shell/shell.c:1597:6:shell_help	8	static
C:/ncs/v2.2.0/zephyr/subsys/shell/shell.c:1604:5:shell_execute_cmd	16	static
C:/ncs/v2.2.0/zephyr/subsys/shell/shell.c:1641:5:shell_insert_mode_set	8	static
C:/ncs/v2.2.0/zephyr/subsys/shell/shell.c:1650:5:shell_use_colors_set	8	static
C:/ncs/v2.2.0/zephyr/subsys/shell/shell.c:1659:5:shell_echo_set	8	static
C:/ncs/v2.2.0/zephyr/subsys/shell/shell.c:1668:5:shell_obscure_set	8	static
C:/ncs/v2.2.0/zephyr/subsys/shell/shell.c:1677:5:shell_mode_delete_set	8	static
C:/ncs/v2.2.0/zephyr/subsys/shell/shell.c:1686:6:shell_set_bypass	8	static
C:/ncs/v2.2.0/zephyr/subsys/shell/shell.c:1693:6:shell_ready	8	static
