C:/ncs/v2.2.0/zephyr/arch/arm/core/aarch32/mpu/arm_mpu_v8_internal.h:137:13:mpu_init	0	static
C:/ncs/v2.2.0/zephyr/arch/arm/core/aarch32/mpu/arm_mpu_v8_internal.h:145:13:mpu_set_region	0	static
C:/ncs/v2.2.0/zephyr/arch/arm/core/aarch32/mpu/arm_mpu_v8_internal.h:157:13:region_init	8	static
C:/ncs/v2.2.0/zephyr/arch/arm/core/aarch32/mpu/arm_mpu_v8_internal.h:187:12:mpu_partition_is_valid	0	static
C:/ncs/v2.2.0/zephyr/arch/arm/core/aarch32/mpu/arm_mpu_v8_internal.h:283:20:mpu_region_get_conf	0	static
C:/ncs/v2.2.0/zephyr/arch/arm/core/aarch32/mpu/arm_mpu_v8_internal.h:231:19:get_region_index	16	static
C:/ncs/v2.2.0/zephyr/arch/arm/core/aarch32/mpu/arm_mpu_v8_internal.h:680:12:mpu_mark_areas_for_dynamic_regions	16	static
C:/ncs/v2.2.0/zephyr/arch/arm/core/aarch32/mpu/arm_mpu.c:57:12:region_allocate_and_init	64	dynamic,bounded
C:/ncs/v2.2.0/zephyr/arch/arm/core/aarch32/mpu/arm_mpu.c:79:12:mpu_configure_region	24	static
C:/ncs/v2.2.0/zephyr/arch/arm/core/aarch32/mpu/arm_mpu_v8_internal.h:518:12:mpu_configure_regions_and_partition	136	dynamic,bounded
C:/ncs/v2.2.0/zephyr/arch/arm/core/aarch32/mpu/arm_mpu_v8_internal.h:654:12:mpu_configure_static_mpu_regions	8	static
C:/ncs/v2.2.0/zephyr/arch/arm/core/aarch32/mpu/arm_mpu_v8_internal.h:738:12:mpu_configure_dynamic_mpu_regions	24	static
C:/ncs/v2.2.0/zephyr/arch/arm/core/aarch32/mpu/arm_mpu.c:180:6:arm_core_mpu_enable	0	static
C:/ncs/v2.2.0/zephyr/arch/arm/core/aarch32/mpu/arm_mpu.c:195:6:arm_core_mpu_disable	0	static
C:/ncs/v2.2.0/zephyr/arch/arm/core/aarch32/mpu/arm_mpu.c:271:6:arm_core_mpu_configure_static_mpu_regions	16	static
C:/ncs/v2.2.0/zephyr/arch/arm/core/aarch32/mpu/arm_mpu.c:287:6:arm_core_mpu_mark_areas_for_dynamic_regions	16	static
C:/ncs/v2.2.0/zephyr/arch/arm/core/aarch32/mpu/arm_mpu.c:303:6:arm_core_mpu_configure_dynamic_mpu_regions	16	static
C:/ncs/v2.2.0/zephyr/arch/arm/core/aarch32/mpu/arm_mpu.c:322:5:z_arm_mpu_init	16	static
