zephyr/include/generated/syscalls/sdhc.h:47:19:sdhc_request	8	static
zephyr/include/generated/syscalls/sdhc.h:72:19:sdhc_set_io	8	static
zephyr/include/generated/syscalls/sdhc.h:142:19:sdhc_card_busy	8	static
C:/ncs/v2.2.0/zephyr/subsys/sd/sd_utils.h:41:19:sd_retry	16	static
C:/ncs/v2.2.0/zephyr/subsys/sd/sdmmc.c:21:20:sdmmc_decode_csd	12	static
C:/ncs/v2.2.0/zephyr/subsys/sd/sdmmc.c:133:20:sdmmc_decode_scr	4	static
C:/ncs/v2.2.0/zephyr/subsys/sd/sdmmc.c:175:20:sdmmc_decode_cid	0	static
C:/ncs/v2.2.0/zephyr/subsys/sd/sdmmc.c:205:12:sdmmc_app_command	56	static
C:/ncs/v2.2.0/zephyr/subsys/sd/sdmmc.c:234:12:sdmmc_spi_send_ocr	48	static
C:/ncs/v2.2.0/zephyr/subsys/sd/sdmmc.c:393:12:sdmmc_spi_read_cxd	88	static
C:/ncs/v2.2.0/zephyr/subsys/sd/sdmmc.c:448:12:sdmmc_read_cid	48	static
C:/ncs/v2.2.0/zephyr/subsys/sd/sdmmc.c:503:12:sdmmc_read_csd	64	static
C:/ncs/v2.2.0/zephyr/subsys/sd/sdmmc.c:553:12:sdmmc_read_scr	96	static
C:/ncs/v2.2.0/zephyr/subsys/sd/sdmmc.c:606:12:sdmmc_set_blocklen	56	static
C:/ncs/v2.2.0/zephyr/subsys/sd/sdmmc.c:622:12:sdmmc_set_bus_width	56	static
C:/ncs/v2.2.0/zephyr/subsys/sd/sdmmc.c:677:12:sdmmc_switch	88	static
C:/ncs/v2.2.0/zephyr/subsys/sd/sdmmc.c:835:12:sdmmc_set_bus_speed	24	static
C:/ncs/v2.2.0/zephyr/subsys/sd/sdmmc.c:937:12:sdmmc_init_hs	8	static
C:/ncs/v2.2.0/zephyr/subsys/sd/sdmmc.c:1143:12:sdmmc_read_status	48	static
C:/ncs/v2.2.0/zephyr/subsys/sd/sdmmc.c:1333:12:sdmmc_query_written	80	static
C:/ncs/v2.2.0/zephyr/include/zephyr/kernel.h:439:23:k_msleep	8	static
C:/ncs/v2.2.0/zephyr/subsys/sd/sdmmc.c:250:12:sdmmc_send_ocr	56	static
C:/ncs/v2.2.0/zephyr/subsys/sd/sdmmc.c:1186:12:sdmmc_wait_ready	16	static
C:/ncs/v2.2.0/zephyr/subsys/sd/sdmmc.c:1372:12:sdmmc_write	88	static
C:/ncs/v2.2.0/zephyr/subsys/sd/sdmmc.c:1206:12:sdmmc_read	88	static
C:/ncs/v2.2.0/zephyr/subsys/sd/sdmmc.c:968:5:sdmmc_card_init	16	static
C:/ncs/v2.2.0/zephyr/subsys/sd/sdmmc.c:1263:5:sdmmc_read_blocks	24	static
C:/ncs/v2.2.0/zephyr/subsys/sd/sdmmc.c:1440:5:sdmmc_write_blocks	24	static
C:/ncs/v2.2.0/zephyr/subsys/sd/sdmmc.c:1507:5:sdmmc_ioctl	8	static
